

================================================================
== Vitis HLS Report for 'dft'
================================================================
* Date:           Fri Nov  7 00:36:48 2025

* Version:        2024.2 (Build 5238294 on Nov  8 2024)
* Project:        dft
* Solution:       hls (Vivado IP Flow Target)
* Product family: zynq
* Target device:  xc7z020-clg400-1


================================================================
== Performance Estimates
================================================================
+ Timing: 
    * Summary: 
    +--------+----------+----------+------------+
    |  Clock |  Target  | Estimated| Uncertainty|
    +--------+----------+----------+------------+
    |ap_clk  |  10.00 ns|  8.956 ns|     2.70 ns|
    +--------+----------+----------+------------+

+ Latency: 
    * Summary: 
    +---------+---------+-----------+-----------+------+------+---------+
    |  Latency (cycles) |   Latency (absolute)  |   Interval  | Pipeline|
    |   min   |   max   |    min    |    max    |  min |  max |   Type  |
    +---------+---------+-----------+-----------+------+------+---------+
    |     4150|     4150|  41.500 us|  41.500 us|  4151|  4151|       no|
    +---------+---------+-----------+-----------+------+------+---------+

    + Detail: 
        * Instance: 
        +--------------------------------------+----------------------------+---------+---------+-----------+-----------+------+------+------------------------------------------------+
        |                                      |                            |  Latency (cycles) |   Latency (absolute)  |   Interval  |                    Pipeline                    |
        |               Instance               |           Module           |   min   |   max   |    min    |    max    |  min |  max |                      Type                      |
        +--------------------------------------+----------------------------+---------+---------+-----------+-----------+------+------+------------------------------------------------+
        |grp_dft_Pipeline_loop_k_loop_n_fu_38  |dft_Pipeline_loop_k_loop_n  |     4113|     4113|  41.130 us|  41.130 us|  4100|  4100|  loop auto-rewind stp (delay=0 clock cycles(s))|
        |grp_dft_Pipeline_write_back_fu_54     |dft_Pipeline_write_back     |       34|       34|   0.340 us|   0.340 us|    33|    33|  loop auto-rewind stp (delay=0 clock cycles(s))|
        +--------------------------------------+----------------------------+---------+---------+-----------+-----------+------+------+------------------------------------------------+

        * Loop: 
        N/A



================================================================
== Utilization Estimates
================================================================
* Summary: 
+-----------------+---------+-----+--------+-------+-----+
|       Name      | BRAM_18K| DSP |   FF   |  LUT  | URAM|
+-----------------+---------+-----+--------+-------+-----+
|DSP              |        -|    -|       -|      -|    -|
|Expression       |        -|    -|       -|      -|    -|
|FIFO             |        -|    -|       -|      -|    -|
|Instance         |        4|    5|    1096|   1295|    -|
|Memory           |        2|    -|       0|      0|    0|
|Multiplexer      |        -|    -|       0|    173|    -|
|Register         |        -|    -|       6|      -|    -|
+-----------------+---------+-----+--------+-------+-----+
|Total            |        6|    5|    1102|   1468|    0|
+-----------------+---------+-----+--------+-------+-----+
|Available        |      280|  220|  106400|  53200|    0|
+-----------------+---------+-----+--------+-------+-----+
|Utilization (%)  |        2|    2|       1|      2|    0|
+-----------------+---------+-----+--------+-------+-----+

+ Detail: 
    * Instance: 
    +--------------------------------------+----------------------------+---------+----+------+------+-----+
    |               Instance               |           Module           | BRAM_18K| DSP|  FF  |  LUT | URAM|
    +--------------------------------------+----------------------------+---------+----+------+------+-----+
    |grp_dft_Pipeline_loop_k_loop_n_fu_38  |dft_Pipeline_loop_k_loop_n  |        4|   5|  1081|  1229|    0|
    |grp_dft_Pipeline_write_back_fu_54     |dft_Pipeline_write_back     |        0|   0|    15|    66|    0|
    +--------------------------------------+----------------------------+---------+----+------+------+-----+
    |Total                                 |                            |        4|   5|  1096|  1295|    0|
    +--------------------------------------+----------------------------+---------+----+------+------+-----+

    * DSP: 
    N/A

    * Memory: 
    +------------+------------------------+---------+---+----+-----+------+-----+------+-------------+
    |   Memory   |         Module         | BRAM_18K| FF| LUT| URAM| Words| Bits| Banks| W*Bits*Banks|
    +------------+------------------------+---------+---+----+-----+------+-----+------+-------------+
    |out_real_U  |out_real_RAM_AUTO_1R1W  |        1|  0|   0|    0|    32|   32|     1|         1024|
    |out_imag_U  |out_real_RAM_AUTO_1R1W  |        1|  0|   0|    0|    32|   32|     1|         1024|
    +------------+------------------------+---------+---+----+-----+------+-----+------+-------------+
    |Total       |                        |        2|  0|   0|    0|    64|   64|     2|         2048|
    +------------+------------------------+---------+---+----+-----+------+-----+------+-------------+

    * FIFO: 
    N/A

    * Expression: 
    N/A

    * Multiplexer: 
    +-------------------+----+-----------+-----+-----------+
    |        Name       | LUT| Input Size| Bits| Total Bits|
    +-------------------+----+-----------+-----+-----------+
    |XX_I_address0      |  14|          3|    5|         15|
    |XX_I_ce0           |  14|          3|    1|          3|
    |XX_I_we0           |   9|          2|    1|          2|
    |XX_R_address0      |  14|          3|    5|         15|
    |XX_R_ce0           |  14|          3|    1|          3|
    |XX_R_we0           |   9|          2|    1|          2|
    |ap_NS_fsm          |  25|          5|    1|          5|
    |out_imag_address0  |  14|          3|    5|         15|
    |out_imag_ce0       |  14|          3|    1|          3|
    |out_imag_we0       |   9|          2|    1|          2|
    |out_real_address0  |  14|          3|    5|         15|
    |out_real_ce0       |  14|          3|    1|          3|
    |out_real_we0       |   9|          2|    1|          2|
    +-------------------+----+-----------+-----+-----------+
    |Total              | 173|         37|   29|         85|
    +-------------------+----+-----------+-----+-----------+

    * Register: 
    +---------------------------------------------------+---+----+-----+-----------+
    |                        Name                       | FF| LUT| Bits| Const Bits|
    +---------------------------------------------------+---+----+-----+-----------+
    |ap_CS_fsm                                          |  4|   0|    4|          0|
    |grp_dft_Pipeline_loop_k_loop_n_fu_38_ap_start_reg  |  1|   0|    1|          0|
    |grp_dft_Pipeline_write_back_fu_54_ap_start_reg     |  1|   0|    1|          0|
    +---------------------------------------------------+---+----+-----+-----------+
    |Total                                              |  6|   0|    6|          0|
    +---------------------------------------------------+---+----+-----+-----------+



================================================================
== Interface
================================================================
* Summary: 
+---------------+-----+-----+------------+--------------+--------------+
|   RTL Ports   | Dir | Bits|  Protocol  | Source Object|    C Type    |
+---------------+-----+-----+------------+--------------+--------------+
|ap_clk         |   in|    1|  ap_ctrl_hs|           dft|  return value|
|ap_rst         |   in|    1|  ap_ctrl_hs|           dft|  return value|
|ap_start       |   in|    1|  ap_ctrl_hs|           dft|  return value|
|ap_done        |  out|    1|  ap_ctrl_hs|           dft|  return value|
|ap_idle        |  out|    1|  ap_ctrl_hs|           dft|  return value|
|ap_ready       |  out|    1|  ap_ctrl_hs|           dft|  return value|
|XX_R_address0  |  out|    5|   ap_memory|          XX_R|         array|
|XX_R_ce0       |  out|    1|   ap_memory|          XX_R|         array|
|XX_R_we0       |  out|    1|   ap_memory|          XX_R|         array|
|XX_R_d0        |  out|   32|   ap_memory|          XX_R|         array|
|XX_R_q0        |   in|   32|   ap_memory|          XX_R|         array|
|XX_I_address0  |  out|    5|   ap_memory|          XX_I|         array|
|XX_I_ce0       |  out|    1|   ap_memory|          XX_I|         array|
|XX_I_we0       |  out|    1|   ap_memory|          XX_I|         array|
|XX_I_d0        |  out|   32|   ap_memory|          XX_I|         array|
|XX_I_q0        |   in|   32|   ap_memory|          XX_I|         array|
+---------------+-----+-----+------------+--------------+--------------+

