

================================================================
== Vitis HLS Report for 'dft'
================================================================
* Date:           Fri Nov  7 02:13:55 2025

* Version:        2024.2 (Build 5238294 on Nov  8 2024)
* Project:        dft
* Solution:       hls (Vivado IP Flow Target)
* Product family: zynq
* Target device:  xc7z020-clg400-1


================================================================
== Performance Estimates
================================================================
+ Timing: 
    * Summary: 
    +--------+----------+----------+------------+
    |  Clock |  Target  | Estimated| Uncertainty|
    +--------+----------+----------+------------+
    |ap_clk  |  10.00 ns|  7.256 ns|     2.70 ns|
    +--------+----------+----------+------------+

+ Latency: 
    * Summary: 
    +---------+---------+----------+----------+-----+-----+---------+
    |  Latency (cycles) |  Latency (absolute) |  Interval | Pipeline|
    |   min   |   max   |    min   |    max   | min | max |   Type  |
    +---------+---------+----------+----------+-----+-----+---------+
    |      242|      242|  2.420 us|  2.420 us|  243|  243|       no|
    +---------+---------+----------+----------+-----+-----+---------+

    + Detail: 
        * Instance: 
        +-------------------------------------+-------------------------+---------+---------+----------+----------+-----+-----+------------------------------------------------+
        |                                     |                         |  Latency (cycles) |  Latency (absolute) |  Interval |                    Pipeline                    |
        |               Instance              |          Module         |   min   |   max   |    min   |    max   | min | max |                      Type                      |
        +-------------------------------------+-------------------------+---------+---------+----------+----------+-----+-----+------------------------------------------------+
        |grp_dft_Pipeline_loop_k_fu_1208      |dft_Pipeline_loop_k      |      204|      204|  2.040 us|  2.040 us|   33|   33|  loop auto-rewind stp (delay=0 clock cycles(s))|
        |grp_dft_Pipeline_write_back_fu_1436  |dft_Pipeline_write_back  |       34|       34|  0.340 us|  0.340 us|   33|   33|  loop auto-rewind stp (delay=0 clock cycles(s))|
        +-------------------------------------+-------------------------+---------+---------+----------+----------+-----+-----+------------------------------------------------+

        * Loop: 
        N/A



================================================================
== Utilization Estimates
================================================================
* Summary: 
+-----------------+---------+-----+--------+-------+-----+
|       Name      | BRAM_18K| DSP |   FF   |  LUT  | URAM|
+-----------------+---------+-----+--------+-------+-----+
|DSP              |        -|    -|       -|      -|    -|
|Expression       |        -|    -|       -|      -|    -|
|FIFO             |        -|    -|       -|      -|    -|
|Instance         |       64|  640|   55478|  91430|    -|
|Memory           |        0|    -|    1024|     32|    0|
|Multiplexer      |        -|    -|       0|   2079|    -|
|Register         |        -|    -|    2055|      -|    -|
+-----------------+---------+-----+--------+-------+-----+
|Total            |       64|  640|   58557|  93541|    0|
+-----------------+---------+-----+--------+-------+-----+
|Available        |      280|  220|  106400|  53200|    0|
+-----------------+---------+-----+--------+-------+-----+
|Utilization (%)  |       22|  290|      55|    175|    0|
+-----------------+---------+-----+--------+-------+-----+

+ Detail: 
    * Instance: 
    +-------------------------------------+-------------------------+---------+-----+-------+-------+-----+
    |               Instance              |          Module         | BRAM_18K| DSP |   FF  |  LUT  | URAM|
    +-------------------------------------+-------------------------+---------+-----+-------+-------+-----+
    |grp_dft_Pipeline_loop_k_fu_1208      |dft_Pipeline_loop_k      |       64|  640|  55464|  91234|    0|
    |grp_dft_Pipeline_write_back_fu_1436  |dft_Pipeline_write_back  |        0|    0|     14|    196|    0|
    +-------------------------------------+-------------------------+---------+-----+-------+-------+-----+
    |Total                                |                         |       64|  640|  55478|  91430|    0|
    +-------------------------------------+-------------------------+---------+-----+-------+-------+-----+

    * DSP: 
    N/A

    * Memory: 
    +---------------+------------------------+---------+----+----+-----+------+-----+------+-------------+
    |     Memory    |         Module         | BRAM_18K| FF | LUT| URAM| Words| Bits| Banks| W*Bits*Banks|
    +---------------+------------------------+---------+----+----+-----+------+-----+------+-------------+
    |out_real_U     |out_real_RAM_AUTO_1R1W  |        0|  32|   1|    0|     2|   32|     1|           64|
    |out_real_1_U   |out_real_RAM_AUTO_1R1W  |        0|  32|   1|    0|     2|   32|     1|           64|
    |out_real_2_U   |out_real_RAM_AUTO_1R1W  |        0|  32|   1|    0|     2|   32|     1|           64|
    |out_real_3_U   |out_real_RAM_AUTO_1R1W  |        0|  32|   1|    0|     2|   32|     1|           64|
    |out_real_4_U   |out_real_RAM_AUTO_1R1W  |        0|  32|   1|    0|     2|   32|     1|           64|
    |out_real_5_U   |out_real_RAM_AUTO_1R1W  |        0|  32|   1|    0|     2|   32|     1|           64|
    |out_real_6_U   |out_real_RAM_AUTO_1R1W  |        0|  32|   1|    0|     2|   32|     1|           64|
    |out_real_7_U   |out_real_RAM_AUTO_1R1W  |        0|  32|   1|    0|     2|   32|     1|           64|
    |out_real_8_U   |out_real_RAM_AUTO_1R1W  |        0|  32|   1|    0|     2|   32|     1|           64|
    |out_real_9_U   |out_real_RAM_AUTO_1R1W  |        0|  32|   1|    0|     2|   32|     1|           64|
    |out_real_10_U  |out_real_RAM_AUTO_1R1W  |        0|  32|   1|    0|     2|   32|     1|           64|
    |out_real_11_U  |out_real_RAM_AUTO_1R1W  |        0|  32|   1|    0|     2|   32|     1|           64|
    |out_real_12_U  |out_real_RAM_AUTO_1R1W  |        0|  32|   1|    0|     2|   32|     1|           64|
    |out_real_13_U  |out_real_RAM_AUTO_1R1W  |        0|  32|   1|    0|     2|   32|     1|           64|
    |out_real_14_U  |out_real_RAM_AUTO_1R1W  |        0|  32|   1|    0|     2|   32|     1|           64|
    |out_real_15_U  |out_real_RAM_AUTO_1R1W  |        0|  32|   1|    0|     2|   32|     1|           64|
    |out_imag_U     |out_real_RAM_AUTO_1R1W  |        0|  32|   1|    0|     2|   32|     1|           64|
    |out_imag_1_U   |out_real_RAM_AUTO_1R1W  |        0|  32|   1|    0|     2|   32|     1|           64|
    |out_imag_2_U   |out_real_RAM_AUTO_1R1W  |        0|  32|   1|    0|     2|   32|     1|           64|
    |out_imag_3_U   |out_real_RAM_AUTO_1R1W  |        0|  32|   1|    0|     2|   32|     1|           64|
    |out_imag_4_U   |out_real_RAM_AUTO_1R1W  |        0|  32|   1|    0|     2|   32|     1|           64|
    |out_imag_5_U   |out_real_RAM_AUTO_1R1W  |        0|  32|   1|    0|     2|   32|     1|           64|
    |out_imag_6_U   |out_real_RAM_AUTO_1R1W  |        0|  32|   1|    0|     2|   32|     1|           64|
    |out_imag_7_U   |out_real_RAM_AUTO_1R1W  |        0|  32|   1|    0|     2|   32|     1|           64|
    |out_imag_8_U   |out_real_RAM_AUTO_1R1W  |        0|  32|   1|    0|     2|   32|     1|           64|
    |out_imag_9_U   |out_real_RAM_AUTO_1R1W  |        0|  32|   1|    0|     2|   32|     1|           64|
    |out_imag_10_U  |out_real_RAM_AUTO_1R1W  |        0|  32|   1|    0|     2|   32|     1|           64|
    |out_imag_11_U  |out_real_RAM_AUTO_1R1W  |        0|  32|   1|    0|     2|   32|     1|           64|
    |out_imag_12_U  |out_real_RAM_AUTO_1R1W  |        0|  32|   1|    0|     2|   32|     1|           64|
    |out_imag_13_U  |out_real_RAM_AUTO_1R1W  |        0|  32|   1|    0|     2|   32|     1|           64|
    |out_imag_14_U  |out_real_RAM_AUTO_1R1W  |        0|  32|   1|    0|     2|   32|     1|           64|
    |out_imag_15_U  |out_real_RAM_AUTO_1R1W  |        0|  32|   1|    0|     2|   32|     1|           64|
    +---------------+------------------------+---------+----+----+-----+------+-----+------+-------------+
    |Total          |                        |        0|1024|  32|    0|    64| 1024|    32|         2048|
    +---------------+------------------------+---------+----+----+-----+------+-----+------+-------------+

    * FIFO: 
    N/A

    * Expression: 
    N/A

    * Multiplexer: 
    +----------------------+----+-----------+-----+-----------+
    |         Name         | LUT| Input Size| Bits| Total Bits|
    +----------------------+----+-----------+-----+-----------+
    |XX_I_0_address0       |   9|          2|    1|          2|
    |XX_I_0_ce0            |   9|          2|    1|          2|
    |XX_I_0_we0            |   9|          2|    1|          2|
    |XX_I_10_address0      |   9|          2|    1|          2|
    |XX_I_10_ce0           |   9|          2|    1|          2|
    |XX_I_10_we0           |   9|          2|    1|          2|
    |XX_I_11_address0      |   9|          2|    1|          2|
    |XX_I_11_ce0           |   9|          2|    1|          2|
    |XX_I_11_we0           |   9|          2|    1|          2|
    |XX_I_12_address0      |   9|          2|    1|          2|
    |XX_I_12_ce0           |   9|          2|    1|          2|
    |XX_I_12_we0           |   9|          2|    1|          2|
    |XX_I_13_address0      |   9|          2|    1|          2|
    |XX_I_13_ce0           |   9|          2|    1|          2|
    |XX_I_13_we0           |   9|          2|    1|          2|
    |XX_I_14_address0      |   9|          2|    1|          2|
    |XX_I_14_ce0           |   9|          2|    1|          2|
    |XX_I_14_we0           |   9|          2|    1|          2|
    |XX_I_15_address0      |   9|          2|    1|          2|
    |XX_I_15_ce0           |   9|          2|    1|          2|
    |XX_I_15_we0           |   9|          2|    1|          2|
    |XX_I_1_address0       |   9|          2|    1|          2|
    |XX_I_1_ce0            |   9|          2|    1|          2|
    |XX_I_1_we0            |   9|          2|    1|          2|
    |XX_I_2_address0       |   9|          2|    1|          2|
    |XX_I_2_ce0            |   9|          2|    1|          2|
    |XX_I_2_we0            |   9|          2|    1|          2|
    |XX_I_3_address0       |   9|          2|    1|          2|
    |XX_I_3_ce0            |   9|          2|    1|          2|
    |XX_I_3_we0            |   9|          2|    1|          2|
    |XX_I_4_address0       |   9|          2|    1|          2|
    |XX_I_4_ce0            |   9|          2|    1|          2|
    |XX_I_4_we0            |   9|          2|    1|          2|
    |XX_I_5_address0       |   9|          2|    1|          2|
    |XX_I_5_ce0            |   9|          2|    1|          2|
    |XX_I_5_we0            |   9|          2|    1|          2|
    |XX_I_6_address0       |   9|          2|    1|          2|
    |XX_I_6_ce0            |   9|          2|    1|          2|
    |XX_I_6_we0            |   9|          2|    1|          2|
    |XX_I_7_address0       |   9|          2|    1|          2|
    |XX_I_7_ce0            |   9|          2|    1|          2|
    |XX_I_7_we0            |   9|          2|    1|          2|
    |XX_I_8_address0       |   9|          2|    1|          2|
    |XX_I_8_ce0            |   9|          2|    1|          2|
    |XX_I_8_we0            |   9|          2|    1|          2|
    |XX_I_9_address0       |   9|          2|    1|          2|
    |XX_I_9_ce0            |   9|          2|    1|          2|
    |XX_I_9_we0            |   9|          2|    1|          2|
    |XX_R_0_address0       |   9|          2|    1|          2|
    |XX_R_0_ce0            |   9|          2|    1|          2|
    |XX_R_0_we0            |   9|          2|    1|          2|
    |XX_R_10_address0      |   9|          2|    1|          2|
    |XX_R_10_ce0           |   9|          2|    1|          2|
    |XX_R_10_we0           |   9|          2|    1|          2|
    |XX_R_11_address0      |   9|          2|    1|          2|
    |XX_R_11_ce0           |   9|          2|    1|          2|
    |XX_R_11_we0           |   9|          2|    1|          2|
    |XX_R_12_address0      |   9|          2|    1|          2|
    |XX_R_12_ce0           |   9|          2|    1|          2|
    |XX_R_12_we0           |   9|          2|    1|          2|
    |XX_R_13_address0      |   9|          2|    1|          2|
    |XX_R_13_ce0           |   9|          2|    1|          2|
    |XX_R_13_we0           |   9|          2|    1|          2|
    |XX_R_14_address0      |   9|          2|    1|          2|
    |XX_R_14_ce0           |   9|          2|    1|          2|
    |XX_R_14_we0           |   9|          2|    1|          2|
    |XX_R_15_address0      |   9|          2|    1|          2|
    |XX_R_15_ce0           |   9|          2|    1|          2|
    |XX_R_15_we0           |   9|          2|    1|          2|
    |XX_R_1_address0       |   9|          2|    1|          2|
    |XX_R_1_ce0            |   9|          2|    1|          2|
    |XX_R_1_we0            |   9|          2|    1|          2|
    |XX_R_2_address0       |   9|          2|    1|          2|
    |XX_R_2_ce0            |   9|          2|    1|          2|
    |XX_R_2_we0            |   9|          2|    1|          2|
    |XX_R_3_address0       |   9|          2|    1|          2|
    |XX_R_3_ce0            |   9|          2|    1|          2|
    |XX_R_3_we0            |   9|          2|    1|          2|
    |XX_R_4_address0       |   9|          2|    1|          2|
    |XX_R_4_ce0            |   9|          2|    1|          2|
    |XX_R_4_we0            |   9|          2|    1|          2|
    |XX_R_5_address0       |   9|          2|    1|          2|
    |XX_R_5_ce0            |   9|          2|    1|          2|
    |XX_R_5_we0            |   9|          2|    1|          2|
    |XX_R_6_address0       |   9|          2|    1|          2|
    |XX_R_6_ce0            |   9|          2|    1|          2|
    |XX_R_6_we0            |   9|          2|    1|          2|
    |XX_R_7_address0       |   9|          2|    1|          2|
    |XX_R_7_ce0            |   9|          2|    1|          2|
    |XX_R_7_we0            |   9|          2|    1|          2|
    |XX_R_8_address0       |   9|          2|    1|          2|
    |XX_R_8_ce0            |   9|          2|    1|          2|
    |XX_R_8_we0            |   9|          2|    1|          2|
    |XX_R_9_address0       |   9|          2|    1|          2|
    |XX_R_9_ce0            |   9|          2|    1|          2|
    |XX_R_9_we0            |   9|          2|    1|          2|
    |ap_NS_fsm             |  31|          6|    1|          6|
    |out_imag_10_address0  |  14|          3|    1|          3|
    |out_imag_10_ce0       |  14|          3|    1|          3|
    |out_imag_10_we0       |   9|          2|    1|          2|
    |out_imag_11_address0  |  14|          3|    1|          3|
    |out_imag_11_ce0       |  14|          3|    1|          3|
    |out_imag_11_we0       |   9|          2|    1|          2|
    |out_imag_12_address0  |  14|          3|    1|          3|
    |out_imag_12_ce0       |  14|          3|    1|          3|
    |out_imag_12_we0       |   9|          2|    1|          2|
    |out_imag_13_address0  |  14|          3|    1|          3|
    |out_imag_13_ce0       |  14|          3|    1|          3|
    |out_imag_13_we0       |   9|          2|    1|          2|
    |out_imag_14_address0  |  14|          3|    1|          3|
    |out_imag_14_ce0       |  14|          3|    1|          3|
    |out_imag_14_we0       |   9|          2|    1|          2|
    |out_imag_15_address0  |  14|          3|    1|          3|
    |out_imag_15_ce0       |  14|          3|    1|          3|
    |out_imag_15_we0       |   9|          2|    1|          2|
    |out_imag_1_address0   |  14|          3|    1|          3|
    |out_imag_1_ce0        |  14|          3|    1|          3|
    |out_imag_1_we0        |   9|          2|    1|          2|
    |out_imag_2_address0   |  14|          3|    1|          3|
    |out_imag_2_ce0        |  14|          3|    1|          3|
    |out_imag_2_we0        |   9|          2|    1|          2|
    |out_imag_3_address0   |  14|          3|    1|          3|
    |out_imag_3_ce0        |  14|          3|    1|          3|
    |out_imag_3_we0        |   9|          2|    1|          2|
    |out_imag_4_address0   |  14|          3|    1|          3|
    |out_imag_4_ce0        |  14|          3|    1|          3|
    |out_imag_4_we0        |   9|          2|    1|          2|
    |out_imag_5_address0   |  14|          3|    1|          3|
    |out_imag_5_ce0        |  14|          3|    1|          3|
    |out_imag_5_we0        |   9|          2|    1|          2|
    |out_imag_6_address0   |  14|          3|    1|          3|
    |out_imag_6_ce0        |  14|          3|    1|          3|
    |out_imag_6_we0        |   9|          2|    1|          2|
    |out_imag_7_address0   |  14|          3|    1|          3|
    |out_imag_7_ce0        |  14|          3|    1|          3|
    |out_imag_7_we0        |   9|          2|    1|          2|
    |out_imag_8_address0   |  14|          3|    1|          3|
    |out_imag_8_ce0        |  14|          3|    1|          3|
    |out_imag_8_we0        |   9|          2|    1|          2|
    |out_imag_9_address0   |  14|          3|    1|          3|
    |out_imag_9_ce0        |  14|          3|    1|          3|
    |out_imag_9_we0        |   9|          2|    1|          2|
    |out_imag_address0     |  14|          3|    1|          3|
    |out_imag_ce0          |  14|          3|    1|          3|
    |out_imag_we0          |   9|          2|    1|          2|
    |out_real_10_address0  |  14|          3|    1|          3|
    |out_real_10_ce0       |  14|          3|    1|          3|
    |out_real_10_we0       |   9|          2|    1|          2|
    |out_real_11_address0  |  14|          3|    1|          3|
    |out_real_11_ce0       |  14|          3|    1|          3|
    |out_real_11_we0       |   9|          2|    1|          2|
    |out_real_12_address0  |  14|          3|    1|          3|
    |out_real_12_ce0       |  14|          3|    1|          3|
    |out_real_12_we0       |   9|          2|    1|          2|
    |out_real_13_address0  |  14|          3|    1|          3|
    |out_real_13_ce0       |  14|          3|    1|          3|
    |out_real_13_we0       |   9|          2|    1|          2|
    |out_real_14_address0  |  14|          3|    1|          3|
    |out_real_14_ce0       |  14|          3|    1|          3|
    |out_real_14_we0       |   9|          2|    1|          2|
    |out_real_15_address0  |  14|          3|    1|          3|
    |out_real_15_ce0       |  14|          3|    1|          3|
    |out_real_15_we0       |   9|          2|    1|          2|
    |out_real_1_address0   |  14|          3|    1|          3|
    |out_real_1_ce0        |  14|          3|    1|          3|
    |out_real_1_we0        |   9|          2|    1|          2|
    |out_real_2_address0   |  14|          3|    1|          3|
    |out_real_2_ce0        |  14|          3|    1|          3|
    |out_real_2_we0        |   9|          2|    1|          2|
    |out_real_3_address0   |  14|          3|    1|          3|
    |out_real_3_ce0        |  14|          3|    1|          3|
    |out_real_3_we0        |   9|          2|    1|          2|
    |out_real_4_address0   |  14|          3|    1|          3|
    |out_real_4_ce0        |  14|          3|    1|          3|
    |out_real_4_we0        |   9|          2|    1|          2|
    |out_real_5_address0   |  14|          3|    1|          3|
    |out_real_5_ce0        |  14|          3|    1|          3|
    |out_real_5_we0        |   9|          2|    1|          2|
    |out_real_6_address0   |  14|          3|    1|          3|
    |out_real_6_ce0        |  14|          3|    1|          3|
    |out_real_6_we0        |   9|          2|    1|          2|
    |out_real_7_address0   |  14|          3|    1|          3|
    |out_real_7_ce0        |  14|          3|    1|          3|
    |out_real_7_we0        |   9|          2|    1|          2|
    |out_real_8_address0   |  14|          3|    1|          3|
    |out_real_8_ce0        |  14|          3|    1|          3|
    |out_real_8_we0        |   9|          2|    1|          2|
    |out_real_9_address0   |  14|          3|    1|          3|
    |out_real_9_ce0        |  14|          3|    1|          3|
    |out_real_9_we0        |   9|          2|    1|          2|
    |out_real_address0     |  14|          3|    1|          3|
    |out_real_ce0          |  14|          3|    1|          3|
    |out_real_we0          |   9|          2|    1|          2|
    +----------------------+----+-----------+-----+-----------+
    |Total                 |2079|        454|  193|        454|
    +----------------------+----+-----------+-----+-----------+

    * Register: 
    +--------------------------------------------------+----+----+-----+-----------+
    |                       Name                       | FF | LUT| Bits| Const Bits|
    +--------------------------------------------------+----+----+-----+-----------+
    |ap_CS_fsm                                         |   5|   0|    5|          0|
    |grp_dft_Pipeline_loop_k_fu_1208_ap_start_reg      |   1|   0|    1|          0|
    |grp_dft_Pipeline_write_back_fu_1436_ap_start_reg  |   1|   0|    1|          0|
    |xi_10_reg_2281                                    |  32|   0|   32|          0|
    |xi_11_reg_2291                                    |  32|   0|   32|          0|
    |xi_12_reg_2301                                    |  32|   0|   32|          0|
    |xi_13_reg_2311                                    |  32|   0|   32|          0|
    |xi_14_reg_2321                                    |  32|   0|   32|          0|
    |xi_15_reg_2331                                    |  32|   0|   32|          0|
    |xi_16_reg_2341                                    |  32|   0|   32|          0|
    |xi_17_reg_2351                                    |  32|   0|   32|          0|
    |xi_18_reg_2361                                    |  32|   0|   32|          0|
    |xi_19_reg_2371                                    |  32|   0|   32|          0|
    |xi_1_reg_2191                                     |  32|   0|   32|          0|
    |xi_20_reg_2381                                    |  32|   0|   32|          0|
    |xi_21_reg_2391                                    |  32|   0|   32|          0|
    |xi_22_reg_2401                                    |  32|   0|   32|          0|
    |xi_23_reg_2411                                    |  32|   0|   32|          0|
    |xi_24_reg_2421                                    |  32|   0|   32|          0|
    |xi_25_reg_2431                                    |  32|   0|   32|          0|
    |xi_26_reg_2441                                    |  32|   0|   32|          0|
    |xi_27_reg_2451                                    |  32|   0|   32|          0|
    |xi_28_reg_2461                                    |  32|   0|   32|          0|
    |xi_29_reg_2471                                    |  32|   0|   32|          0|
    |xi_2_reg_2201                                     |  32|   0|   32|          0|
    |xi_30_reg_2481                                    |  32|   0|   32|          0|
    |xi_31_reg_2491                                    |  32|   0|   32|          0|
    |xi_3_reg_2211                                     |  32|   0|   32|          0|
    |xi_4_reg_2221                                     |  32|   0|   32|          0|
    |xi_5_reg_2231                                     |  32|   0|   32|          0|
    |xi_6_reg_2241                                     |  32|   0|   32|          0|
    |xi_7_reg_2251                                     |  32|   0|   32|          0|
    |xi_8_reg_2261                                     |  32|   0|   32|          0|
    |xi_9_reg_2271                                     |  32|   0|   32|          0|
    |xi_reg_2181                                       |  32|   0|   32|          0|
    |xr_10_reg_2276                                    |  32|   0|   32|          0|
    |xr_11_reg_2286                                    |  32|   0|   32|          0|
    |xr_12_reg_2296                                    |  32|   0|   32|          0|
    |xr_13_reg_2306                                    |  32|   0|   32|          0|
    |xr_14_reg_2316                                    |  32|   0|   32|          0|
    |xr_15_reg_2326                                    |  32|   0|   32|          0|
    |xr_16_reg_2336                                    |  32|   0|   32|          0|
    |xr_17_reg_2346                                    |  32|   0|   32|          0|
    |xr_18_reg_2356                                    |  32|   0|   32|          0|
    |xr_19_reg_2366                                    |  32|   0|   32|          0|
    |xr_1_reg_2186                                     |  32|   0|   32|          0|
    |xr_20_reg_2376                                    |  32|   0|   32|          0|
    |xr_21_reg_2386                                    |  32|   0|   32|          0|
    |xr_22_reg_2396                                    |  32|   0|   32|          0|
    |xr_23_reg_2406                                    |  32|   0|   32|          0|
    |xr_24_reg_2416                                    |  32|   0|   32|          0|
    |xr_25_reg_2426                                    |  32|   0|   32|          0|
    |xr_26_reg_2436                                    |  32|   0|   32|          0|
    |xr_27_reg_2446                                    |  32|   0|   32|          0|
    |xr_28_reg_2456                                    |  32|   0|   32|          0|
    |xr_29_reg_2466                                    |  32|   0|   32|          0|
    |xr_2_reg_2196                                     |  32|   0|   32|          0|
    |xr_30_reg_2476                                    |  32|   0|   32|          0|
    |xr_31_reg_2486                                    |  32|   0|   32|          0|
    |xr_3_reg_2206                                     |  32|   0|   32|          0|
    |xr_4_reg_2216                                     |  32|   0|   32|          0|
    |xr_5_reg_2226                                     |  32|   0|   32|          0|
    |xr_6_reg_2236                                     |  32|   0|   32|          0|
    |xr_7_reg_2246                                     |  32|   0|   32|          0|
    |xr_8_reg_2256                                     |  32|   0|   32|          0|
    |xr_9_reg_2266                                     |  32|   0|   32|          0|
    |xr_reg_2176                                       |  32|   0|   32|          0|
    +--------------------------------------------------+----+----+-----+-----------+
    |Total                                             |2055|   0| 2055|          0|
    +--------------------------------------------------+----+----+-----+-----------+



================================================================
== Interface
================================================================
* Summary: 
+------------------+-----+-----+------------+--------------+--------------+
|     RTL Ports    | Dir | Bits|  Protocol  | Source Object|    C Type    |
+------------------+-----+-----+------------+--------------+--------------+
|ap_clk            |   in|    1|  ap_ctrl_hs|           dft|  return value|
|ap_rst            |   in|    1|  ap_ctrl_hs|           dft|  return value|
|ap_start          |   in|    1|  ap_ctrl_hs|           dft|  return value|
|ap_done           |  out|    1|  ap_ctrl_hs|           dft|  return value|
|ap_idle           |  out|    1|  ap_ctrl_hs|           dft|  return value|
|ap_ready          |  out|    1|  ap_ctrl_hs|           dft|  return value|
|XX_R_0_address0   |  out|    1|   ap_memory|        XX_R_0|         array|
|XX_R_0_ce0        |  out|    1|   ap_memory|        XX_R_0|         array|
|XX_R_0_we0        |  out|    1|   ap_memory|        XX_R_0|         array|
|XX_R_0_d0         |  out|   32|   ap_memory|        XX_R_0|         array|
|XX_R_0_q0         |   in|   32|   ap_memory|        XX_R_0|         array|
|XX_R_0_address1   |  out|    1|   ap_memory|        XX_R_0|         array|
|XX_R_0_ce1        |  out|    1|   ap_memory|        XX_R_0|         array|
|XX_R_0_q1         |   in|   32|   ap_memory|        XX_R_0|         array|
|XX_R_1_address0   |  out|    1|   ap_memory|        XX_R_1|         array|
|XX_R_1_ce0        |  out|    1|   ap_memory|        XX_R_1|         array|
|XX_R_1_we0        |  out|    1|   ap_memory|        XX_R_1|         array|
|XX_R_1_d0         |  out|   32|   ap_memory|        XX_R_1|         array|
|XX_R_1_q0         |   in|   32|   ap_memory|        XX_R_1|         array|
|XX_R_1_address1   |  out|    1|   ap_memory|        XX_R_1|         array|
|XX_R_1_ce1        |  out|    1|   ap_memory|        XX_R_1|         array|
|XX_R_1_q1         |   in|   32|   ap_memory|        XX_R_1|         array|
|XX_R_2_address0   |  out|    1|   ap_memory|        XX_R_2|         array|
|XX_R_2_ce0        |  out|    1|   ap_memory|        XX_R_2|         array|
|XX_R_2_we0        |  out|    1|   ap_memory|        XX_R_2|         array|
|XX_R_2_d0         |  out|   32|   ap_memory|        XX_R_2|         array|
|XX_R_2_q0         |   in|   32|   ap_memory|        XX_R_2|         array|
|XX_R_2_address1   |  out|    1|   ap_memory|        XX_R_2|         array|
|XX_R_2_ce1        |  out|    1|   ap_memory|        XX_R_2|         array|
|XX_R_2_q1         |   in|   32|   ap_memory|        XX_R_2|         array|
|XX_R_3_address0   |  out|    1|   ap_memory|        XX_R_3|         array|
|XX_R_3_ce0        |  out|    1|   ap_memory|        XX_R_3|         array|
|XX_R_3_we0        |  out|    1|   ap_memory|        XX_R_3|         array|
|XX_R_3_d0         |  out|   32|   ap_memory|        XX_R_3|         array|
|XX_R_3_q0         |   in|   32|   ap_memory|        XX_R_3|         array|
|XX_R_3_address1   |  out|    1|   ap_memory|        XX_R_3|         array|
|XX_R_3_ce1        |  out|    1|   ap_memory|        XX_R_3|         array|
|XX_R_3_q1         |   in|   32|   ap_memory|        XX_R_3|         array|
|XX_R_4_address0   |  out|    1|   ap_memory|        XX_R_4|         array|
|XX_R_4_ce0        |  out|    1|   ap_memory|        XX_R_4|         array|
|XX_R_4_we0        |  out|    1|   ap_memory|        XX_R_4|         array|
|XX_R_4_d0         |  out|   32|   ap_memory|        XX_R_4|         array|
|XX_R_4_q0         |   in|   32|   ap_memory|        XX_R_4|         array|
|XX_R_4_address1   |  out|    1|   ap_memory|        XX_R_4|         array|
|XX_R_4_ce1        |  out|    1|   ap_memory|        XX_R_4|         array|
|XX_R_4_q1         |   in|   32|   ap_memory|        XX_R_4|         array|
|XX_R_5_address0   |  out|    1|   ap_memory|        XX_R_5|         array|
|XX_R_5_ce0        |  out|    1|   ap_memory|        XX_R_5|         array|
|XX_R_5_we0        |  out|    1|   ap_memory|        XX_R_5|         array|
|XX_R_5_d0         |  out|   32|   ap_memory|        XX_R_5|         array|
|XX_R_5_q0         |   in|   32|   ap_memory|        XX_R_5|         array|
|XX_R_5_address1   |  out|    1|   ap_memory|        XX_R_5|         array|
|XX_R_5_ce1        |  out|    1|   ap_memory|        XX_R_5|         array|
|XX_R_5_q1         |   in|   32|   ap_memory|        XX_R_5|         array|
|XX_R_6_address0   |  out|    1|   ap_memory|        XX_R_6|         array|
|XX_R_6_ce0        |  out|    1|   ap_memory|        XX_R_6|         array|
|XX_R_6_we0        |  out|    1|   ap_memory|        XX_R_6|         array|
|XX_R_6_d0         |  out|   32|   ap_memory|        XX_R_6|         array|
|XX_R_6_q0         |   in|   32|   ap_memory|        XX_R_6|         array|
|XX_R_6_address1   |  out|    1|   ap_memory|        XX_R_6|         array|
|XX_R_6_ce1        |  out|    1|   ap_memory|        XX_R_6|         array|
|XX_R_6_q1         |   in|   32|   ap_memory|        XX_R_6|         array|
|XX_R_7_address0   |  out|    1|   ap_memory|        XX_R_7|         array|
|XX_R_7_ce0        |  out|    1|   ap_memory|        XX_R_7|         array|
|XX_R_7_we0        |  out|    1|   ap_memory|        XX_R_7|         array|
|XX_R_7_d0         |  out|   32|   ap_memory|        XX_R_7|         array|
|XX_R_7_q0         |   in|   32|   ap_memory|        XX_R_7|         array|
|XX_R_7_address1   |  out|    1|   ap_memory|        XX_R_7|         array|
|XX_R_7_ce1        |  out|    1|   ap_memory|        XX_R_7|         array|
|XX_R_7_q1         |   in|   32|   ap_memory|        XX_R_7|         array|
|XX_R_8_address0   |  out|    1|   ap_memory|        XX_R_8|         array|
|XX_R_8_ce0        |  out|    1|   ap_memory|        XX_R_8|         array|
|XX_R_8_we0        |  out|    1|   ap_memory|        XX_R_8|         array|
|XX_R_8_d0         |  out|   32|   ap_memory|        XX_R_8|         array|
|XX_R_8_q0         |   in|   32|   ap_memory|        XX_R_8|         array|
|XX_R_8_address1   |  out|    1|   ap_memory|        XX_R_8|         array|
|XX_R_8_ce1        |  out|    1|   ap_memory|        XX_R_8|         array|
|XX_R_8_q1         |   in|   32|   ap_memory|        XX_R_8|         array|
|XX_R_9_address0   |  out|    1|   ap_memory|        XX_R_9|         array|
|XX_R_9_ce0        |  out|    1|   ap_memory|        XX_R_9|         array|
|XX_R_9_we0        |  out|    1|   ap_memory|        XX_R_9|         array|
|XX_R_9_d0         |  out|   32|   ap_memory|        XX_R_9|         array|
|XX_R_9_q0         |   in|   32|   ap_memory|        XX_R_9|         array|
|XX_R_9_address1   |  out|    1|   ap_memory|        XX_R_9|         array|
|XX_R_9_ce1        |  out|    1|   ap_memory|        XX_R_9|         array|
|XX_R_9_q1         |   in|   32|   ap_memory|        XX_R_9|         array|
|XX_R_10_address0  |  out|    1|   ap_memory|       XX_R_10|         array|
|XX_R_10_ce0       |  out|    1|   ap_memory|       XX_R_10|         array|
|XX_R_10_we0       |  out|    1|   ap_memory|       XX_R_10|         array|
|XX_R_10_d0        |  out|   32|   ap_memory|       XX_R_10|         array|
|XX_R_10_q0        |   in|   32|   ap_memory|       XX_R_10|         array|
|XX_R_10_address1  |  out|    1|   ap_memory|       XX_R_10|         array|
|XX_R_10_ce1       |  out|    1|   ap_memory|       XX_R_10|         array|
|XX_R_10_q1        |   in|   32|   ap_memory|       XX_R_10|         array|
|XX_R_11_address0  |  out|    1|   ap_memory|       XX_R_11|         array|
|XX_R_11_ce0       |  out|    1|   ap_memory|       XX_R_11|         array|
|XX_R_11_we0       |  out|    1|   ap_memory|       XX_R_11|         array|
|XX_R_11_d0        |  out|   32|   ap_memory|       XX_R_11|         array|
|XX_R_11_q0        |   in|   32|   ap_memory|       XX_R_11|         array|
|XX_R_11_address1  |  out|    1|   ap_memory|       XX_R_11|         array|
|XX_R_11_ce1       |  out|    1|   ap_memory|       XX_R_11|         array|
|XX_R_11_q1        |   in|   32|   ap_memory|       XX_R_11|         array|
|XX_R_12_address0  |  out|    1|   ap_memory|       XX_R_12|         array|
|XX_R_12_ce0       |  out|    1|   ap_memory|       XX_R_12|         array|
|XX_R_12_we0       |  out|    1|   ap_memory|       XX_R_12|         array|
|XX_R_12_d0        |  out|   32|   ap_memory|       XX_R_12|         array|
|XX_R_12_q0        |   in|   32|   ap_memory|       XX_R_12|         array|
|XX_R_12_address1  |  out|    1|   ap_memory|       XX_R_12|         array|
|XX_R_12_ce1       |  out|    1|   ap_memory|       XX_R_12|         array|
|XX_R_12_q1        |   in|   32|   ap_memory|       XX_R_12|         array|
|XX_R_13_address0  |  out|    1|   ap_memory|       XX_R_13|         array|
|XX_R_13_ce0       |  out|    1|   ap_memory|       XX_R_13|         array|
|XX_R_13_we0       |  out|    1|   ap_memory|       XX_R_13|         array|
|XX_R_13_d0        |  out|   32|   ap_memory|       XX_R_13|         array|
|XX_R_13_q0        |   in|   32|   ap_memory|       XX_R_13|         array|
|XX_R_13_address1  |  out|    1|   ap_memory|       XX_R_13|         array|
|XX_R_13_ce1       |  out|    1|   ap_memory|       XX_R_13|         array|
|XX_R_13_q1        |   in|   32|   ap_memory|       XX_R_13|         array|
|XX_R_14_address0  |  out|    1|   ap_memory|       XX_R_14|         array|
|XX_R_14_ce0       |  out|    1|   ap_memory|       XX_R_14|         array|
|XX_R_14_we0       |  out|    1|   ap_memory|       XX_R_14|         array|
|XX_R_14_d0        |  out|   32|   ap_memory|       XX_R_14|         array|
|XX_R_14_q0        |   in|   32|   ap_memory|       XX_R_14|         array|
|XX_R_14_address1  |  out|    1|   ap_memory|       XX_R_14|         array|
|XX_R_14_ce1       |  out|    1|   ap_memory|       XX_R_14|         array|
|XX_R_14_q1        |   in|   32|   ap_memory|       XX_R_14|         array|
|XX_R_15_address0  |  out|    1|   ap_memory|       XX_R_15|         array|
|XX_R_15_ce0       |  out|    1|   ap_memory|       XX_R_15|         array|
|XX_R_15_we0       |  out|    1|   ap_memory|       XX_R_15|         array|
|XX_R_15_d0        |  out|   32|   ap_memory|       XX_R_15|         array|
|XX_R_15_q0        |   in|   32|   ap_memory|       XX_R_15|         array|
|XX_R_15_address1  |  out|    1|   ap_memory|       XX_R_15|         array|
|XX_R_15_ce1       |  out|    1|   ap_memory|       XX_R_15|         array|
|XX_R_15_q1        |   in|   32|   ap_memory|       XX_R_15|         array|
|XX_I_0_address0   |  out|    1|   ap_memory|        XX_I_0|         array|
|XX_I_0_ce0        |  out|    1|   ap_memory|        XX_I_0|         array|
|XX_I_0_we0        |  out|    1|   ap_memory|        XX_I_0|         array|
|XX_I_0_d0         |  out|   32|   ap_memory|        XX_I_0|         array|
|XX_I_0_q0         |   in|   32|   ap_memory|        XX_I_0|         array|
|XX_I_0_address1   |  out|    1|   ap_memory|        XX_I_0|         array|
|XX_I_0_ce1        |  out|    1|   ap_memory|        XX_I_0|         array|
|XX_I_0_q1         |   in|   32|   ap_memory|        XX_I_0|         array|
|XX_I_1_address0   |  out|    1|   ap_memory|        XX_I_1|         array|
|XX_I_1_ce0        |  out|    1|   ap_memory|        XX_I_1|         array|
|XX_I_1_we0        |  out|    1|   ap_memory|        XX_I_1|         array|
|XX_I_1_d0         |  out|   32|   ap_memory|        XX_I_1|         array|
|XX_I_1_q0         |   in|   32|   ap_memory|        XX_I_1|         array|
|XX_I_1_address1   |  out|    1|   ap_memory|        XX_I_1|         array|
|XX_I_1_ce1        |  out|    1|   ap_memory|        XX_I_1|         array|
|XX_I_1_q1         |   in|   32|   ap_memory|        XX_I_1|         array|
|XX_I_2_address0   |  out|    1|   ap_memory|        XX_I_2|         array|
|XX_I_2_ce0        |  out|    1|   ap_memory|        XX_I_2|         array|
|XX_I_2_we0        |  out|    1|   ap_memory|        XX_I_2|         array|
|XX_I_2_d0         |  out|   32|   ap_memory|        XX_I_2|         array|
|XX_I_2_q0         |   in|   32|   ap_memory|        XX_I_2|         array|
|XX_I_2_address1   |  out|    1|   ap_memory|        XX_I_2|         array|
|XX_I_2_ce1        |  out|    1|   ap_memory|        XX_I_2|         array|
|XX_I_2_q1         |   in|   32|   ap_memory|        XX_I_2|         array|
|XX_I_3_address0   |  out|    1|   ap_memory|        XX_I_3|         array|
|XX_I_3_ce0        |  out|    1|   ap_memory|        XX_I_3|         array|
|XX_I_3_we0        |  out|    1|   ap_memory|        XX_I_3|         array|
|XX_I_3_d0         |  out|   32|   ap_memory|        XX_I_3|         array|
|XX_I_3_q0         |   in|   32|   ap_memory|        XX_I_3|         array|
|XX_I_3_address1   |  out|    1|   ap_memory|        XX_I_3|         array|
|XX_I_3_ce1        |  out|    1|   ap_memory|        XX_I_3|         array|
|XX_I_3_q1         |   in|   32|   ap_memory|        XX_I_3|         array|
|XX_I_4_address0   |  out|    1|   ap_memory|        XX_I_4|         array|
|XX_I_4_ce0        |  out|    1|   ap_memory|        XX_I_4|         array|
|XX_I_4_we0        |  out|    1|   ap_memory|        XX_I_4|         array|
|XX_I_4_d0         |  out|   32|   ap_memory|        XX_I_4|         array|
|XX_I_4_q0         |   in|   32|   ap_memory|        XX_I_4|         array|
|XX_I_4_address1   |  out|    1|   ap_memory|        XX_I_4|         array|
|XX_I_4_ce1        |  out|    1|   ap_memory|        XX_I_4|         array|
|XX_I_4_q1         |   in|   32|   ap_memory|        XX_I_4|         array|
|XX_I_5_address0   |  out|    1|   ap_memory|        XX_I_5|         array|
|XX_I_5_ce0        |  out|    1|   ap_memory|        XX_I_5|         array|
|XX_I_5_we0        |  out|    1|   ap_memory|        XX_I_5|         array|
|XX_I_5_d0         |  out|   32|   ap_memory|        XX_I_5|         array|
|XX_I_5_q0         |   in|   32|   ap_memory|        XX_I_5|         array|
|XX_I_5_address1   |  out|    1|   ap_memory|        XX_I_5|         array|
|XX_I_5_ce1        |  out|    1|   ap_memory|        XX_I_5|         array|
|XX_I_5_q1         |   in|   32|   ap_memory|        XX_I_5|         array|
|XX_I_6_address0   |  out|    1|   ap_memory|        XX_I_6|         array|
|XX_I_6_ce0        |  out|    1|   ap_memory|        XX_I_6|         array|
|XX_I_6_we0        |  out|    1|   ap_memory|        XX_I_6|         array|
|XX_I_6_d0         |  out|   32|   ap_memory|        XX_I_6|         array|
|XX_I_6_q0         |   in|   32|   ap_memory|        XX_I_6|         array|
|XX_I_6_address1   |  out|    1|   ap_memory|        XX_I_6|         array|
|XX_I_6_ce1        |  out|    1|   ap_memory|        XX_I_6|         array|
|XX_I_6_q1         |   in|   32|   ap_memory|        XX_I_6|         array|
|XX_I_7_address0   |  out|    1|   ap_memory|        XX_I_7|         array|
|XX_I_7_ce0        |  out|    1|   ap_memory|        XX_I_7|         array|
|XX_I_7_we0        |  out|    1|   ap_memory|        XX_I_7|         array|
|XX_I_7_d0         |  out|   32|   ap_memory|        XX_I_7|         array|
|XX_I_7_q0         |   in|   32|   ap_memory|        XX_I_7|         array|
|XX_I_7_address1   |  out|    1|   ap_memory|        XX_I_7|         array|
|XX_I_7_ce1        |  out|    1|   ap_memory|        XX_I_7|         array|
|XX_I_7_q1         |   in|   32|   ap_memory|        XX_I_7|         array|
|XX_I_8_address0   |  out|    1|   ap_memory|        XX_I_8|         array|
|XX_I_8_ce0        |  out|    1|   ap_memory|        XX_I_8|         array|
|XX_I_8_we0        |  out|    1|   ap_memory|        XX_I_8|         array|
|XX_I_8_d0         |  out|   32|   ap_memory|        XX_I_8|         array|
|XX_I_8_q0         |   in|   32|   ap_memory|        XX_I_8|         array|
|XX_I_8_address1   |  out|    1|   ap_memory|        XX_I_8|         array|
|XX_I_8_ce1        |  out|    1|   ap_memory|        XX_I_8|         array|
|XX_I_8_q1         |   in|   32|   ap_memory|        XX_I_8|         array|
|XX_I_9_address0   |  out|    1|   ap_memory|        XX_I_9|         array|
|XX_I_9_ce0        |  out|    1|   ap_memory|        XX_I_9|         array|
|XX_I_9_we0        |  out|    1|   ap_memory|        XX_I_9|         array|
|XX_I_9_d0         |  out|   32|   ap_memory|        XX_I_9|         array|
|XX_I_9_q0         |   in|   32|   ap_memory|        XX_I_9|         array|
|XX_I_9_address1   |  out|    1|   ap_memory|        XX_I_9|         array|
|XX_I_9_ce1        |  out|    1|   ap_memory|        XX_I_9|         array|
|XX_I_9_q1         |   in|   32|   ap_memory|        XX_I_9|         array|
|XX_I_10_address0  |  out|    1|   ap_memory|       XX_I_10|         array|
|XX_I_10_ce0       |  out|    1|   ap_memory|       XX_I_10|         array|
|XX_I_10_we0       |  out|    1|   ap_memory|       XX_I_10|         array|
|XX_I_10_d0        |  out|   32|   ap_memory|       XX_I_10|         array|
|XX_I_10_q0        |   in|   32|   ap_memory|       XX_I_10|         array|
|XX_I_10_address1  |  out|    1|   ap_memory|       XX_I_10|         array|
|XX_I_10_ce1       |  out|    1|   ap_memory|       XX_I_10|         array|
|XX_I_10_q1        |   in|   32|   ap_memory|       XX_I_10|         array|
|XX_I_11_address0  |  out|    1|   ap_memory|       XX_I_11|         array|
|XX_I_11_ce0       |  out|    1|   ap_memory|       XX_I_11|         array|
|XX_I_11_we0       |  out|    1|   ap_memory|       XX_I_11|         array|
|XX_I_11_d0        |  out|   32|   ap_memory|       XX_I_11|         array|
|XX_I_11_q0        |   in|   32|   ap_memory|       XX_I_11|         array|
|XX_I_11_address1  |  out|    1|   ap_memory|       XX_I_11|         array|
|XX_I_11_ce1       |  out|    1|   ap_memory|       XX_I_11|         array|
|XX_I_11_q1        |   in|   32|   ap_memory|       XX_I_11|         array|
|XX_I_12_address0  |  out|    1|   ap_memory|       XX_I_12|         array|
|XX_I_12_ce0       |  out|    1|   ap_memory|       XX_I_12|         array|
|XX_I_12_we0       |  out|    1|   ap_memory|       XX_I_12|         array|
|XX_I_12_d0        |  out|   32|   ap_memory|       XX_I_12|         array|
|XX_I_12_q0        |   in|   32|   ap_memory|       XX_I_12|         array|
|XX_I_12_address1  |  out|    1|   ap_memory|       XX_I_12|         array|
|XX_I_12_ce1       |  out|    1|   ap_memory|       XX_I_12|         array|
|XX_I_12_q1        |   in|   32|   ap_memory|       XX_I_12|         array|
|XX_I_13_address0  |  out|    1|   ap_memory|       XX_I_13|         array|
|XX_I_13_ce0       |  out|    1|   ap_memory|       XX_I_13|         array|
|XX_I_13_we0       |  out|    1|   ap_memory|       XX_I_13|         array|
|XX_I_13_d0        |  out|   32|   ap_memory|       XX_I_13|         array|
|XX_I_13_q0        |   in|   32|   ap_memory|       XX_I_13|         array|
|XX_I_13_address1  |  out|    1|   ap_memory|       XX_I_13|         array|
|XX_I_13_ce1       |  out|    1|   ap_memory|       XX_I_13|         array|
|XX_I_13_q1        |   in|   32|   ap_memory|       XX_I_13|         array|
|XX_I_14_address0  |  out|    1|   ap_memory|       XX_I_14|         array|
|XX_I_14_ce0       |  out|    1|   ap_memory|       XX_I_14|         array|
|XX_I_14_we0       |  out|    1|   ap_memory|       XX_I_14|         array|
|XX_I_14_d0        |  out|   32|   ap_memory|       XX_I_14|         array|
|XX_I_14_q0        |   in|   32|   ap_memory|       XX_I_14|         array|
|XX_I_14_address1  |  out|    1|   ap_memory|       XX_I_14|         array|
|XX_I_14_ce1       |  out|    1|   ap_memory|       XX_I_14|         array|
|XX_I_14_q1        |   in|   32|   ap_memory|       XX_I_14|         array|
|XX_I_15_address0  |  out|    1|   ap_memory|       XX_I_15|         array|
|XX_I_15_ce0       |  out|    1|   ap_memory|       XX_I_15|         array|
|XX_I_15_we0       |  out|    1|   ap_memory|       XX_I_15|         array|
|XX_I_15_d0        |  out|   32|   ap_memory|       XX_I_15|         array|
|XX_I_15_q0        |   in|   32|   ap_memory|       XX_I_15|         array|
|XX_I_15_address1  |  out|    1|   ap_memory|       XX_I_15|         array|
|XX_I_15_ce1       |  out|    1|   ap_memory|       XX_I_15|         array|
|XX_I_15_q1        |   in|   32|   ap_memory|       XX_I_15|         array|
+------------------+-----+-----+------------+--------------+--------------+

