

================================================================
== Vitis HLS Report for 'dft'
================================================================
* Date:           Fri Nov  7 01:34:57 2025

* Version:        2024.2 (Build 5238294 on Nov  8 2024)
* Project:        dft
* Solution:       hls (Vivado IP Flow Target)
* Product family: zynq
* Target device:  xc7z020-clg400-1


================================================================
== Performance Estimates
================================================================
+ Timing: 
    * Summary: 
    +--------+----------+----------+------------+
    |  Clock |  Target  | Estimated| Uncertainty|
    +--------+----------+----------+------------+
    |ap_clk  |  10.00 ns|  7.256 ns|     2.70 ns|
    +--------+----------+----------+------------+

+ Latency: 
    * Summary: 
    +---------+---------+-----------+-----------+------+------+---------+
    |  Latency (cycles) |   Latency (absolute)  |   Interval  | Pipeline|
    |   min   |   max   |    min    |    max    |  min |  max |   Type  |
    +---------+---------+-----------+-----------+------+------+---------+
    |     6756|     6756|  67.560 us|  67.560 us|  6757|  6757|       no|
    +---------+---------+-----------+-----------+------+------+---------+

    + Detail: 
        * Instance: 
        +------------------------------------+-------------------------+---------+---------+----------+----------+-----+-----+------------------------------------------------+
        |                                    |                         |  Latency (cycles) |  Latency (absolute) |  Interval |                    Pipeline                    |
        |              Instance              |          Module         |   min   |   max   |    min   |    max   | min | max |                      Type                      |
        +------------------------------------+-------------------------+---------+---------+----------+----------+-----+-----+------------------------------------------------+
        |grp_dft_Pipeline_loop_n_fu_726      |dft_Pipeline_loop_n      |      207|      207|  2.070 us|  2.070 us|  198|  198|  loop auto-rewind stp (delay=0 clock cycles(s))|
        |grp_dft_Pipeline_write_back_fu_861  |dft_Pipeline_write_back  |       34|       34|  0.340 us|  0.340 us|   33|   33|  loop auto-rewind stp (delay=0 clock cycles(s))|
        +------------------------------------+-------------------------+---------+---------+----------+----------+-----+-----+------------------------------------------------+

        * Loop: 
        +----------+---------+---------+----------+-----------+-----------+------+----------+
        |          |  Latency (cycles) | Iteration|  Initiation Interval  | Trip |          |
        | Loop Name|   min   |   max   |  Latency |  achieved |   target  | Count| Pipelined|
        +----------+---------+---------+----------+-----------+-----------+------+----------+
        |- loop_k  |     6720|     6720|       210|          -|          -|    32|        no|
        +----------+---------+---------+----------+-----------+-----------+------+----------+



================================================================
== Utilization Estimates
================================================================
* Summary: 
+-----------------+---------+-----+--------+-------+-----+
|       Name      | BRAM_18K| DSP |   FF   |  LUT  | URAM|
+-----------------+---------+-----+--------+-------+-----+
|DSP              |        -|    -|       -|      -|    -|
|Expression       |        -|    -|       0|     28|    -|
|FIFO             |        -|    -|       -|      -|    -|
|Instance         |       32|    5|     834|   1448|    -|
|Memory           |        0|    -|    1024|     32|    0|
|Multiplexer      |        -|    -|       0|   1800|    -|
|Register         |        -|    -|      29|      -|    -|
+-----------------+---------+-----+--------+-------+-----+
|Total            |       32|    5|    1887|   3308|    0|
+-----------------+---------+-----+--------+-------+-----+
|Available        |      280|  220|  106400|  53200|    0|
+-----------------+---------+-----+--------+-------+-----+
|Utilization (%)  |       11|    2|       1|      6|    0|
+-----------------+---------+-----+--------+-------+-----+

+ Detail: 
    * Instance: 
    +------------------------------------+-------------------------+---------+----+-----+------+-----+
    |              Instance              |          Module         | BRAM_18K| DSP|  FF |  LUT | URAM|
    +------------------------------------+-------------------------+---------+----+-----+------+-----+
    |grp_dft_Pipeline_loop_n_fu_726      |dft_Pipeline_loop_n      |       32|   5|  820|  1252|    0|
    |grp_dft_Pipeline_write_back_fu_861  |dft_Pipeline_write_back  |        0|   0|   14|   196|    0|
    +------------------------------------+-------------------------+---------+----+-----+------+-----+
    |Total                               |                         |       32|   5|  834|  1448|    0|
    +------------------------------------+-------------------------+---------+----+-----+------+-----+

    * DSP: 
    N/A

    * Memory: 
    +---------------+------------------------+---------+----+----+-----+------+-----+------+-------------+
    |     Memory    |         Module         | BRAM_18K| FF | LUT| URAM| Words| Bits| Banks| W*Bits*Banks|
    +---------------+------------------------+---------+----+----+-----+------+-----+------+-------------+
    |out_real_U     |out_real_RAM_AUTO_1R1W  |        0|  32|   1|    0|     2|   32|     1|           64|
    |out_real_1_U   |out_real_RAM_AUTO_1R1W  |        0|  32|   1|    0|     2|   32|     1|           64|
    |out_real_2_U   |out_real_RAM_AUTO_1R1W  |        0|  32|   1|    0|     2|   32|     1|           64|
    |out_real_3_U   |out_real_RAM_AUTO_1R1W  |        0|  32|   1|    0|     2|   32|     1|           64|
    |out_real_4_U   |out_real_RAM_AUTO_1R1W  |        0|  32|   1|    0|     2|   32|     1|           64|
    |out_real_5_U   |out_real_RAM_AUTO_1R1W  |        0|  32|   1|    0|     2|   32|     1|           64|
    |out_real_6_U   |out_real_RAM_AUTO_1R1W  |        0|  32|   1|    0|     2|   32|     1|           64|
    |out_real_7_U   |out_real_RAM_AUTO_1R1W  |        0|  32|   1|    0|     2|   32|     1|           64|
    |out_real_8_U   |out_real_RAM_AUTO_1R1W  |        0|  32|   1|    0|     2|   32|     1|           64|
    |out_real_9_U   |out_real_RAM_AUTO_1R1W  |        0|  32|   1|    0|     2|   32|     1|           64|
    |out_real_10_U  |out_real_RAM_AUTO_1R1W  |        0|  32|   1|    0|     2|   32|     1|           64|
    |out_real_11_U  |out_real_RAM_AUTO_1R1W  |        0|  32|   1|    0|     2|   32|     1|           64|
    |out_real_12_U  |out_real_RAM_AUTO_1R1W  |        0|  32|   1|    0|     2|   32|     1|           64|
    |out_real_13_U  |out_real_RAM_AUTO_1R1W  |        0|  32|   1|    0|     2|   32|     1|           64|
    |out_real_14_U  |out_real_RAM_AUTO_1R1W  |        0|  32|   1|    0|     2|   32|     1|           64|
    |out_real_15_U  |out_real_RAM_AUTO_1R1W  |        0|  32|   1|    0|     2|   32|     1|           64|
    |out_imag_U     |out_real_RAM_AUTO_1R1W  |        0|  32|   1|    0|     2|   32|     1|           64|
    |out_imag_1_U   |out_real_RAM_AUTO_1R1W  |        0|  32|   1|    0|     2|   32|     1|           64|
    |out_imag_2_U   |out_real_RAM_AUTO_1R1W  |        0|  32|   1|    0|     2|   32|     1|           64|
    |out_imag_3_U   |out_real_RAM_AUTO_1R1W  |        0|  32|   1|    0|     2|   32|     1|           64|
    |out_imag_4_U   |out_real_RAM_AUTO_1R1W  |        0|  32|   1|    0|     2|   32|     1|           64|
    |out_imag_5_U   |out_real_RAM_AUTO_1R1W  |        0|  32|   1|    0|     2|   32|     1|           64|
    |out_imag_6_U   |out_real_RAM_AUTO_1R1W  |        0|  32|   1|    0|     2|   32|     1|           64|
    |out_imag_7_U   |out_real_RAM_AUTO_1R1W  |        0|  32|   1|    0|     2|   32|     1|           64|
    |out_imag_8_U   |out_real_RAM_AUTO_1R1W  |        0|  32|   1|    0|     2|   32|     1|           64|
    |out_imag_9_U   |out_real_RAM_AUTO_1R1W  |        0|  32|   1|    0|     2|   32|     1|           64|
    |out_imag_10_U  |out_real_RAM_AUTO_1R1W  |        0|  32|   1|    0|     2|   32|     1|           64|
    |out_imag_11_U  |out_real_RAM_AUTO_1R1W  |        0|  32|   1|    0|     2|   32|     1|           64|
    |out_imag_12_U  |out_real_RAM_AUTO_1R1W  |        0|  32|   1|    0|     2|   32|     1|           64|
    |out_imag_13_U  |out_real_RAM_AUTO_1R1W  |        0|  32|   1|    0|     2|   32|     1|           64|
    |out_imag_14_U  |out_real_RAM_AUTO_1R1W  |        0|  32|   1|    0|     2|   32|     1|           64|
    |out_imag_15_U  |out_real_RAM_AUTO_1R1W  |        0|  32|   1|    0|     2|   32|     1|           64|
    +---------------+------------------------+---------+----+----+-----+------+-----+------+-------------+
    |Total          |                        |        0|1024|  32|    0|    64| 1024|    32|         2048|
    +---------------+------------------------+---------+----+----+-----+------+-----+------+-------------+

    * FIFO: 
    N/A

    * Expression: 
    +---------------------+----------+----+---+----+------------+------------+
    |    Variable Name    | Operation| DSP| FF| LUT| Bitwidth P0| Bitwidth P1|
    +---------------------+----------+----+---+----+------------+------------+
    |add_ln23_fu_975_p2   |         +|   0|  0|  14|           6|           1|
    |icmp_ln23_fu_969_p2  |      icmp|   0|  0|  14|           6|           7|
    +---------------------+----------+----+---+----+------------+------------+
    |Total                |          |   0|  0|  28|          12|           8|
    +---------------------+----------+----+---+----+------------+------------+

    * Multiplexer: 
    +----------------------+----+-----------+-----+-----------+
    |         Name         | LUT| Input Size| Bits| Total Bits|
    +----------------------+----+-----------+-----+-----------+
    |XX_I_0_address0       |  14|          3|    1|          3|
    |XX_I_0_ce0            |  14|          3|    1|          3|
    |XX_I_0_we0            |   9|          2|    1|          2|
    |XX_I_10_address0      |  14|          3|    1|          3|
    |XX_I_10_ce0           |  14|          3|    1|          3|
    |XX_I_10_we0           |   9|          2|    1|          2|
    |XX_I_11_address0      |  14|          3|    1|          3|
    |XX_I_11_ce0           |  14|          3|    1|          3|
    |XX_I_11_we0           |   9|          2|    1|          2|
    |XX_I_12_address0      |  14|          3|    1|          3|
    |XX_I_12_ce0           |  14|          3|    1|          3|
    |XX_I_12_we0           |   9|          2|    1|          2|
    |XX_I_13_address0      |  14|          3|    1|          3|
    |XX_I_13_ce0           |  14|          3|    1|          3|
    |XX_I_13_we0           |   9|          2|    1|          2|
    |XX_I_14_address0      |  14|          3|    1|          3|
    |XX_I_14_ce0           |  14|          3|    1|          3|
    |XX_I_14_we0           |   9|          2|    1|          2|
    |XX_I_15_address0      |  14|          3|    1|          3|
    |XX_I_15_ce0           |  14|          3|    1|          3|
    |XX_I_15_we0           |   9|          2|    1|          2|
    |XX_I_1_address0       |  14|          3|    1|          3|
    |XX_I_1_ce0            |  14|          3|    1|          3|
    |XX_I_1_we0            |   9|          2|    1|          2|
    |XX_I_2_address0       |  14|          3|    1|          3|
    |XX_I_2_ce0            |  14|          3|    1|          3|
    |XX_I_2_we0            |   9|          2|    1|          2|
    |XX_I_3_address0       |  14|          3|    1|          3|
    |XX_I_3_ce0            |  14|          3|    1|          3|
    |XX_I_3_we0            |   9|          2|    1|          2|
    |XX_I_4_address0       |  14|          3|    1|          3|
    |XX_I_4_ce0            |  14|          3|    1|          3|
    |XX_I_4_we0            |   9|          2|    1|          2|
    |XX_I_5_address0       |  14|          3|    1|          3|
    |XX_I_5_ce0            |  14|          3|    1|          3|
    |XX_I_5_we0            |   9|          2|    1|          2|
    |XX_I_6_address0       |  14|          3|    1|          3|
    |XX_I_6_ce0            |  14|          3|    1|          3|
    |XX_I_6_we0            |   9|          2|    1|          2|
    |XX_I_7_address0       |  14|          3|    1|          3|
    |XX_I_7_ce0            |  14|          3|    1|          3|
    |XX_I_7_we0            |   9|          2|    1|          2|
    |XX_I_8_address0       |  14|          3|    1|          3|
    |XX_I_8_ce0            |  14|          3|    1|          3|
    |XX_I_8_we0            |   9|          2|    1|          2|
    |XX_I_9_address0       |  14|          3|    1|          3|
    |XX_I_9_ce0            |  14|          3|    1|          3|
    |XX_I_9_we0            |   9|          2|    1|          2|
    |XX_R_0_address0       |  14|          3|    1|          3|
    |XX_R_0_ce0            |  14|          3|    1|          3|
    |XX_R_0_we0            |   9|          2|    1|          2|
    |XX_R_10_address0      |  14|          3|    1|          3|
    |XX_R_10_ce0           |  14|          3|    1|          3|
    |XX_R_10_we0           |   9|          2|    1|          2|
    |XX_R_11_address0      |  14|          3|    1|          3|
    |XX_R_11_ce0           |  14|          3|    1|          3|
    |XX_R_11_we0           |   9|          2|    1|          2|
    |XX_R_12_address0      |  14|          3|    1|          3|
    |XX_R_12_ce0           |  14|          3|    1|          3|
    |XX_R_12_we0           |   9|          2|    1|          2|
    |XX_R_13_address0      |  14|          3|    1|          3|
    |XX_R_13_ce0           |  14|          3|    1|          3|
    |XX_R_13_we0           |   9|          2|    1|          2|
    |XX_R_14_address0      |  14|          3|    1|          3|
    |XX_R_14_ce0           |  14|          3|    1|          3|
    |XX_R_14_we0           |   9|          2|    1|          2|
    |XX_R_15_address0      |  14|          3|    1|          3|
    |XX_R_15_ce0           |  14|          3|    1|          3|
    |XX_R_15_we0           |   9|          2|    1|          2|
    |XX_R_1_address0       |  14|          3|    1|          3|
    |XX_R_1_ce0            |  14|          3|    1|          3|
    |XX_R_1_we0            |   9|          2|    1|          2|
    |XX_R_2_address0       |  14|          3|    1|          3|
    |XX_R_2_ce0            |  14|          3|    1|          3|
    |XX_R_2_we0            |   9|          2|    1|          2|
    |XX_R_3_address0       |  14|          3|    1|          3|
    |XX_R_3_ce0            |  14|          3|    1|          3|
    |XX_R_3_we0            |   9|          2|    1|          2|
    |XX_R_4_address0       |  14|          3|    1|          3|
    |XX_R_4_ce0            |  14|          3|    1|          3|
    |XX_R_4_we0            |   9|          2|    1|          2|
    |XX_R_5_address0       |  14|          3|    1|          3|
    |XX_R_5_ce0            |  14|          3|    1|          3|
    |XX_R_5_we0            |   9|          2|    1|          2|
    |XX_R_6_address0       |  14|          3|    1|          3|
    |XX_R_6_ce0            |  14|          3|    1|          3|
    |XX_R_6_we0            |   9|          2|    1|          2|
    |XX_R_7_address0       |  14|          3|    1|          3|
    |XX_R_7_ce0            |  14|          3|    1|          3|
    |XX_R_7_we0            |   9|          2|    1|          2|
    |XX_R_8_address0       |  14|          3|    1|          3|
    |XX_R_8_ce0            |  14|          3|    1|          3|
    |XX_R_8_we0            |   9|          2|    1|          2|
    |XX_R_9_address0       |  14|          3|    1|          3|
    |XX_R_9_ce0            |  14|          3|    1|          3|
    |XX_R_9_we0            |   9|          2|    1|          2|
    |ap_NS_fsm             |  31|          6|    1|          6|
    |k_fu_202              |   9|          2|    6|         12|
    |out_imag_10_address0  |   9|          2|    1|          2|
    |out_imag_10_ce0       |   9|          2|    1|          2|
    |out_imag_11_address0  |   9|          2|    1|          2|
    |out_imag_11_ce0       |   9|          2|    1|          2|
    |out_imag_12_address0  |   9|          2|    1|          2|
    |out_imag_12_ce0       |   9|          2|    1|          2|
    |out_imag_13_address0  |   9|          2|    1|          2|
    |out_imag_13_ce0       |   9|          2|    1|          2|
    |out_imag_14_address0  |   9|          2|    1|          2|
    |out_imag_14_ce0       |   9|          2|    1|          2|
    |out_imag_15_address0  |   9|          2|    1|          2|
    |out_imag_15_ce0       |   9|          2|    1|          2|
    |out_imag_1_address0   |   9|          2|    1|          2|
    |out_imag_1_ce0        |   9|          2|    1|          2|
    |out_imag_2_address0   |   9|          2|    1|          2|
    |out_imag_2_ce0        |   9|          2|    1|          2|
    |out_imag_3_address0   |   9|          2|    1|          2|
    |out_imag_3_ce0        |   9|          2|    1|          2|
    |out_imag_4_address0   |   9|          2|    1|          2|
    |out_imag_4_ce0        |   9|          2|    1|          2|
    |out_imag_5_address0   |   9|          2|    1|          2|
    |out_imag_5_ce0        |   9|          2|    1|          2|
    |out_imag_6_address0   |   9|          2|    1|          2|
    |out_imag_6_ce0        |   9|          2|    1|          2|
    |out_imag_7_address0   |   9|          2|    1|          2|
    |out_imag_7_ce0        |   9|          2|    1|          2|
    |out_imag_8_address0   |   9|          2|    1|          2|
    |out_imag_8_ce0        |   9|          2|    1|          2|
    |out_imag_9_address0   |   9|          2|    1|          2|
    |out_imag_9_ce0        |   9|          2|    1|          2|
    |out_imag_address0     |   9|          2|    1|          2|
    |out_imag_ce0          |   9|          2|    1|          2|
    |out_real_10_address0  |   9|          2|    1|          2|
    |out_real_10_ce0       |   9|          2|    1|          2|
    |out_real_11_address0  |   9|          2|    1|          2|
    |out_real_11_ce0       |   9|          2|    1|          2|
    |out_real_12_address0  |   9|          2|    1|          2|
    |out_real_12_ce0       |   9|          2|    1|          2|
    |out_real_13_address0  |   9|          2|    1|          2|
    |out_real_13_ce0       |   9|          2|    1|          2|
    |out_real_14_address0  |   9|          2|    1|          2|
    |out_real_14_ce0       |   9|          2|    1|          2|
    |out_real_15_address0  |   9|          2|    1|          2|
    |out_real_15_ce0       |   9|          2|    1|          2|
    |out_real_1_address0   |   9|          2|    1|          2|
    |out_real_1_ce0        |   9|          2|    1|          2|
    |out_real_2_address0   |   9|          2|    1|          2|
    |out_real_2_ce0        |   9|          2|    1|          2|
    |out_real_3_address0   |   9|          2|    1|          2|
    |out_real_3_ce0        |   9|          2|    1|          2|
    |out_real_4_address0   |   9|          2|    1|          2|
    |out_real_4_ce0        |   9|          2|    1|          2|
    |out_real_5_address0   |   9|          2|    1|          2|
    |out_real_5_ce0        |   9|          2|    1|          2|
    |out_real_6_address0   |   9|          2|    1|          2|
    |out_real_6_ce0        |   9|          2|    1|          2|
    |out_real_7_address0   |   9|          2|    1|          2|
    |out_real_7_ce0        |   9|          2|    1|          2|
    |out_real_8_address0   |   9|          2|    1|          2|
    |out_real_8_ce0        |   9|          2|    1|          2|
    |out_real_9_address0   |   9|          2|    1|          2|
    |out_real_9_ce0        |   9|          2|    1|          2|
    |out_real_address0     |   9|          2|    1|          2|
    |out_real_ce0          |   9|          2|    1|          2|
    +----------------------+----+-----------+-----+-----------+
    |Total                 |1800|        392|  167|        402|
    +----------------------+----+-----------+-----+-----------+

    * Register: 
    +-------------------------------------------------+---+----+-----+-----------+
    |                       Name                      | FF| LUT| Bits| Const Bits|
    +-------------------------------------------------+---+----+-----+-----------+
    |add_ln23_reg_1099                                |  6|   0|    6|          0|
    |ap_CS_fsm                                        |  5|   0|    5|          0|
    |grp_dft_Pipeline_loop_n_fu_726_ap_start_reg      |  1|   0|    1|          0|
    |grp_dft_Pipeline_write_back_fu_861_ap_start_reg  |  1|   0|    1|          0|
    |k_fu_202                                         |  6|   0|    6|          0|
    |trunc_ln23_1_reg_1109                            |  1|   0|    1|          0|
    |trunc_ln23_reg_1104                              |  5|   0|    5|          0|
    |trunc_ln_reg_1114                                |  4|   0|    4|          0|
    +-------------------------------------------------+---+----+-----+-----------+
    |Total                                            | 29|   0|   29|          0|
    +-------------------------------------------------+---+----+-----+-----------+



================================================================
== Interface
================================================================
* Summary: 
+------------------+-----+-----+------------+--------------+--------------+
|     RTL Ports    | Dir | Bits|  Protocol  | Source Object|    C Type    |
+------------------+-----+-----+------------+--------------+--------------+
|ap_clk            |   in|    1|  ap_ctrl_hs|           dft|  return value|
|ap_rst            |   in|    1|  ap_ctrl_hs|           dft|  return value|
|ap_start          |   in|    1|  ap_ctrl_hs|           dft|  return value|
|ap_done           |  out|    1|  ap_ctrl_hs|           dft|  return value|
|ap_idle           |  out|    1|  ap_ctrl_hs|           dft|  return value|
|ap_ready          |  out|    1|  ap_ctrl_hs|           dft|  return value|
|XX_R_0_address0   |  out|    1|   ap_memory|        XX_R_0|         array|
|XX_R_0_ce0        |  out|    1|   ap_memory|        XX_R_0|         array|
|XX_R_0_we0        |  out|    1|   ap_memory|        XX_R_0|         array|
|XX_R_0_d0         |  out|   32|   ap_memory|        XX_R_0|         array|
|XX_R_0_q0         |   in|   32|   ap_memory|        XX_R_0|         array|
|XX_R_1_address0   |  out|    1|   ap_memory|        XX_R_1|         array|
|XX_R_1_ce0        |  out|    1|   ap_memory|        XX_R_1|         array|
|XX_R_1_we0        |  out|    1|   ap_memory|        XX_R_1|         array|
|XX_R_1_d0         |  out|   32|   ap_memory|        XX_R_1|         array|
|XX_R_1_q0         |   in|   32|   ap_memory|        XX_R_1|         array|
|XX_R_2_address0   |  out|    1|   ap_memory|        XX_R_2|         array|
|XX_R_2_ce0        |  out|    1|   ap_memory|        XX_R_2|         array|
|XX_R_2_we0        |  out|    1|   ap_memory|        XX_R_2|         array|
|XX_R_2_d0         |  out|   32|   ap_memory|        XX_R_2|         array|
|XX_R_2_q0         |   in|   32|   ap_memory|        XX_R_2|         array|
|XX_R_3_address0   |  out|    1|   ap_memory|        XX_R_3|         array|
|XX_R_3_ce0        |  out|    1|   ap_memory|        XX_R_3|         array|
|XX_R_3_we0        |  out|    1|   ap_memory|        XX_R_3|         array|
|XX_R_3_d0         |  out|   32|   ap_memory|        XX_R_3|         array|
|XX_R_3_q0         |   in|   32|   ap_memory|        XX_R_3|         array|
|XX_R_4_address0   |  out|    1|   ap_memory|        XX_R_4|         array|
|XX_R_4_ce0        |  out|    1|   ap_memory|        XX_R_4|         array|
|XX_R_4_we0        |  out|    1|   ap_memory|        XX_R_4|         array|
|XX_R_4_d0         |  out|   32|   ap_memory|        XX_R_4|         array|
|XX_R_4_q0         |   in|   32|   ap_memory|        XX_R_4|         array|
|XX_R_5_address0   |  out|    1|   ap_memory|        XX_R_5|         array|
|XX_R_5_ce0        |  out|    1|   ap_memory|        XX_R_5|         array|
|XX_R_5_we0        |  out|    1|   ap_memory|        XX_R_5|         array|
|XX_R_5_d0         |  out|   32|   ap_memory|        XX_R_5|         array|
|XX_R_5_q0         |   in|   32|   ap_memory|        XX_R_5|         array|
|XX_R_6_address0   |  out|    1|   ap_memory|        XX_R_6|         array|
|XX_R_6_ce0        |  out|    1|   ap_memory|        XX_R_6|         array|
|XX_R_6_we0        |  out|    1|   ap_memory|        XX_R_6|         array|
|XX_R_6_d0         |  out|   32|   ap_memory|        XX_R_6|         array|
|XX_R_6_q0         |   in|   32|   ap_memory|        XX_R_6|         array|
|XX_R_7_address0   |  out|    1|   ap_memory|        XX_R_7|         array|
|XX_R_7_ce0        |  out|    1|   ap_memory|        XX_R_7|         array|
|XX_R_7_we0        |  out|    1|   ap_memory|        XX_R_7|         array|
|XX_R_7_d0         |  out|   32|   ap_memory|        XX_R_7|         array|
|XX_R_7_q0         |   in|   32|   ap_memory|        XX_R_7|         array|
|XX_R_8_address0   |  out|    1|   ap_memory|        XX_R_8|         array|
|XX_R_8_ce0        |  out|    1|   ap_memory|        XX_R_8|         array|
|XX_R_8_we0        |  out|    1|   ap_memory|        XX_R_8|         array|
|XX_R_8_d0         |  out|   32|   ap_memory|        XX_R_8|         array|
|XX_R_8_q0         |   in|   32|   ap_memory|        XX_R_8|         array|
|XX_R_9_address0   |  out|    1|   ap_memory|        XX_R_9|         array|
|XX_R_9_ce0        |  out|    1|   ap_memory|        XX_R_9|         array|
|XX_R_9_we0        |  out|    1|   ap_memory|        XX_R_9|         array|
|XX_R_9_d0         |  out|   32|   ap_memory|        XX_R_9|         array|
|XX_R_9_q0         |   in|   32|   ap_memory|        XX_R_9|         array|
|XX_R_10_address0  |  out|    1|   ap_memory|       XX_R_10|         array|
|XX_R_10_ce0       |  out|    1|   ap_memory|       XX_R_10|         array|
|XX_R_10_we0       |  out|    1|   ap_memory|       XX_R_10|         array|
|XX_R_10_d0        |  out|   32|   ap_memory|       XX_R_10|         array|
|XX_R_10_q0        |   in|   32|   ap_memory|       XX_R_10|         array|
|XX_R_11_address0  |  out|    1|   ap_memory|       XX_R_11|         array|
|XX_R_11_ce0       |  out|    1|   ap_memory|       XX_R_11|         array|
|XX_R_11_we0       |  out|    1|   ap_memory|       XX_R_11|         array|
|XX_R_11_d0        |  out|   32|   ap_memory|       XX_R_11|         array|
|XX_R_11_q0        |   in|   32|   ap_memory|       XX_R_11|         array|
|XX_R_12_address0  |  out|    1|   ap_memory|       XX_R_12|         array|
|XX_R_12_ce0       |  out|    1|   ap_memory|       XX_R_12|         array|
|XX_R_12_we0       |  out|    1|   ap_memory|       XX_R_12|         array|
|XX_R_12_d0        |  out|   32|   ap_memory|       XX_R_12|         array|
|XX_R_12_q0        |   in|   32|   ap_memory|       XX_R_12|         array|
|XX_R_13_address0  |  out|    1|   ap_memory|       XX_R_13|         array|
|XX_R_13_ce0       |  out|    1|   ap_memory|       XX_R_13|         array|
|XX_R_13_we0       |  out|    1|   ap_memory|       XX_R_13|         array|
|XX_R_13_d0        |  out|   32|   ap_memory|       XX_R_13|         array|
|XX_R_13_q0        |   in|   32|   ap_memory|       XX_R_13|         array|
|XX_R_14_address0  |  out|    1|   ap_memory|       XX_R_14|         array|
|XX_R_14_ce0       |  out|    1|   ap_memory|       XX_R_14|         array|
|XX_R_14_we0       |  out|    1|   ap_memory|       XX_R_14|         array|
|XX_R_14_d0        |  out|   32|   ap_memory|       XX_R_14|         array|
|XX_R_14_q0        |   in|   32|   ap_memory|       XX_R_14|         array|
|XX_R_15_address0  |  out|    1|   ap_memory|       XX_R_15|         array|
|XX_R_15_ce0       |  out|    1|   ap_memory|       XX_R_15|         array|
|XX_R_15_we0       |  out|    1|   ap_memory|       XX_R_15|         array|
|XX_R_15_d0        |  out|   32|   ap_memory|       XX_R_15|         array|
|XX_R_15_q0        |   in|   32|   ap_memory|       XX_R_15|         array|
|XX_I_0_address0   |  out|    1|   ap_memory|        XX_I_0|         array|
|XX_I_0_ce0        |  out|    1|   ap_memory|        XX_I_0|         array|
|XX_I_0_we0        |  out|    1|   ap_memory|        XX_I_0|         array|
|XX_I_0_d0         |  out|   32|   ap_memory|        XX_I_0|         array|
|XX_I_0_q0         |   in|   32|   ap_memory|        XX_I_0|         array|
|XX_I_1_address0   |  out|    1|   ap_memory|        XX_I_1|         array|
|XX_I_1_ce0        |  out|    1|   ap_memory|        XX_I_1|         array|
|XX_I_1_we0        |  out|    1|   ap_memory|        XX_I_1|         array|
|XX_I_1_d0         |  out|   32|   ap_memory|        XX_I_1|         array|
|XX_I_1_q0         |   in|   32|   ap_memory|        XX_I_1|         array|
|XX_I_2_address0   |  out|    1|   ap_memory|        XX_I_2|         array|
|XX_I_2_ce0        |  out|    1|   ap_memory|        XX_I_2|         array|
|XX_I_2_we0        |  out|    1|   ap_memory|        XX_I_2|         array|
|XX_I_2_d0         |  out|   32|   ap_memory|        XX_I_2|         array|
|XX_I_2_q0         |   in|   32|   ap_memory|        XX_I_2|         array|
|XX_I_3_address0   |  out|    1|   ap_memory|        XX_I_3|         array|
|XX_I_3_ce0        |  out|    1|   ap_memory|        XX_I_3|         array|
|XX_I_3_we0        |  out|    1|   ap_memory|        XX_I_3|         array|
|XX_I_3_d0         |  out|   32|   ap_memory|        XX_I_3|         array|
|XX_I_3_q0         |   in|   32|   ap_memory|        XX_I_3|         array|
|XX_I_4_address0   |  out|    1|   ap_memory|        XX_I_4|         array|
|XX_I_4_ce0        |  out|    1|   ap_memory|        XX_I_4|         array|
|XX_I_4_we0        |  out|    1|   ap_memory|        XX_I_4|         array|
|XX_I_4_d0         |  out|   32|   ap_memory|        XX_I_4|         array|
|XX_I_4_q0         |   in|   32|   ap_memory|        XX_I_4|         array|
|XX_I_5_address0   |  out|    1|   ap_memory|        XX_I_5|         array|
|XX_I_5_ce0        |  out|    1|   ap_memory|        XX_I_5|         array|
|XX_I_5_we0        |  out|    1|   ap_memory|        XX_I_5|         array|
|XX_I_5_d0         |  out|   32|   ap_memory|        XX_I_5|         array|
|XX_I_5_q0         |   in|   32|   ap_memory|        XX_I_5|         array|
|XX_I_6_address0   |  out|    1|   ap_memory|        XX_I_6|         array|
|XX_I_6_ce0        |  out|    1|   ap_memory|        XX_I_6|         array|
|XX_I_6_we0        |  out|    1|   ap_memory|        XX_I_6|         array|
|XX_I_6_d0         |  out|   32|   ap_memory|        XX_I_6|         array|
|XX_I_6_q0         |   in|   32|   ap_memory|        XX_I_6|         array|
|XX_I_7_address0   |  out|    1|   ap_memory|        XX_I_7|         array|
|XX_I_7_ce0        |  out|    1|   ap_memory|        XX_I_7|         array|
|XX_I_7_we0        |  out|    1|   ap_memory|        XX_I_7|         array|
|XX_I_7_d0         |  out|   32|   ap_memory|        XX_I_7|         array|
|XX_I_7_q0         |   in|   32|   ap_memory|        XX_I_7|         array|
|XX_I_8_address0   |  out|    1|   ap_memory|        XX_I_8|         array|
|XX_I_8_ce0        |  out|    1|   ap_memory|        XX_I_8|         array|
|XX_I_8_we0        |  out|    1|   ap_memory|        XX_I_8|         array|
|XX_I_8_d0         |  out|   32|   ap_memory|        XX_I_8|         array|
|XX_I_8_q0         |   in|   32|   ap_memory|        XX_I_8|         array|
|XX_I_9_address0   |  out|    1|   ap_memory|        XX_I_9|         array|
|XX_I_9_ce0        |  out|    1|   ap_memory|        XX_I_9|         array|
|XX_I_9_we0        |  out|    1|   ap_memory|        XX_I_9|         array|
|XX_I_9_d0         |  out|   32|   ap_memory|        XX_I_9|         array|
|XX_I_9_q0         |   in|   32|   ap_memory|        XX_I_9|         array|
|XX_I_10_address0  |  out|    1|   ap_memory|       XX_I_10|         array|
|XX_I_10_ce0       |  out|    1|   ap_memory|       XX_I_10|         array|
|XX_I_10_we0       |  out|    1|   ap_memory|       XX_I_10|         array|
|XX_I_10_d0        |  out|   32|   ap_memory|       XX_I_10|         array|
|XX_I_10_q0        |   in|   32|   ap_memory|       XX_I_10|         array|
|XX_I_11_address0  |  out|    1|   ap_memory|       XX_I_11|         array|
|XX_I_11_ce0       |  out|    1|   ap_memory|       XX_I_11|         array|
|XX_I_11_we0       |  out|    1|   ap_memory|       XX_I_11|         array|
|XX_I_11_d0        |  out|   32|   ap_memory|       XX_I_11|         array|
|XX_I_11_q0        |   in|   32|   ap_memory|       XX_I_11|         array|
|XX_I_12_address0  |  out|    1|   ap_memory|       XX_I_12|         array|
|XX_I_12_ce0       |  out|    1|   ap_memory|       XX_I_12|         array|
|XX_I_12_we0       |  out|    1|   ap_memory|       XX_I_12|         array|
|XX_I_12_d0        |  out|   32|   ap_memory|       XX_I_12|         array|
|XX_I_12_q0        |   in|   32|   ap_memory|       XX_I_12|         array|
|XX_I_13_address0  |  out|    1|   ap_memory|       XX_I_13|         array|
|XX_I_13_ce0       |  out|    1|   ap_memory|       XX_I_13|         array|
|XX_I_13_we0       |  out|    1|   ap_memory|       XX_I_13|         array|
|XX_I_13_d0        |  out|   32|   ap_memory|       XX_I_13|         array|
|XX_I_13_q0        |   in|   32|   ap_memory|       XX_I_13|         array|
|XX_I_14_address0  |  out|    1|   ap_memory|       XX_I_14|         array|
|XX_I_14_ce0       |  out|    1|   ap_memory|       XX_I_14|         array|
|XX_I_14_we0       |  out|    1|   ap_memory|       XX_I_14|         array|
|XX_I_14_d0        |  out|   32|   ap_memory|       XX_I_14|         array|
|XX_I_14_q0        |   in|   32|   ap_memory|       XX_I_14|         array|
|XX_I_15_address0  |  out|    1|   ap_memory|       XX_I_15|         array|
|XX_I_15_ce0       |  out|    1|   ap_memory|       XX_I_15|         array|
|XX_I_15_we0       |  out|    1|   ap_memory|       XX_I_15|         array|
|XX_I_15_d0        |  out|   32|   ap_memory|       XX_I_15|         array|
|XX_I_15_q0        |   in|   32|   ap_memory|       XX_I_15|         array|
+------------------+-----+-----+------------+--------------+--------------+

