

================================================================
== Vitis HLS Report for 'dft'
================================================================
* Date:           Fri Nov  7 01:48:07 2025

* Version:        2024.2 (Build 5238294 on Nov  8 2024)
* Project:        dft
* Solution:       hls (Vivado IP Flow Target)
* Product family: zynq
* Target device:  xc7z020-clg400-1


================================================================
== Performance Estimates
================================================================
+ Timing: 
    * Summary: 
    +--------+----------+----------+------------+
    |  Clock |  Target  | Estimated| Uncertainty|
    +--------+----------+----------+------------+
    |ap_clk  |  10.00 ns|  7.256 ns|     2.70 ns|
    +--------+----------+----------+------------+

+ Latency: 
    * Summary: 
    +---------+---------+-----------+-----------+------+------+---------+
    |  Latency (cycles) |   Latency (absolute)  |   Interval  | Pipeline|
    |   min   |   max   |    min    |    max    |  min |  max |   Type  |
    +---------+---------+-----------+-----------+------+------+---------+
    |     6245|     6245|  62.450 us|  62.450 us|  6246|  6246|       no|
    +---------+---------+-----------+-----------+------+------+---------+

    + Detail: 
        * Instance: 
        +-------------------------------------+-------------------------+---------+---------+----------+----------+-----+-----+------------------------------------------------+
        |                                     |                         |  Latency (cycles) |  Latency (absolute) |  Interval |                    Pipeline                    |
        |               Instance              |          Module         |   min   |   max   |    min   |    max   | min | max |                      Type                      |
        +-------------------------------------+-------------------------+---------+---------+----------+----------+-----+-----+------------------------------------------------+
        |grp_dft_Pipeline_write_back_fu_2486  |dft_Pipeline_write_back  |       34|       34|  0.340 us|  0.340 us|   33|   33|  loop auto-rewind stp (delay=0 clock cycles(s))|
        |grp_dft_Pipeline_loop_n_fu_2586      |dft_Pipeline_loop_n      |      190|      190|  1.900 us|  1.900 us|  187|  187|  loop auto-rewind stp (delay=0 clock cycles(s))|
        +-------------------------------------+-------------------------+---------+---------+----------+----------+-----+-----+------------------------------------------------+

        * Loop: 
        +----------+---------+---------+----------+-----------+-----------+------+----------+
        |          |  Latency (cycles) | Iteration|  Initiation Interval  | Trip |          |
        | Loop Name|   min   |   max   |  Latency |  achieved |   target  | Count| Pipelined|
        +----------+---------+---------+----------+-----------+-----------+------+----------+
        |- loop_k  |     6208|     6208|       194|          -|          -|    32|        no|
        +----------+---------+---------+----------+-----------+-----------+------+----------+



================================================================
== Utilization Estimates
================================================================
* Summary: 
+-----------------+---------+-----+--------+-------+-----+
|       Name      | BRAM_18K| DSP |   FF   |  LUT  | URAM|
+-----------------+---------+-----+--------+-------+-----+
|DSP              |        -|    -|       -|      -|    -|
|Expression       |        -|    -|       0|     28|    -|
|FIFO             |        -|    -|       -|      -|    -|
|Instance         |        -|    5|    1058|   1749|    -|
|Memory           |       64|    -|    1024|     32|    0|
|Multiplexer      |        -|    -|       0|   1491|    -|
|Register         |        -|    -|    4122|      -|    -|
+-----------------+---------+-----+--------+-------+-----+
|Total            |       64|    5|    6204|   3300|    0|
+-----------------+---------+-----+--------+-------+-----+
|Available        |      280|  220|  106400|  53200|    0|
+-----------------+---------+-----+--------+-------+-----+
|Utilization (%)  |       22|    2|       5|      6|    0|
+-----------------+---------+-----+--------+-------+-----+

+ Detail: 
    * Instance: 
    +-------------------------------------+-------------------------+---------+----+------+------+-----+
    |               Instance              |          Module         | BRAM_18K| DSP|  FF  |  LUT | URAM|
    +-------------------------------------+-------------------------+---------+----+------+------+-----+
    |grp_dft_Pipeline_loop_n_fu_2586      |dft_Pipeline_loop_n      |        0|   5|  1044|  1553|    0|
    |grp_dft_Pipeline_write_back_fu_2486  |dft_Pipeline_write_back  |        0|   0|    14|   196|    0|
    +-------------------------------------+-------------------------+---------+----+------+------+-----+
    |Total                                |                         |        0|   5|  1058|  1749|    0|
    +-------------------------------------+-------------------------+---------+----+------+------+-----+

    * DSP: 
    N/A

    * Memory: 
    +------------------------------+----------------------------------------+---------+----+----+-----+------+-----+------+-------------+
    |            Memory            |                 Module                 | BRAM_18K| FF | LUT| URAM| Words| Bits| Banks| W*Bits*Banks|
    +------------------------------+----------------------------------------+---------+----+----+-----+------+-----+------+-------------+
    |out_real_U                    |out_real_RAM_AUTO_1R1W                  |        0|  32|   1|    0|     2|   32|     1|           64|
    |out_real_1_U                  |out_real_RAM_AUTO_1R1W                  |        0|  32|   1|    0|     2|   32|     1|           64|
    |out_real_2_U                  |out_real_RAM_AUTO_1R1W                  |        0|  32|   1|    0|     2|   32|     1|           64|
    |out_real_3_U                  |out_real_RAM_AUTO_1R1W                  |        0|  32|   1|    0|     2|   32|     1|           64|
    |out_real_4_U                  |out_real_RAM_AUTO_1R1W                  |        0|  32|   1|    0|     2|   32|     1|           64|
    |out_real_5_U                  |out_real_RAM_AUTO_1R1W                  |        0|  32|   1|    0|     2|   32|     1|           64|
    |out_real_6_U                  |out_real_RAM_AUTO_1R1W                  |        0|  32|   1|    0|     2|   32|     1|           64|
    |out_real_7_U                  |out_real_RAM_AUTO_1R1W                  |        0|  32|   1|    0|     2|   32|     1|           64|
    |out_real_8_U                  |out_real_RAM_AUTO_1R1W                  |        0|  32|   1|    0|     2|   32|     1|           64|
    |out_real_9_U                  |out_real_RAM_AUTO_1R1W                  |        0|  32|   1|    0|     2|   32|     1|           64|
    |out_real_10_U                 |out_real_RAM_AUTO_1R1W                  |        0|  32|   1|    0|     2|   32|     1|           64|
    |out_real_11_U                 |out_real_RAM_AUTO_1R1W                  |        0|  32|   1|    0|     2|   32|     1|           64|
    |out_real_12_U                 |out_real_RAM_AUTO_1R1W                  |        0|  32|   1|    0|     2|   32|     1|           64|
    |out_real_13_U                 |out_real_RAM_AUTO_1R1W                  |        0|  32|   1|    0|     2|   32|     1|           64|
    |out_real_14_U                 |out_real_RAM_AUTO_1R1W                  |        0|  32|   1|    0|     2|   32|     1|           64|
    |out_real_15_U                 |out_real_RAM_AUTO_1R1W                  |        0|  32|   1|    0|     2|   32|     1|           64|
    |out_imag_U                    |out_real_RAM_AUTO_1R1W                  |        0|  32|   1|    0|     2|   32|     1|           64|
    |out_imag_1_U                  |out_real_RAM_AUTO_1R1W                  |        0|  32|   1|    0|     2|   32|     1|           64|
    |out_imag_2_U                  |out_real_RAM_AUTO_1R1W                  |        0|  32|   1|    0|     2|   32|     1|           64|
    |out_imag_3_U                  |out_real_RAM_AUTO_1R1W                  |        0|  32|   1|    0|     2|   32|     1|           64|
    |out_imag_4_U                  |out_real_RAM_AUTO_1R1W                  |        0|  32|   1|    0|     2|   32|     1|           64|
    |out_imag_5_U                  |out_real_RAM_AUTO_1R1W                  |        0|  32|   1|    0|     2|   32|     1|           64|
    |out_imag_6_U                  |out_real_RAM_AUTO_1R1W                  |        0|  32|   1|    0|     2|   32|     1|           64|
    |out_imag_7_U                  |out_real_RAM_AUTO_1R1W                  |        0|  32|   1|    0|     2|   32|     1|           64|
    |out_imag_8_U                  |out_real_RAM_AUTO_1R1W                  |        0|  32|   1|    0|     2|   32|     1|           64|
    |out_imag_9_U                  |out_real_RAM_AUTO_1R1W                  |        0|  32|   1|    0|     2|   32|     1|           64|
    |out_imag_10_U                 |out_real_RAM_AUTO_1R1W                  |        0|  32|   1|    0|     2|   32|     1|           64|
    |out_imag_11_U                 |out_real_RAM_AUTO_1R1W                  |        0|  32|   1|    0|     2|   32|     1|           64|
    |out_imag_12_U                 |out_real_RAM_AUTO_1R1W                  |        0|  32|   1|    0|     2|   32|     1|           64|
    |out_imag_13_U                 |out_real_RAM_AUTO_1R1W                  |        0|  32|   1|    0|     2|   32|     1|           64|
    |out_imag_14_U                 |out_real_RAM_AUTO_1R1W                  |        0|  32|   1|    0|     2|   32|     1|           64|
    |out_imag_15_U                 |out_real_RAM_AUTO_1R1W                  |        0|  32|   1|    0|     2|   32|     1|           64|
    |p_ZL15cos_coeff_table_0_0_U   |p_ZL15cos_coeff_table_0_0_ROM_AUTO_1R   |        1|   0|   0|    0|    32|   32|     1|         1024|
    |p_ZL15cos_coeff_table_0_1_U   |p_ZL15cos_coeff_table_0_1_ROM_AUTO_1R   |        1|   0|   0|    0|    32|   32|     1|         1024|
    |p_ZL15cos_coeff_table_10_0_U  |p_ZL15cos_coeff_table_10_0_ROM_AUTO_1R  |        1|   0|   0|    0|    32|   32|     1|         1024|
    |p_ZL15cos_coeff_table_11_0_U  |p_ZL15cos_coeff_table_11_0_ROM_AUTO_1R  |        1|   0|   0|    0|    32|   32|     1|         1024|
    |p_ZL15cos_coeff_table_11_1_U  |p_ZL15cos_coeff_table_11_1_ROM_AUTO_1R  |        1|   0|   0|    0|    32|   32|     1|         1024|
    |p_ZL15cos_coeff_table_12_0_U  |p_ZL15cos_coeff_table_12_0_ROM_AUTO_1R  |        1|   0|   0|    0|    32|   32|     1|         1024|
    |p_ZL15cos_coeff_table_13_0_U  |p_ZL15cos_coeff_table_13_0_ROM_AUTO_1R  |        1|   0|   0|    0|    32|   32|     1|         1024|
    |p_ZL15cos_coeff_table_13_1_U  |p_ZL15cos_coeff_table_13_1_ROM_AUTO_1R  |        1|   0|   0|    0|    32|   32|     1|         1024|
    |p_ZL15cos_coeff_table_14_0_U  |p_ZL15cos_coeff_table_14_0_ROM_AUTO_1R  |        1|   0|   0|    0|    32|   32|     1|         1024|
    |p_ZL15cos_coeff_table_14_1_U  |p_ZL15cos_coeff_table_14_1_ROM_AUTO_1R  |        1|   0|   0|    0|    32|   32|     1|         1024|
    |p_ZL15cos_coeff_table_15_0_U  |p_ZL15cos_coeff_table_15_0_ROM_AUTO_1R  |        1|   0|   0|    0|    32|   32|     1|         1024|
    |p_ZL15cos_coeff_table_15_1_U  |p_ZL15cos_coeff_table_15_1_ROM_AUTO_1R  |        1|   0|   0|    0|    32|   32|     1|         1024|
    |p_ZL15cos_coeff_table_1_0_U   |p_ZL15cos_coeff_table_1_0_ROM_AUTO_1R   |        1|   0|   0|    0|    32|   32|     1|         1024|
    |p_ZL15cos_coeff_table_1_1_U   |p_ZL15cos_coeff_table_1_1_ROM_AUTO_1R   |        1|   0|   0|    0|    32|   32|     1|         1024|
    |p_ZL15cos_coeff_table_2_0_U   |p_ZL15cos_coeff_table_2_0_ROM_AUTO_1R   |        1|   0|   0|    0|    32|   32|     1|         1024|
    |p_ZL15cos_coeff_table_2_1_U   |p_ZL15cos_coeff_table_2_1_ROM_AUTO_1R   |        1|   0|   0|    0|    32|   32|     1|         1024|
    |p_ZL15cos_coeff_table_3_0_U   |p_ZL15cos_coeff_table_3_0_ROM_AUTO_1R   |        1|   0|   0|    0|    32|   32|     1|         1024|
    |p_ZL15cos_coeff_table_3_1_U   |p_ZL15cos_coeff_table_3_1_ROM_AUTO_1R   |        1|   0|   0|    0|    32|   32|     1|         1024|
    |p_ZL15cos_coeff_table_12_1_U  |p_ZL15cos_coeff_table_3_1_ROM_AUTO_1R   |        1|   0|   0|    0|    32|   32|     1|         1024|
    |p_ZL15cos_coeff_table_4_0_U   |p_ZL15cos_coeff_table_4_0_ROM_AUTO_1R   |        1|   0|   0|    0|    32|   32|     1|         1024|
    |p_ZL15cos_coeff_table_4_1_U   |p_ZL15cos_coeff_table_4_1_ROM_AUTO_1R   |        1|   0|   0|    0|    32|   32|     1|         1024|
    |p_ZL15cos_coeff_table_5_0_U   |p_ZL15cos_coeff_table_5_0_ROM_AUTO_1R   |        1|   0|   0|    0|    32|   32|     1|         1024|
    |p_ZL15cos_coeff_table_5_1_U   |p_ZL15cos_coeff_table_5_1_ROM_AUTO_1R   |        1|   0|   0|    0|    32|   32|     1|         1024|
    |p_ZL15cos_coeff_table_10_1_U  |p_ZL15cos_coeff_table_5_1_ROM_AUTO_1R   |        1|   0|   0|    0|    32|   32|     1|         1024|
    |p_ZL15cos_coeff_table_6_0_U   |p_ZL15cos_coeff_table_6_0_ROM_AUTO_1R   |        1|   0|   0|    0|    32|   32|     1|         1024|
    |p_ZL15cos_coeff_table_6_1_U   |p_ZL15cos_coeff_table_6_1_ROM_AUTO_1R   |        1|   0|   0|    0|    32|   32|     1|         1024|
    |p_ZL15cos_coeff_table_7_0_U   |p_ZL15cos_coeff_table_7_0_ROM_AUTO_1R   |        1|   0|   0|    0|    32|   32|     1|         1024|
    |p_ZL15cos_coeff_table_7_1_U   |p_ZL15cos_coeff_table_7_1_ROM_AUTO_1R   |        1|   0|   0|    0|    32|   32|     1|         1024|
    |p_ZL15cos_coeff_table_8_0_U   |p_ZL15cos_coeff_table_8_0_ROM_AUTO_1R   |        1|   0|   0|    0|    32|   32|     1|         1024|
    |p_ZL15cos_coeff_table_8_1_U   |p_ZL15cos_coeff_table_8_1_ROM_AUTO_1R   |        1|   0|   0|    0|    32|   32|     1|         1024|
    |p_ZL15cos_coeff_table_9_0_U   |p_ZL15cos_coeff_table_9_0_ROM_AUTO_1R   |        1|   0|   0|    0|    32|   32|     1|         1024|
    |p_ZL15cos_coeff_table_9_1_U   |p_ZL15cos_coeff_table_9_1_ROM_AUTO_1R   |        1|   0|   0|    0|    32|   32|     1|         1024|
    |p_ZL15sin_coeff_table_0_0_U   |p_ZL15sin_coeff_table_0_0_ROM_AUTO_1R   |        1|   0|   0|    0|    32|   32|     1|         1024|
    |p_ZL15sin_coeff_table_0_1_U   |p_ZL15sin_coeff_table_0_1_ROM_AUTO_1R   |        1|   0|   0|    0|    32|   32|     1|         1024|
    |p_ZL15sin_coeff_table_10_0_U  |p_ZL15sin_coeff_table_10_0_ROM_AUTO_1R  |        1|   0|   0|    0|    32|   32|     1|         1024|
    |p_ZL15sin_coeff_table_10_1_U  |p_ZL15sin_coeff_table_10_1_ROM_AUTO_1R  |        1|   0|   0|    0|    32|   32|     1|         1024|
    |p_ZL15sin_coeff_table_11_0_U  |p_ZL15sin_coeff_table_11_0_ROM_AUTO_1R  |        1|   0|   0|    0|    32|   32|     1|         1024|
    |p_ZL15sin_coeff_table_11_1_U  |p_ZL15sin_coeff_table_11_1_ROM_AUTO_1R  |        1|   0|   0|    0|    32|   32|     1|         1024|
    |p_ZL15sin_coeff_table_12_0_U  |p_ZL15sin_coeff_table_12_0_ROM_AUTO_1R  |        1|   0|   0|    0|    32|   32|     1|         1024|
    |p_ZL15sin_coeff_table_12_1_U  |p_ZL15sin_coeff_table_12_1_ROM_AUTO_1R  |        1|   0|   0|    0|    32|   32|     1|         1024|
    |p_ZL15sin_coeff_table_13_0_U  |p_ZL15sin_coeff_table_13_0_ROM_AUTO_1R  |        1|   0|   0|    0|    32|   32|     1|         1024|
    |p_ZL15sin_coeff_table_13_1_U  |p_ZL15sin_coeff_table_13_1_ROM_AUTO_1R  |        1|   0|   0|    0|    32|   32|     1|         1024|
    |p_ZL15sin_coeff_table_14_0_U  |p_ZL15sin_coeff_table_14_0_ROM_AUTO_1R  |        1|   0|   0|    0|    32|   32|     1|         1024|
    |p_ZL15sin_coeff_table_14_1_U  |p_ZL15sin_coeff_table_14_1_ROM_AUTO_1R  |        1|   0|   0|    0|    32|   32|     1|         1024|
    |p_ZL15sin_coeff_table_15_0_U  |p_ZL15sin_coeff_table_15_0_ROM_AUTO_1R  |        1|   0|   0|    0|    32|   32|     1|         1024|
    |p_ZL15sin_coeff_table_15_1_U  |p_ZL15sin_coeff_table_15_1_ROM_AUTO_1R  |        1|   0|   0|    0|    32|   32|     1|         1024|
    |p_ZL15sin_coeff_table_1_0_U   |p_ZL15sin_coeff_table_1_0_ROM_AUTO_1R   |        1|   0|   0|    0|    32|   32|     1|         1024|
    |p_ZL15sin_coeff_table_1_1_U   |p_ZL15sin_coeff_table_1_1_ROM_AUTO_1R   |        1|   0|   0|    0|    32|   32|     1|         1024|
    |p_ZL15sin_coeff_table_2_0_U   |p_ZL15sin_coeff_table_2_0_ROM_AUTO_1R   |        1|   0|   0|    0|    32|   32|     1|         1024|
    |p_ZL15sin_coeff_table_2_1_U   |p_ZL15sin_coeff_table_2_1_ROM_AUTO_1R   |        1|   0|   0|    0|    32|   32|     1|         1024|
    |p_ZL15sin_coeff_table_3_0_U   |p_ZL15sin_coeff_table_3_0_ROM_AUTO_1R   |        1|   0|   0|    0|    32|   32|     1|         1024|
    |p_ZL15sin_coeff_table_3_1_U   |p_ZL15sin_coeff_table_3_1_ROM_AUTO_1R   |        1|   0|   0|    0|    32|   32|     1|         1024|
    |p_ZL15sin_coeff_table_4_0_U   |p_ZL15sin_coeff_table_4_0_ROM_AUTO_1R   |        1|   0|   0|    0|    32|   32|     1|         1024|
    |p_ZL15sin_coeff_table_4_1_U   |p_ZL15sin_coeff_table_4_1_ROM_AUTO_1R   |        1|   0|   0|    0|    32|   32|     1|         1024|
    |p_ZL15sin_coeff_table_5_0_U   |p_ZL15sin_coeff_table_5_0_ROM_AUTO_1R   |        1|   0|   0|    0|    32|   32|     1|         1024|
    |p_ZL15sin_coeff_table_5_1_U   |p_ZL15sin_coeff_table_5_1_ROM_AUTO_1R   |        1|   0|   0|    0|    32|   32|     1|         1024|
    |p_ZL15sin_coeff_table_6_0_U   |p_ZL15sin_coeff_table_6_0_ROM_AUTO_1R   |        1|   0|   0|    0|    32|   32|     1|         1024|
    |p_ZL15sin_coeff_table_6_1_U   |p_ZL15sin_coeff_table_6_1_ROM_AUTO_1R   |        1|   0|   0|    0|    32|   32|     1|         1024|
    |p_ZL15sin_coeff_table_7_0_U   |p_ZL15sin_coeff_table_7_0_ROM_AUTO_1R   |        1|   0|   0|    0|    32|   32|     1|         1024|
    |p_ZL15sin_coeff_table_7_1_U   |p_ZL15sin_coeff_table_7_1_ROM_AUTO_1R   |        1|   0|   0|    0|    32|   32|     1|         1024|
    |p_ZL15sin_coeff_table_8_0_U   |p_ZL15sin_coeff_table_8_0_ROM_AUTO_1R   |        1|   0|   0|    0|    32|   32|     1|         1024|
    |p_ZL15sin_coeff_table_8_1_U   |p_ZL15sin_coeff_table_8_1_ROM_AUTO_1R   |        1|   0|   0|    0|    32|   32|     1|         1024|
    |p_ZL15sin_coeff_table_9_0_U   |p_ZL15sin_coeff_table_9_0_ROM_AUTO_1R   |        1|   0|   0|    0|    32|   32|     1|         1024|
    |p_ZL15sin_coeff_table_9_1_U   |p_ZL15sin_coeff_table_9_1_ROM_AUTO_1R   |        1|   0|   0|    0|    32|   32|     1|         1024|
    +------------------------------+----------------------------------------+---------+----+----+-----+------+-----+------+-------------+
    |Total                         |                                        |       64|1024|  32|    0|  2112| 3072|    96|        67584|
    +------------------------------+----------------------------------------+---------+----+----+-----+------+-----+------+-------------+

    * FIFO: 
    N/A

    * Expression: 
    +----------------------+----------+----+---+----+------------+------------+
    |     Variable Name    | Operation| DSP| FF| LUT| Bitwidth P0| Bitwidth P1|
    +----------------------+----------+----+---+----+------------+------------+
    |add_ln23_fu_3054_p2   |         +|   0|  0|  14|           6|           1|
    |icmp_ln23_fu_3048_p2  |      icmp|   0|  0|  14|           6|           7|
    +----------------------+----------+----+---+----+------------+------------+
    |Total                 |          |   0|  0|  28|          12|           8|
    +----------------------+----------+----+---+----+------------+------------+

    * Multiplexer: 
    +----------------------+----+-----------+-----+-----------+
    |         Name         | LUT| Input Size| Bits| Total Bits|
    +----------------------+----+-----------+-----+-----------+
    |XX_I_0_address0       |   9|          2|    1|          2|
    |XX_I_0_ce0            |   9|          2|    1|          2|
    |XX_I_0_we0            |   9|          2|    1|          2|
    |XX_I_10_address0      |   9|          2|    1|          2|
    |XX_I_10_ce0           |   9|          2|    1|          2|
    |XX_I_10_we0           |   9|          2|    1|          2|
    |XX_I_11_address0      |   9|          2|    1|          2|
    |XX_I_11_ce0           |   9|          2|    1|          2|
    |XX_I_11_we0           |   9|          2|    1|          2|
    |XX_I_12_address0      |   9|          2|    1|          2|
    |XX_I_12_ce0           |   9|          2|    1|          2|
    |XX_I_12_we0           |   9|          2|    1|          2|
    |XX_I_13_address0      |   9|          2|    1|          2|
    |XX_I_13_ce0           |   9|          2|    1|          2|
    |XX_I_13_we0           |   9|          2|    1|          2|
    |XX_I_14_address0      |   9|          2|    1|          2|
    |XX_I_14_ce0           |   9|          2|    1|          2|
    |XX_I_14_we0           |   9|          2|    1|          2|
    |XX_I_15_address0      |   9|          2|    1|          2|
    |XX_I_15_ce0           |   9|          2|    1|          2|
    |XX_I_15_we0           |   9|          2|    1|          2|
    |XX_I_1_address0       |   9|          2|    1|          2|
    |XX_I_1_ce0            |   9|          2|    1|          2|
    |XX_I_1_we0            |   9|          2|    1|          2|
    |XX_I_2_address0       |   9|          2|    1|          2|
    |XX_I_2_ce0            |   9|          2|    1|          2|
    |XX_I_2_we0            |   9|          2|    1|          2|
    |XX_I_3_address0       |   9|          2|    1|          2|
    |XX_I_3_ce0            |   9|          2|    1|          2|
    |XX_I_3_we0            |   9|          2|    1|          2|
    |XX_I_4_address0       |   9|          2|    1|          2|
    |XX_I_4_ce0            |   9|          2|    1|          2|
    |XX_I_4_we0            |   9|          2|    1|          2|
    |XX_I_5_address0       |   9|          2|    1|          2|
    |XX_I_5_ce0            |   9|          2|    1|          2|
    |XX_I_5_we0            |   9|          2|    1|          2|
    |XX_I_6_address0       |   9|          2|    1|          2|
    |XX_I_6_ce0            |   9|          2|    1|          2|
    |XX_I_6_we0            |   9|          2|    1|          2|
    |XX_I_7_address0       |   9|          2|    1|          2|
    |XX_I_7_ce0            |   9|          2|    1|          2|
    |XX_I_7_we0            |   9|          2|    1|          2|
    |XX_I_8_address0       |   9|          2|    1|          2|
    |XX_I_8_ce0            |   9|          2|    1|          2|
    |XX_I_8_we0            |   9|          2|    1|          2|
    |XX_I_9_address0       |   9|          2|    1|          2|
    |XX_I_9_ce0            |   9|          2|    1|          2|
    |XX_I_9_we0            |   9|          2|    1|          2|
    |XX_R_0_address0       |   9|          2|    1|          2|
    |XX_R_0_ce0            |   9|          2|    1|          2|
    |XX_R_0_we0            |   9|          2|    1|          2|
    |XX_R_10_address0      |   9|          2|    1|          2|
    |XX_R_10_ce0           |   9|          2|    1|          2|
    |XX_R_10_we0           |   9|          2|    1|          2|
    |XX_R_11_address0      |   9|          2|    1|          2|
    |XX_R_11_ce0           |   9|          2|    1|          2|
    |XX_R_11_we0           |   9|          2|    1|          2|
    |XX_R_12_address0      |   9|          2|    1|          2|
    |XX_R_12_ce0           |   9|          2|    1|          2|
    |XX_R_12_we0           |   9|          2|    1|          2|
    |XX_R_13_address0      |   9|          2|    1|          2|
    |XX_R_13_ce0           |   9|          2|    1|          2|
    |XX_R_13_we0           |   9|          2|    1|          2|
    |XX_R_14_address0      |   9|          2|    1|          2|
    |XX_R_14_ce0           |   9|          2|    1|          2|
    |XX_R_14_we0           |   9|          2|    1|          2|
    |XX_R_15_address0      |   9|          2|    1|          2|
    |XX_R_15_ce0           |   9|          2|    1|          2|
    |XX_R_15_we0           |   9|          2|    1|          2|
    |XX_R_1_address0       |   9|          2|    1|          2|
    |XX_R_1_ce0            |   9|          2|    1|          2|
    |XX_R_1_we0            |   9|          2|    1|          2|
    |XX_R_2_address0       |   9|          2|    1|          2|
    |XX_R_2_ce0            |   9|          2|    1|          2|
    |XX_R_2_we0            |   9|          2|    1|          2|
    |XX_R_3_address0       |   9|          2|    1|          2|
    |XX_R_3_ce0            |   9|          2|    1|          2|
    |XX_R_3_we0            |   9|          2|    1|          2|
    |XX_R_4_address0       |   9|          2|    1|          2|
    |XX_R_4_ce0            |   9|          2|    1|          2|
    |XX_R_4_we0            |   9|          2|    1|          2|
    |XX_R_5_address0       |   9|          2|    1|          2|
    |XX_R_5_ce0            |   9|          2|    1|          2|
    |XX_R_5_we0            |   9|          2|    1|          2|
    |XX_R_6_address0       |   9|          2|    1|          2|
    |XX_R_6_ce0            |   9|          2|    1|          2|
    |XX_R_6_we0            |   9|          2|    1|          2|
    |XX_R_7_address0       |   9|          2|    1|          2|
    |XX_R_7_ce0            |   9|          2|    1|          2|
    |XX_R_7_we0            |   9|          2|    1|          2|
    |XX_R_8_address0       |   9|          2|    1|          2|
    |XX_R_8_ce0            |   9|          2|    1|          2|
    |XX_R_8_we0            |   9|          2|    1|          2|
    |XX_R_9_address0       |   9|          2|    1|          2|
    |XX_R_9_ce0            |   9|          2|    1|          2|
    |XX_R_9_we0            |   9|          2|    1|          2|
    |ap_NS_fsm             |  42|          8|    1|          8|
    |k_fu_266              |   9|          2|    6|         12|
    |out_imag_10_address0  |   9|          2|    1|          2|
    |out_imag_10_ce0       |   9|          2|    1|          2|
    |out_imag_11_address0  |   9|          2|    1|          2|
    |out_imag_11_ce0       |   9|          2|    1|          2|
    |out_imag_12_address0  |   9|          2|    1|          2|
    |out_imag_12_ce0       |   9|          2|    1|          2|
    |out_imag_13_address0  |   9|          2|    1|          2|
    |out_imag_13_ce0       |   9|          2|    1|          2|
    |out_imag_14_address0  |   9|          2|    1|          2|
    |out_imag_14_ce0       |   9|          2|    1|          2|
    |out_imag_15_address0  |   9|          2|    1|          2|
    |out_imag_15_ce0       |   9|          2|    1|          2|
    |out_imag_1_address0   |   9|          2|    1|          2|
    |out_imag_1_ce0        |   9|          2|    1|          2|
    |out_imag_2_address0   |   9|          2|    1|          2|
    |out_imag_2_ce0        |   9|          2|    1|          2|
    |out_imag_3_address0   |   9|          2|    1|          2|
    |out_imag_3_ce0        |   9|          2|    1|          2|
    |out_imag_4_address0   |   9|          2|    1|          2|
    |out_imag_4_ce0        |   9|          2|    1|          2|
    |out_imag_5_address0   |   9|          2|    1|          2|
    |out_imag_5_ce0        |   9|          2|    1|          2|
    |out_imag_6_address0   |   9|          2|    1|          2|
    |out_imag_6_ce0        |   9|          2|    1|          2|
    |out_imag_7_address0   |   9|          2|    1|          2|
    |out_imag_7_ce0        |   9|          2|    1|          2|
    |out_imag_8_address0   |   9|          2|    1|          2|
    |out_imag_8_ce0        |   9|          2|    1|          2|
    |out_imag_9_address0   |   9|          2|    1|          2|
    |out_imag_9_ce0        |   9|          2|    1|          2|
    |out_imag_address0     |   9|          2|    1|          2|
    |out_imag_ce0          |   9|          2|    1|          2|
    |out_real_10_address0  |   9|          2|    1|          2|
    |out_real_10_ce0       |   9|          2|    1|          2|
    |out_real_11_address0  |   9|          2|    1|          2|
    |out_real_11_ce0       |   9|          2|    1|          2|
    |out_real_12_address0  |   9|          2|    1|          2|
    |out_real_12_ce0       |   9|          2|    1|          2|
    |out_real_13_address0  |   9|          2|    1|          2|
    |out_real_13_ce0       |   9|          2|    1|          2|
    |out_real_14_address0  |   9|          2|    1|          2|
    |out_real_14_ce0       |   9|          2|    1|          2|
    |out_real_15_address0  |   9|          2|    1|          2|
    |out_real_15_ce0       |   9|          2|    1|          2|
    |out_real_1_address0   |   9|          2|    1|          2|
    |out_real_1_ce0        |   9|          2|    1|          2|
    |out_real_2_address0   |   9|          2|    1|          2|
    |out_real_2_ce0        |   9|          2|    1|          2|
    |out_real_3_address0   |   9|          2|    1|          2|
    |out_real_3_ce0        |   9|          2|    1|          2|
    |out_real_4_address0   |   9|          2|    1|          2|
    |out_real_4_ce0        |   9|          2|    1|          2|
    |out_real_5_address0   |   9|          2|    1|          2|
    |out_real_5_ce0        |   9|          2|    1|          2|
    |out_real_6_address0   |   9|          2|    1|          2|
    |out_real_6_ce0        |   9|          2|    1|          2|
    |out_real_7_address0   |   9|          2|    1|          2|
    |out_real_7_ce0        |   9|          2|    1|          2|
    |out_real_8_address0   |   9|          2|    1|          2|
    |out_real_8_ce0        |   9|          2|    1|          2|
    |out_real_9_address0   |   9|          2|    1|          2|
    |out_real_9_ce0        |   9|          2|    1|          2|
    |out_real_address0     |   9|          2|    1|          2|
    |out_real_ce0          |   9|          2|    1|          2|
    +----------------------+----+-----------+-----+-----------+
    |Total                 |1491|        330|  167|        340|
    +----------------------+----+-----------+-----+-----------+

    * Register: 
    +--------------------------------------------------+----+----+-----+-----------+
    |                       Name                       | FF | LUT| Bits| Const Bits|
    +--------------------------------------------------+----+----+-----+-----------+
    |add_ln23_reg_3881                                 |   6|   0|    6|          0|
    |ap_CS_fsm                                         |   7|   0|    7|          0|
    |empty_100_reg_3698                                |  32|   0|   32|          0|
    |empty_101_reg_3703                                |  32|   0|   32|          0|
    |empty_102_reg_3708                                |  32|   0|   32|          0|
    |empty_103_reg_3713                                |  32|   0|   32|          0|
    |empty_104_reg_3718                                |  32|   0|   32|          0|
    |empty_105_reg_3723                                |  32|   0|   32|          0|
    |empty_106_reg_3728                                |  32|   0|   32|          0|
    |empty_107_reg_3733                                |  32|   0|   32|          0|
    |empty_108_reg_3738                                |  32|   0|   32|          0|
    |empty_109_reg_3743                                |  32|   0|   32|          0|
    |empty_110_reg_3748                                |  32|   0|   32|          0|
    |empty_111_reg_3753                                |  32|   0|   32|          0|
    |empty_112_reg_3758                                |  32|   0|   32|          0|
    |empty_113_reg_3763                                |  32|   0|   32|          0|
    |empty_114_reg_3768                                |  32|   0|   32|          0|
    |empty_115_reg_3773                                |  32|   0|   32|          0|
    |empty_116_reg_3778                                |  32|   0|   32|          0|
    |empty_117_reg_3783                                |  32|   0|   32|          0|
    |empty_118_reg_3788                                |  32|   0|   32|          0|
    |empty_119_reg_3793                                |  32|   0|   32|          0|
    |empty_120_reg_3798                                |  32|   0|   32|          0|
    |empty_121_reg_3803                                |  32|   0|   32|          0|
    |empty_122_reg_3808                                |  32|   0|   32|          0|
    |empty_123_reg_3813                                |  32|   0|   32|          0|
    |empty_124_reg_3818                                |  32|   0|   32|          0|
    |empty_125_reg_3823                                |  32|   0|   32|          0|
    |empty_126_reg_3828                                |  32|   0|   32|          0|
    |empty_127_reg_3833                                |  32|   0|   32|          0|
    |empty_128_reg_3838                                |  32|   0|   32|          0|
    |empty_129_reg_3843                                |  32|   0|   32|          0|
    |empty_130_reg_3848                                |  32|   0|   32|          0|
    |empty_131_reg_3853                                |  32|   0|   32|          0|
    |empty_132_reg_3858                                |  32|   0|   32|          0|
    |empty_133_reg_3863                                |  32|   0|   32|          0|
    |empty_134_reg_3868                                |  32|   0|   32|          0|
    |empty_135_reg_3873                                |  32|   0|   32|          0|
    |empty_73_reg_3563                                 |  32|   0|   32|          0|
    |empty_74_reg_3568                                 |  32|   0|   32|          0|
    |empty_75_reg_3573                                 |  32|   0|   32|          0|
    |empty_76_reg_3578                                 |  32|   0|   32|          0|
    |empty_77_reg_3583                                 |  32|   0|   32|          0|
    |empty_78_reg_3588                                 |  32|   0|   32|          0|
    |empty_79_reg_3593                                 |  32|   0|   32|          0|
    |empty_80_reg_3598                                 |  32|   0|   32|          0|
    |empty_81_reg_3603                                 |  32|   0|   32|          0|
    |empty_82_reg_3608                                 |  32|   0|   32|          0|
    |empty_83_reg_3613                                 |  32|   0|   32|          0|
    |empty_84_reg_3618                                 |  32|   0|   32|          0|
    |empty_85_reg_3623                                 |  32|   0|   32|          0|
    |empty_86_reg_3628                                 |  32|   0|   32|          0|
    |empty_87_reg_3633                                 |  32|   0|   32|          0|
    |empty_88_reg_3638                                 |  32|   0|   32|          0|
    |empty_89_reg_3643                                 |  32|   0|   32|          0|
    |empty_90_reg_3648                                 |  32|   0|   32|          0|
    |empty_91_reg_3653                                 |  32|   0|   32|          0|
    |empty_92_reg_3658                                 |  32|   0|   32|          0|
    |empty_93_reg_3663                                 |  32|   0|   32|          0|
    |empty_94_reg_3668                                 |  32|   0|   32|          0|
    |empty_95_reg_3673                                 |  32|   0|   32|          0|
    |empty_96_reg_3678                                 |  32|   0|   32|          0|
    |empty_97_reg_3683                                 |  32|   0|   32|          0|
    |empty_98_reg_3688                                 |  32|   0|   32|          0|
    |empty_99_reg_3693                                 |  32|   0|   32|          0|
    |empty_reg_3558                                    |  32|   0|   32|          0|
    |grp_dft_Pipeline_loop_n_fu_2586_ap_start_reg      |   1|   0|    1|          0|
    |grp_dft_Pipeline_write_back_fu_2486_ap_start_reg  |   1|   0|    1|          0|
    |k_fu_266                                          |   6|   0|    6|          0|
    |p_ZL15cos_coeff_table_0_0_load_reg_4215           |  32|   0|   32|          0|
    |p_ZL15cos_coeff_table_0_1_load_reg_4375           |  32|   0|   32|          0|
    |p_ZL15cos_coeff_table_10_0_load_reg_4265          |  32|   0|   32|          0|
    |p_ZL15cos_coeff_table_10_1_load_reg_4425          |  32|   0|   32|          0|
    |p_ZL15cos_coeff_table_11_0_load_reg_4270          |  32|   0|   32|          0|
    |p_ZL15cos_coeff_table_11_1_load_reg_4430          |  32|   0|   32|          0|
    |p_ZL15cos_coeff_table_12_0_load_reg_4275          |  32|   0|   32|          0|
    |p_ZL15cos_coeff_table_12_1_load_reg_4435          |  32|   0|   32|          0|
    |p_ZL15cos_coeff_table_13_0_load_reg_4280          |  32|   0|   32|          0|
    |p_ZL15cos_coeff_table_13_1_load_reg_4440          |  32|   0|   32|          0|
    |p_ZL15cos_coeff_table_14_0_load_reg_4285          |  32|   0|   32|          0|
    |p_ZL15cos_coeff_table_14_1_load_reg_4445          |  32|   0|   32|          0|
    |p_ZL15cos_coeff_table_15_0_load_reg_4290          |  32|   0|   32|          0|
    |p_ZL15cos_coeff_table_15_1_load_reg_4450          |  32|   0|   32|          0|
    |p_ZL15cos_coeff_table_1_0_load_reg_4220           |  32|   0|   32|          0|
    |p_ZL15cos_coeff_table_1_1_load_reg_4380           |  32|   0|   32|          0|
    |p_ZL15cos_coeff_table_2_0_load_reg_4225           |  32|   0|   32|          0|
    |p_ZL15cos_coeff_table_2_1_load_reg_4385           |  32|   0|   32|          0|
    |p_ZL15cos_coeff_table_3_0_load_reg_4230           |  32|   0|   32|          0|
    |p_ZL15cos_coeff_table_3_1_load_reg_4390           |  32|   0|   32|          0|
    |p_ZL15cos_coeff_table_4_0_load_reg_4235           |  32|   0|   32|          0|
    |p_ZL15cos_coeff_table_4_1_load_reg_4395           |  32|   0|   32|          0|
    |p_ZL15cos_coeff_table_5_0_load_reg_4240           |  32|   0|   32|          0|
    |p_ZL15cos_coeff_table_5_1_load_reg_4400           |  32|   0|   32|          0|
    |p_ZL15cos_coeff_table_6_0_load_reg_4245           |  32|   0|   32|          0|
    |p_ZL15cos_coeff_table_6_1_load_reg_4405           |  32|   0|   32|          0|
    |p_ZL15cos_coeff_table_7_0_load_reg_4250           |  32|   0|   32|          0|
    |p_ZL15cos_coeff_table_7_1_load_reg_4410           |  32|   0|   32|          0|
    |p_ZL15cos_coeff_table_8_0_load_reg_4255           |  32|   0|   32|          0|
    |p_ZL15cos_coeff_table_8_1_load_reg_4415           |  32|   0|   32|          0|
    |p_ZL15cos_coeff_table_9_0_load_reg_4260           |  32|   0|   32|          0|
    |p_ZL15cos_coeff_table_9_1_load_reg_4420           |  32|   0|   32|          0|
    |p_ZL15sin_coeff_table_0_0_load_reg_4295           |  32|   0|   32|          0|
    |p_ZL15sin_coeff_table_0_1_load_reg_4455           |  32|   0|   32|          0|
    |p_ZL15sin_coeff_table_10_0_load_reg_4345          |  32|   0|   32|          0|
    |p_ZL15sin_coeff_table_10_1_load_reg_4505          |  32|   0|   32|          0|
    |p_ZL15sin_coeff_table_11_0_load_reg_4350          |  32|   0|   32|          0|
    |p_ZL15sin_coeff_table_11_1_load_reg_4510          |  32|   0|   32|          0|
    |p_ZL15sin_coeff_table_12_0_load_reg_4355          |  32|   0|   32|          0|
    |p_ZL15sin_coeff_table_12_1_load_reg_4515          |  32|   0|   32|          0|
    |p_ZL15sin_coeff_table_13_0_load_reg_4360          |  32|   0|   32|          0|
    |p_ZL15sin_coeff_table_13_1_load_reg_4520          |  32|   0|   32|          0|
    |p_ZL15sin_coeff_table_14_0_load_reg_4365          |  32|   0|   32|          0|
    |p_ZL15sin_coeff_table_14_1_load_reg_4525          |  32|   0|   32|          0|
    |p_ZL15sin_coeff_table_15_0_load_reg_4370          |  32|   0|   32|          0|
    |p_ZL15sin_coeff_table_15_1_load_reg_4530          |  32|   0|   32|          0|
    |p_ZL15sin_coeff_table_1_0_load_reg_4300           |  32|   0|   32|          0|
    |p_ZL15sin_coeff_table_1_1_load_reg_4460           |  32|   0|   32|          0|
    |p_ZL15sin_coeff_table_2_0_load_reg_4305           |  32|   0|   32|          0|
    |p_ZL15sin_coeff_table_2_1_load_reg_4465           |  32|   0|   32|          0|
    |p_ZL15sin_coeff_table_3_0_load_reg_4310           |  32|   0|   32|          0|
    |p_ZL15sin_coeff_table_3_1_load_reg_4470           |  32|   0|   32|          0|
    |p_ZL15sin_coeff_table_4_0_load_reg_4315           |  32|   0|   32|          0|
    |p_ZL15sin_coeff_table_4_1_load_reg_4475           |  32|   0|   32|          0|
    |p_ZL15sin_coeff_table_5_0_load_reg_4320           |  32|   0|   32|          0|
    |p_ZL15sin_coeff_table_5_1_load_reg_4480           |  32|   0|   32|          0|
    |p_ZL15sin_coeff_table_6_0_load_reg_4325           |  32|   0|   32|          0|
    |p_ZL15sin_coeff_table_6_1_load_reg_4485           |  32|   0|   32|          0|
    |p_ZL15sin_coeff_table_7_0_load_reg_4330           |  32|   0|   32|          0|
    |p_ZL15sin_coeff_table_7_1_load_reg_4490           |  32|   0|   32|          0|
    |p_ZL15sin_coeff_table_8_0_load_reg_4335           |  32|   0|   32|          0|
    |p_ZL15sin_coeff_table_8_1_load_reg_4495           |  32|   0|   32|          0|
    |p_ZL15sin_coeff_table_9_0_load_reg_4340           |  32|   0|   32|          0|
    |p_ZL15sin_coeff_table_9_1_load_reg_4500           |  32|   0|   32|          0|
    |trunc_ln1_reg_4211                                |   4|   0|    4|          0|
    |trunc_ln23_reg_3886                               |   1|   0|    1|          0|
    +--------------------------------------------------+----+----+-----+-----------+
    |Total                                             |4122|   0| 4122|          0|
    +--------------------------------------------------+----+----+-----+-----------+



================================================================
== Interface
================================================================
* Summary: 
+------------------+-----+-----+------------+--------------+--------------+
|     RTL Ports    | Dir | Bits|  Protocol  | Source Object|    C Type    |
+------------------+-----+-----+------------+--------------+--------------+
|ap_clk            |   in|    1|  ap_ctrl_hs|           dft|  return value|
|ap_rst            |   in|    1|  ap_ctrl_hs|           dft|  return value|
|ap_start          |   in|    1|  ap_ctrl_hs|           dft|  return value|
|ap_done           |  out|    1|  ap_ctrl_hs|           dft|  return value|
|ap_idle           |  out|    1|  ap_ctrl_hs|           dft|  return value|
|ap_ready          |  out|    1|  ap_ctrl_hs|           dft|  return value|
|XX_R_0_address0   |  out|    1|   ap_memory|        XX_R_0|         array|
|XX_R_0_ce0        |  out|    1|   ap_memory|        XX_R_0|         array|
|XX_R_0_we0        |  out|    1|   ap_memory|        XX_R_0|         array|
|XX_R_0_d0         |  out|   32|   ap_memory|        XX_R_0|         array|
|XX_R_0_q0         |   in|   32|   ap_memory|        XX_R_0|         array|
|XX_R_0_address1   |  out|    1|   ap_memory|        XX_R_0|         array|
|XX_R_0_ce1        |  out|    1|   ap_memory|        XX_R_0|         array|
|XX_R_0_q1         |   in|   32|   ap_memory|        XX_R_0|         array|
|XX_R_1_address0   |  out|    1|   ap_memory|        XX_R_1|         array|
|XX_R_1_ce0        |  out|    1|   ap_memory|        XX_R_1|         array|
|XX_R_1_we0        |  out|    1|   ap_memory|        XX_R_1|         array|
|XX_R_1_d0         |  out|   32|   ap_memory|        XX_R_1|         array|
|XX_R_1_q0         |   in|   32|   ap_memory|        XX_R_1|         array|
|XX_R_1_address1   |  out|    1|   ap_memory|        XX_R_1|         array|
|XX_R_1_ce1        |  out|    1|   ap_memory|        XX_R_1|         array|
|XX_R_1_q1         |   in|   32|   ap_memory|        XX_R_1|         array|
|XX_R_2_address0   |  out|    1|   ap_memory|        XX_R_2|         array|
|XX_R_2_ce0        |  out|    1|   ap_memory|        XX_R_2|         array|
|XX_R_2_we0        |  out|    1|   ap_memory|        XX_R_2|         array|
|XX_R_2_d0         |  out|   32|   ap_memory|        XX_R_2|         array|
|XX_R_2_q0         |   in|   32|   ap_memory|        XX_R_2|         array|
|XX_R_2_address1   |  out|    1|   ap_memory|        XX_R_2|         array|
|XX_R_2_ce1        |  out|    1|   ap_memory|        XX_R_2|         array|
|XX_R_2_q1         |   in|   32|   ap_memory|        XX_R_2|         array|
|XX_R_3_address0   |  out|    1|   ap_memory|        XX_R_3|         array|
|XX_R_3_ce0        |  out|    1|   ap_memory|        XX_R_3|         array|
|XX_R_3_we0        |  out|    1|   ap_memory|        XX_R_3|         array|
|XX_R_3_d0         |  out|   32|   ap_memory|        XX_R_3|         array|
|XX_R_3_q0         |   in|   32|   ap_memory|        XX_R_3|         array|
|XX_R_3_address1   |  out|    1|   ap_memory|        XX_R_3|         array|
|XX_R_3_ce1        |  out|    1|   ap_memory|        XX_R_3|         array|
|XX_R_3_q1         |   in|   32|   ap_memory|        XX_R_3|         array|
|XX_R_4_address0   |  out|    1|   ap_memory|        XX_R_4|         array|
|XX_R_4_ce0        |  out|    1|   ap_memory|        XX_R_4|         array|
|XX_R_4_we0        |  out|    1|   ap_memory|        XX_R_4|         array|
|XX_R_4_d0         |  out|   32|   ap_memory|        XX_R_4|         array|
|XX_R_4_q0         |   in|   32|   ap_memory|        XX_R_4|         array|
|XX_R_4_address1   |  out|    1|   ap_memory|        XX_R_4|         array|
|XX_R_4_ce1        |  out|    1|   ap_memory|        XX_R_4|         array|
|XX_R_4_q1         |   in|   32|   ap_memory|        XX_R_4|         array|
|XX_R_5_address0   |  out|    1|   ap_memory|        XX_R_5|         array|
|XX_R_5_ce0        |  out|    1|   ap_memory|        XX_R_5|         array|
|XX_R_5_we0        |  out|    1|   ap_memory|        XX_R_5|         array|
|XX_R_5_d0         |  out|   32|   ap_memory|        XX_R_5|         array|
|XX_R_5_q0         |   in|   32|   ap_memory|        XX_R_5|         array|
|XX_R_5_address1   |  out|    1|   ap_memory|        XX_R_5|         array|
|XX_R_5_ce1        |  out|    1|   ap_memory|        XX_R_5|         array|
|XX_R_5_q1         |   in|   32|   ap_memory|        XX_R_5|         array|
|XX_R_6_address0   |  out|    1|   ap_memory|        XX_R_6|         array|
|XX_R_6_ce0        |  out|    1|   ap_memory|        XX_R_6|         array|
|XX_R_6_we0        |  out|    1|   ap_memory|        XX_R_6|         array|
|XX_R_6_d0         |  out|   32|   ap_memory|        XX_R_6|         array|
|XX_R_6_q0         |   in|   32|   ap_memory|        XX_R_6|         array|
|XX_R_6_address1   |  out|    1|   ap_memory|        XX_R_6|         array|
|XX_R_6_ce1        |  out|    1|   ap_memory|        XX_R_6|         array|
|XX_R_6_q1         |   in|   32|   ap_memory|        XX_R_6|         array|
|XX_R_7_address0   |  out|    1|   ap_memory|        XX_R_7|         array|
|XX_R_7_ce0        |  out|    1|   ap_memory|        XX_R_7|         array|
|XX_R_7_we0        |  out|    1|   ap_memory|        XX_R_7|         array|
|XX_R_7_d0         |  out|   32|   ap_memory|        XX_R_7|         array|
|XX_R_7_q0         |   in|   32|   ap_memory|        XX_R_7|         array|
|XX_R_7_address1   |  out|    1|   ap_memory|        XX_R_7|         array|
|XX_R_7_ce1        |  out|    1|   ap_memory|        XX_R_7|         array|
|XX_R_7_q1         |   in|   32|   ap_memory|        XX_R_7|         array|
|XX_R_8_address0   |  out|    1|   ap_memory|        XX_R_8|         array|
|XX_R_8_ce0        |  out|    1|   ap_memory|        XX_R_8|         array|
|XX_R_8_we0        |  out|    1|   ap_memory|        XX_R_8|         array|
|XX_R_8_d0         |  out|   32|   ap_memory|        XX_R_8|         array|
|XX_R_8_q0         |   in|   32|   ap_memory|        XX_R_8|         array|
|XX_R_8_address1   |  out|    1|   ap_memory|        XX_R_8|         array|
|XX_R_8_ce1        |  out|    1|   ap_memory|        XX_R_8|         array|
|XX_R_8_q1         |   in|   32|   ap_memory|        XX_R_8|         array|
|XX_R_9_address0   |  out|    1|   ap_memory|        XX_R_9|         array|
|XX_R_9_ce0        |  out|    1|   ap_memory|        XX_R_9|         array|
|XX_R_9_we0        |  out|    1|   ap_memory|        XX_R_9|         array|
|XX_R_9_d0         |  out|   32|   ap_memory|        XX_R_9|         array|
|XX_R_9_q0         |   in|   32|   ap_memory|        XX_R_9|         array|
|XX_R_9_address1   |  out|    1|   ap_memory|        XX_R_9|         array|
|XX_R_9_ce1        |  out|    1|   ap_memory|        XX_R_9|         array|
|XX_R_9_q1         |   in|   32|   ap_memory|        XX_R_9|         array|
|XX_R_10_address0  |  out|    1|   ap_memory|       XX_R_10|         array|
|XX_R_10_ce0       |  out|    1|   ap_memory|       XX_R_10|         array|
|XX_R_10_we0       |  out|    1|   ap_memory|       XX_R_10|         array|
|XX_R_10_d0        |  out|   32|   ap_memory|       XX_R_10|         array|
|XX_R_10_q0        |   in|   32|   ap_memory|       XX_R_10|         array|
|XX_R_10_address1  |  out|    1|   ap_memory|       XX_R_10|         array|
|XX_R_10_ce1       |  out|    1|   ap_memory|       XX_R_10|         array|
|XX_R_10_q1        |   in|   32|   ap_memory|       XX_R_10|         array|
|XX_R_11_address0  |  out|    1|   ap_memory|       XX_R_11|         array|
|XX_R_11_ce0       |  out|    1|   ap_memory|       XX_R_11|         array|
|XX_R_11_we0       |  out|    1|   ap_memory|       XX_R_11|         array|
|XX_R_11_d0        |  out|   32|   ap_memory|       XX_R_11|         array|
|XX_R_11_q0        |   in|   32|   ap_memory|       XX_R_11|         array|
|XX_R_11_address1  |  out|    1|   ap_memory|       XX_R_11|         array|
|XX_R_11_ce1       |  out|    1|   ap_memory|       XX_R_11|         array|
|XX_R_11_q1        |   in|   32|   ap_memory|       XX_R_11|         array|
|XX_R_12_address0  |  out|    1|   ap_memory|       XX_R_12|         array|
|XX_R_12_ce0       |  out|    1|   ap_memory|       XX_R_12|         array|
|XX_R_12_we0       |  out|    1|   ap_memory|       XX_R_12|         array|
|XX_R_12_d0        |  out|   32|   ap_memory|       XX_R_12|         array|
|XX_R_12_q0        |   in|   32|   ap_memory|       XX_R_12|         array|
|XX_R_12_address1  |  out|    1|   ap_memory|       XX_R_12|         array|
|XX_R_12_ce1       |  out|    1|   ap_memory|       XX_R_12|         array|
|XX_R_12_q1        |   in|   32|   ap_memory|       XX_R_12|         array|
|XX_R_13_address0  |  out|    1|   ap_memory|       XX_R_13|         array|
|XX_R_13_ce0       |  out|    1|   ap_memory|       XX_R_13|         array|
|XX_R_13_we0       |  out|    1|   ap_memory|       XX_R_13|         array|
|XX_R_13_d0        |  out|   32|   ap_memory|       XX_R_13|         array|
|XX_R_13_q0        |   in|   32|   ap_memory|       XX_R_13|         array|
|XX_R_13_address1  |  out|    1|   ap_memory|       XX_R_13|         array|
|XX_R_13_ce1       |  out|    1|   ap_memory|       XX_R_13|         array|
|XX_R_13_q1        |   in|   32|   ap_memory|       XX_R_13|         array|
|XX_R_14_address0  |  out|    1|   ap_memory|       XX_R_14|         array|
|XX_R_14_ce0       |  out|    1|   ap_memory|       XX_R_14|         array|
|XX_R_14_we0       |  out|    1|   ap_memory|       XX_R_14|         array|
|XX_R_14_d0        |  out|   32|   ap_memory|       XX_R_14|         array|
|XX_R_14_q0        |   in|   32|   ap_memory|       XX_R_14|         array|
|XX_R_14_address1  |  out|    1|   ap_memory|       XX_R_14|         array|
|XX_R_14_ce1       |  out|    1|   ap_memory|       XX_R_14|         array|
|XX_R_14_q1        |   in|   32|   ap_memory|       XX_R_14|         array|
|XX_R_15_address0  |  out|    1|   ap_memory|       XX_R_15|         array|
|XX_R_15_ce0       |  out|    1|   ap_memory|       XX_R_15|         array|
|XX_R_15_we0       |  out|    1|   ap_memory|       XX_R_15|         array|
|XX_R_15_d0        |  out|   32|   ap_memory|       XX_R_15|         array|
|XX_R_15_q0        |   in|   32|   ap_memory|       XX_R_15|         array|
|XX_R_15_address1  |  out|    1|   ap_memory|       XX_R_15|         array|
|XX_R_15_ce1       |  out|    1|   ap_memory|       XX_R_15|         array|
|XX_R_15_q1        |   in|   32|   ap_memory|       XX_R_15|         array|
|XX_I_0_address0   |  out|    1|   ap_memory|        XX_I_0|         array|
|XX_I_0_ce0        |  out|    1|   ap_memory|        XX_I_0|         array|
|XX_I_0_we0        |  out|    1|   ap_memory|        XX_I_0|         array|
|XX_I_0_d0         |  out|   32|   ap_memory|        XX_I_0|         array|
|XX_I_0_q0         |   in|   32|   ap_memory|        XX_I_0|         array|
|XX_I_0_address1   |  out|    1|   ap_memory|        XX_I_0|         array|
|XX_I_0_ce1        |  out|    1|   ap_memory|        XX_I_0|         array|
|XX_I_0_q1         |   in|   32|   ap_memory|        XX_I_0|         array|
|XX_I_1_address0   |  out|    1|   ap_memory|        XX_I_1|         array|
|XX_I_1_ce0        |  out|    1|   ap_memory|        XX_I_1|         array|
|XX_I_1_we0        |  out|    1|   ap_memory|        XX_I_1|         array|
|XX_I_1_d0         |  out|   32|   ap_memory|        XX_I_1|         array|
|XX_I_1_q0         |   in|   32|   ap_memory|        XX_I_1|         array|
|XX_I_1_address1   |  out|    1|   ap_memory|        XX_I_1|         array|
|XX_I_1_ce1        |  out|    1|   ap_memory|        XX_I_1|         array|
|XX_I_1_q1         |   in|   32|   ap_memory|        XX_I_1|         array|
|XX_I_2_address0   |  out|    1|   ap_memory|        XX_I_2|         array|
|XX_I_2_ce0        |  out|    1|   ap_memory|        XX_I_2|         array|
|XX_I_2_we0        |  out|    1|   ap_memory|        XX_I_2|         array|
|XX_I_2_d0         |  out|   32|   ap_memory|        XX_I_2|         array|
|XX_I_2_q0         |   in|   32|   ap_memory|        XX_I_2|         array|
|XX_I_2_address1   |  out|    1|   ap_memory|        XX_I_2|         array|
|XX_I_2_ce1        |  out|    1|   ap_memory|        XX_I_2|         array|
|XX_I_2_q1         |   in|   32|   ap_memory|        XX_I_2|         array|
|XX_I_3_address0   |  out|    1|   ap_memory|        XX_I_3|         array|
|XX_I_3_ce0        |  out|    1|   ap_memory|        XX_I_3|         array|
|XX_I_3_we0        |  out|    1|   ap_memory|        XX_I_3|         array|
|XX_I_3_d0         |  out|   32|   ap_memory|        XX_I_3|         array|
|XX_I_3_q0         |   in|   32|   ap_memory|        XX_I_3|         array|
|XX_I_3_address1   |  out|    1|   ap_memory|        XX_I_3|         array|
|XX_I_3_ce1        |  out|    1|   ap_memory|        XX_I_3|         array|
|XX_I_3_q1         |   in|   32|   ap_memory|        XX_I_3|         array|
|XX_I_4_address0   |  out|    1|   ap_memory|        XX_I_4|         array|
|XX_I_4_ce0        |  out|    1|   ap_memory|        XX_I_4|         array|
|XX_I_4_we0        |  out|    1|   ap_memory|        XX_I_4|         array|
|XX_I_4_d0         |  out|   32|   ap_memory|        XX_I_4|         array|
|XX_I_4_q0         |   in|   32|   ap_memory|        XX_I_4|         array|
|XX_I_4_address1   |  out|    1|   ap_memory|        XX_I_4|         array|
|XX_I_4_ce1        |  out|    1|   ap_memory|        XX_I_4|         array|
|XX_I_4_q1         |   in|   32|   ap_memory|        XX_I_4|         array|
|XX_I_5_address0   |  out|    1|   ap_memory|        XX_I_5|         array|
|XX_I_5_ce0        |  out|    1|   ap_memory|        XX_I_5|         array|
|XX_I_5_we0        |  out|    1|   ap_memory|        XX_I_5|         array|
|XX_I_5_d0         |  out|   32|   ap_memory|        XX_I_5|         array|
|XX_I_5_q0         |   in|   32|   ap_memory|        XX_I_5|         array|
|XX_I_5_address1   |  out|    1|   ap_memory|        XX_I_5|         array|
|XX_I_5_ce1        |  out|    1|   ap_memory|        XX_I_5|         array|
|XX_I_5_q1         |   in|   32|   ap_memory|        XX_I_5|         array|
|XX_I_6_address0   |  out|    1|   ap_memory|        XX_I_6|         array|
|XX_I_6_ce0        |  out|    1|   ap_memory|        XX_I_6|         array|
|XX_I_6_we0        |  out|    1|   ap_memory|        XX_I_6|         array|
|XX_I_6_d0         |  out|   32|   ap_memory|        XX_I_6|         array|
|XX_I_6_q0         |   in|   32|   ap_memory|        XX_I_6|         array|
|XX_I_6_address1   |  out|    1|   ap_memory|        XX_I_6|         array|
|XX_I_6_ce1        |  out|    1|   ap_memory|        XX_I_6|         array|
|XX_I_6_q1         |   in|   32|   ap_memory|        XX_I_6|         array|
|XX_I_7_address0   |  out|    1|   ap_memory|        XX_I_7|         array|
|XX_I_7_ce0        |  out|    1|   ap_memory|        XX_I_7|         array|
|XX_I_7_we0        |  out|    1|   ap_memory|        XX_I_7|         array|
|XX_I_7_d0         |  out|   32|   ap_memory|        XX_I_7|         array|
|XX_I_7_q0         |   in|   32|   ap_memory|        XX_I_7|         array|
|XX_I_7_address1   |  out|    1|   ap_memory|        XX_I_7|         array|
|XX_I_7_ce1        |  out|    1|   ap_memory|        XX_I_7|         array|
|XX_I_7_q1         |   in|   32|   ap_memory|        XX_I_7|         array|
|XX_I_8_address0   |  out|    1|   ap_memory|        XX_I_8|         array|
|XX_I_8_ce0        |  out|    1|   ap_memory|        XX_I_8|         array|
|XX_I_8_we0        |  out|    1|   ap_memory|        XX_I_8|         array|
|XX_I_8_d0         |  out|   32|   ap_memory|        XX_I_8|         array|
|XX_I_8_q0         |   in|   32|   ap_memory|        XX_I_8|         array|
|XX_I_8_address1   |  out|    1|   ap_memory|        XX_I_8|         array|
|XX_I_8_ce1        |  out|    1|   ap_memory|        XX_I_8|         array|
|XX_I_8_q1         |   in|   32|   ap_memory|        XX_I_8|         array|
|XX_I_9_address0   |  out|    1|   ap_memory|        XX_I_9|         array|
|XX_I_9_ce0        |  out|    1|   ap_memory|        XX_I_9|         array|
|XX_I_9_we0        |  out|    1|   ap_memory|        XX_I_9|         array|
|XX_I_9_d0         |  out|   32|   ap_memory|        XX_I_9|         array|
|XX_I_9_q0         |   in|   32|   ap_memory|        XX_I_9|         array|
|XX_I_9_address1   |  out|    1|   ap_memory|        XX_I_9|         array|
|XX_I_9_ce1        |  out|    1|   ap_memory|        XX_I_9|         array|
|XX_I_9_q1         |   in|   32|   ap_memory|        XX_I_9|         array|
|XX_I_10_address0  |  out|    1|   ap_memory|       XX_I_10|         array|
|XX_I_10_ce0       |  out|    1|   ap_memory|       XX_I_10|         array|
|XX_I_10_we0       |  out|    1|   ap_memory|       XX_I_10|         array|
|XX_I_10_d0        |  out|   32|   ap_memory|       XX_I_10|         array|
|XX_I_10_q0        |   in|   32|   ap_memory|       XX_I_10|         array|
|XX_I_10_address1  |  out|    1|   ap_memory|       XX_I_10|         array|
|XX_I_10_ce1       |  out|    1|   ap_memory|       XX_I_10|         array|
|XX_I_10_q1        |   in|   32|   ap_memory|       XX_I_10|         array|
|XX_I_11_address0  |  out|    1|   ap_memory|       XX_I_11|         array|
|XX_I_11_ce0       |  out|    1|   ap_memory|       XX_I_11|         array|
|XX_I_11_we0       |  out|    1|   ap_memory|       XX_I_11|         array|
|XX_I_11_d0        |  out|   32|   ap_memory|       XX_I_11|         array|
|XX_I_11_q0        |   in|   32|   ap_memory|       XX_I_11|         array|
|XX_I_11_address1  |  out|    1|   ap_memory|       XX_I_11|         array|
|XX_I_11_ce1       |  out|    1|   ap_memory|       XX_I_11|         array|
|XX_I_11_q1        |   in|   32|   ap_memory|       XX_I_11|         array|
|XX_I_12_address0  |  out|    1|   ap_memory|       XX_I_12|         array|
|XX_I_12_ce0       |  out|    1|   ap_memory|       XX_I_12|         array|
|XX_I_12_we0       |  out|    1|   ap_memory|       XX_I_12|         array|
|XX_I_12_d0        |  out|   32|   ap_memory|       XX_I_12|         array|
|XX_I_12_q0        |   in|   32|   ap_memory|       XX_I_12|         array|
|XX_I_12_address1  |  out|    1|   ap_memory|       XX_I_12|         array|
|XX_I_12_ce1       |  out|    1|   ap_memory|       XX_I_12|         array|
|XX_I_12_q1        |   in|   32|   ap_memory|       XX_I_12|         array|
|XX_I_13_address0  |  out|    1|   ap_memory|       XX_I_13|         array|
|XX_I_13_ce0       |  out|    1|   ap_memory|       XX_I_13|         array|
|XX_I_13_we0       |  out|    1|   ap_memory|       XX_I_13|         array|
|XX_I_13_d0        |  out|   32|   ap_memory|       XX_I_13|         array|
|XX_I_13_q0        |   in|   32|   ap_memory|       XX_I_13|         array|
|XX_I_13_address1  |  out|    1|   ap_memory|       XX_I_13|         array|
|XX_I_13_ce1       |  out|    1|   ap_memory|       XX_I_13|         array|
|XX_I_13_q1        |   in|   32|   ap_memory|       XX_I_13|         array|
|XX_I_14_address0  |  out|    1|   ap_memory|       XX_I_14|         array|
|XX_I_14_ce0       |  out|    1|   ap_memory|       XX_I_14|         array|
|XX_I_14_we0       |  out|    1|   ap_memory|       XX_I_14|         array|
|XX_I_14_d0        |  out|   32|   ap_memory|       XX_I_14|         array|
|XX_I_14_q0        |   in|   32|   ap_memory|       XX_I_14|         array|
|XX_I_14_address1  |  out|    1|   ap_memory|       XX_I_14|         array|
|XX_I_14_ce1       |  out|    1|   ap_memory|       XX_I_14|         array|
|XX_I_14_q1        |   in|   32|   ap_memory|       XX_I_14|         array|
|XX_I_15_address0  |  out|    1|   ap_memory|       XX_I_15|         array|
|XX_I_15_ce0       |  out|    1|   ap_memory|       XX_I_15|         array|
|XX_I_15_we0       |  out|    1|   ap_memory|       XX_I_15|         array|
|XX_I_15_d0        |  out|   32|   ap_memory|       XX_I_15|         array|
|XX_I_15_q0        |   in|   32|   ap_memory|       XX_I_15|         array|
|XX_I_15_address1  |  out|    1|   ap_memory|       XX_I_15|         array|
|XX_I_15_ce1       |  out|    1|   ap_memory|       XX_I_15|         array|
|XX_I_15_q1        |   in|   32|   ap_memory|       XX_I_15|         array|
+------------------+-----+-----+------------+--------------+--------------+

