

================================================================
== Synthesis Summary Report of 'dft'
================================================================
+ General Information: 
    * Date:           Fri Nov  7 02:09:53 2025
    * Version:        2025.1 (Build 6135595 on May 21 2025)
    * Project:        dft.comp
    * Solution:       hls (Vivado IP Flow Target)
    * Product family: zynq
    * Target device:  xc7z020-clg400-1
    

+ Performance & Resource Estimates: 
    
    PS: '+' for module; 'o' for loop; '*' for dataflow
    +-----------------------------------+------+------+----------+-----------+----------+----------+------+----------+------+----------+-----------+------------+-----+
    |              Modules              | Issue|      |        Latency       | Iteration|          | Trip |          |      |          |           |            |     |
    |              & Loops              | Type | Slack| (cycles) |    (ns)   |  Latency | Interval | Count| Pipelined| BRAM |    DSP   |     FF    |     LUT    | URAM|
    +-----------------------------------+------+------+----------+-----------+----------+----------+------+----------+------+----------+-----------+------------+-----+
    |+ dft                              |     -|  0.04|  60828673|  6.083e+08|         -|  60828674|     -|        no|     -|  42 (19%)|  4808 (4%)|  8365 (15%)|    -|
    | o VITIS_LOOP_20_1                 |     -|  7.30|  60828672|  6.083e+08|     59403|         -|  1024|        no|     -|         -|          -|           -|    -|
    |  o VITIS_LOOP_25_2                |     -|  7.30|     59392|  5.939e+05|        58|         -|  1024|        no|     -|         -|          -|           -|    -|
    |   + sin_or_cos_float_s            |     -|  0.23|        28|    280.000|         -|        28|     -|        no|     -|   13 (5%)|  1640 (1%)|   2948 (5%)|    -|
    |    + sin_or_cos_float_Pipeline_1  |     -|  0.62|         4|     40.000|         -|         3|     -|    rewind|     -|         -|   68 (~0%)|   208 (~0%)|    -|
    |     o Loop 1                      |     -|  7.30|         2|     20.000|         1|         1|     2|       yes|     -|         -|          -|           -|    -|
    |    + sin_or_cos_float_Pipeline_2  |     -|  0.59|         4|     40.000|         -|         2|     -|    rewind|     -|         -|  133 (~0%)|   482 (~0%)|    -|
    |     o Loop 1                      |     -|  7.30|         2|     20.000|         2|         1|     2|       yes|     -|         -|          -|           -|    -|
    |   + sin_or_cos_float_s            |     -|  0.23|        28|    280.000|         -|        28|     -|        no|     -|   13 (5%)|  1640 (1%)|   2948 (5%)|    -|
    |    + sin_or_cos_float_Pipeline_1  |     -|  0.62|         4|     40.000|         -|         3|     -|    rewind|     -|         -|   68 (~0%)|   208 (~0%)|    -|
    |     o Loop 1                      |     -|  7.30|         2|     20.000|         1|         1|     2|       yes|     -|         -|          -|           -|    -|
    |    + sin_or_cos_float_Pipeline_2  |     -|  0.59|         4|     40.000|         -|         2|     -|    rewind|     -|         -|  133 (~0%)|   482 (~0%)|    -|
    |     o Loop 1                      |     -|  7.30|         2|     20.000|         2|         1|     2|       yes|     -|         -|          -|           -|    -|
    +-----------------------------------+------+------+----------+-----------+----------+----------+------+----------+------+----------+-----------+------------+-----+


================================================================
== HW Interfaces
================================================================
* AP_MEMORY
+----------------------+-----------+----------+
| Port                 | Direction | Bitwidth |
+----------------------+-----------+----------+
| imag_op_address0     | out       | 10       |
| imag_op_d0           | out       | 32       |
| imag_sample_address0 | out       | 10       |
| imag_sample_q0       | in        | 32       |
| real_op_address0     | out       | 10       |
| real_op_d0           | out       | 32       |
| real_sample_address0 | out       | 10       |
| real_sample_q0       | in        | 32       |
+----------------------+-----------+----------+

* TOP LEVEL CONTROL
+-----------+------------+-----------------------------------+
| Interface | Type       | Ports                             |
+-----------+------------+-----------------------------------+
| ap_clk    | clock      | ap_clk                            |
| ap_rst    | reset      | ap_rst                            |
| ap_ctrl   | ap_ctrl_hs | ap_done ap_idle ap_ready ap_start |
+-----------+------------+-----------------------------------+


================================================================
== SW I/O Information
================================================================
* Top Function Arguments
+-------------+-----------+----------+
| Argument    | Direction | Datatype |
+-------------+-----------+----------+
| real_sample | in        | float*   |
| imag_sample | in        | float*   |
| real_op     | out       | float*   |
| imag_op     | out       | float*   |
+-------------+-----------+----------+

* SW-to-HW Mapping
+-------------+----------------------+---------+----------+
| Argument    | HW Interface         | HW Type | HW Usage |
+-------------+----------------------+---------+----------+
| real_sample | real_sample_address0 | port    | offset   |
| real_sample | real_sample_ce0      | port    |          |
| real_sample | real_sample_q0       | port    |          |
| imag_sample | imag_sample_address0 | port    | offset   |
| imag_sample | imag_sample_ce0      | port    |          |
| imag_sample | imag_sample_q0       | port    |          |
| real_op     | real_op_address0     | port    | offset   |
| real_op     | real_op_ce0          | port    |          |
| real_op     | real_op_we0          | port    |          |
| real_op     | real_op_d0           | port    |          |
| imag_op     | imag_op_address0     | port    | offset   |
| imag_op     | imag_op_ce0          | port    |          |
| imag_op     | imag_op_we0          | port    |          |
| imag_op     | imag_op_d0           | port    |          |
+-------------+----------------------+---------+----------+


================================================================
== M_AXI Burst Information
================================================================
 Note: All burst requests might be further partitioned into multiple requests during RTL generation based on max_read_burst_length or max_write_burst_length settings.


================================================================
== Bind Op Report
================================================================
+--------------------------------------------------------------------------+-----+--------+----------------+-----------+--------------------------+---------+
| Name                                                                     | DSP | Pragma | Variable       | Op        | Impl                     | Latency |
+--------------------------------------------------------------------------+-----+--------+----------------+-----------+--------------------------+---------+
| + dft                                                                    | 42  |        |                |           |                          |         |
|   icmp_ln20_fu_239_p2                                                    |     |        | icmp_ln20      | seteq     | auto                     | 0       |
|   add_ln20_fu_245_p2                                                     |     |        | add_ln20       | add       | fabric                   | 0       |
|   sitofp_32ns_32_6_no_dsp_1_U42                                          |     |        | conv           | sitofp    | auto                     | 5       |
|   fmul_32ns_32ns_32_4_max_dsp_1_U38                                      | 3   |        | mul            | fmul      | maxdsp                   | 3       |
|   icmp_ln25_fu_263_p2                                                    |     |        | icmp_ln25      | seteq     | auto                     | 0       |
|   add_ln25_fu_269_p2                                                     |     |        | add_ln25       | add       | fabric                   | 0       |
|   sitofp_32ns_32_6_no_dsp_1_U42                                          |     |        | conv7          | sitofp    | auto                     | 5       |
|   fmul_32ns_32ns_32_4_max_dsp_1_U38                                      | 3   |        | mul8           | fmul      | maxdsp                   | 3       |
|   fmul_32ns_32ns_32_4_max_dsp_1_U38                                      | 3   |        | angle          | fmul      | maxdsp                   | 3       |
|   fmul_32ns_32ns_32_4_max_dsp_1_U38                                      | 3   |        | mul9           | fmul      | maxdsp                   | 3       |
|   fmul_32ns_32ns_32_4_max_dsp_1_U39                                      | 3   |        | mul1           | fmul      | maxdsp                   | 3       |
|   fadd_32ns_32ns_32_5_full_dsp_1_U36                                     | 2   |        | add            | fadd      | fulldsp                  | 4       |
|   fadd_32ns_32ns_32_5_full_dsp_1_U36                                     | 2   |        | sum_real_1     | fadd      | fulldsp                  | 4       |
|   fmul_32ns_32ns_32_4_max_dsp_1_U40                                      | 3   |        | mul2           | fmul      | maxdsp                   | 3       |
|   fmul_32ns_32ns_32_4_max_dsp_1_U41                                      | 3   |        | mul3           | fmul      | maxdsp                   | 3       |
|   faddfsub_32ns_32ns_32_5_full_dsp_1_U37                                 | 2   |        | sub            | fsub      | fulldsp                  | 4       |
|   faddfsub_32ns_32ns_32_5_full_dsp_1_U37                                 | 2   |        | sum_imag_1     | fsub      | fulldsp                  | 4       |
|  + sin_or_cos_float_s (grp_sin_or_cos_float_s_fu_156)                    | 13  |        |                |           |                          |         |
|    closepath_fu_349_p2                                                   |     |        | closepath      | setlt     | auto                     | 0       |
|    Ex_fu_472_p2                                                          |     |        | Ex             | add       | fabric                   | 0       |
|    select_ln453_fu_477_p3                                                |     |        | select_ln453   | select    | auto_sel                 | 0       |
|    add_ln376_fu_355_p2                                                   |     |        | add_ln376      | add       | fabric                   | 0       |
|    addr_fu_361_p3                                                        |     |        | addr           | select    | auto_sel                 | 0       |
|    shl_ln379_fu_391_p2                                                   |     |        | shl_ln379      | shl       | auto_pipe                | 0       |
|    mul_80s_24ns_80_5_1_U14                                               | 5   |        | h              | mul       | auto                     | 4       |
|    k_fu_442_p3                                                           |     |        | k              | select    | auto_sel                 | 0       |
|    Mx_bits_1_fu_452_p2                                                   |     |        | Mx_bits_1      | sub       | fabric                   | 0       |
|    Mx_bits_3_fu_457_p3                                                   |     |        | Mx_bits_3      | select    | auto_sel                 | 0       |
|    ctlz_30_30_1_1_U15                                                    |     |        | Mx_zeros       | ctlz      | auto                     | 0       |
|    shl_ln504_fu_503_p2                                                   |     |        | shl_ln504      | shl       | auto_pipe                | 0       |
|    Ex_1_fu_522_p2                                                        |     |        | Ex_1           | sub       | fabric                   | 0       |
|    sub_ln506_fu_536_p2                                                   |     |        | sub_ln506      | sub       | fabric                   | 0       |
|    select_ln506_fu_557_p3                                                |     |        | select_ln506   | select    | auto_sel                 | 0       |
|    lshr_ln506_fu_569_p2                                                  |     |        | lshr_ln506     | lshr      | auto_pipe                | 0       |
|    shl_ln506_fu_575_p2                                                   |     |        | shl_ln506      | shl       | auto_pipe                | 0       |
|    select_ln506_1_fu_581_p3                                              |     |        | select_ln506_1 | select    | auto_sel                 | 0       |
|    sparsemux_17_3_1_1_1_U16                                              |     |        | tmp_s          | sparsemux | compactencoding_dontcare | 0       |
|    xor_ln242_fu_651_p2                                                   |     |        | xor_ln242      | xor       | auto                     | 0       |
|    mul_15ns_15ns_30_1_1_U19                                              | 1   |        | mul_ln23       | mul       | auto                     | 0       |
|    sin_basis_fu_656_p3                                                   |     |        | sin_basis      | select    | auto_sel                 | 0       |
|    mul_23s_22ns_45_1_1_U12                                               | 2   |        | mul_ln29       | mul       | auto                     | 0       |
|    mul_15ns_15s_30_1_1_U20                                               | 1   |        | mul_ln30       | mul       | auto                     | 0       |
|    cos_basis_fu_677_p3                                                   |     |        | cos_basis      | select    | auto_sel                 | 0       |
|    Mx_2_fu_961_p3                                                        |     |        | Mx_2           | select    | auto_sel                 | 0       |
|    mul_30s_29ns_58_2_1_U13                                               | 4   |        | mul_ln32       | mul       | auto                     | 1       |
|    Ex_3_fu_1034_p3                                                       |     |        | Ex_3           | select    | auto_sel                 | 0       |
|    add_ln300_fu_1050_p2                                                  |     |        | add_ln300      | add       | fabric                   | 0       |
|    newexp_fu_1060_p2                                                     |     |        | newexp         | sub       | fabric                   | 0       |
|    icmp_ln306_fu_1029_p2                                                 |     |        | icmp_ln306     | seteq     | auto                     | 0       |
|    or_ln306_fu_1074_p2                                                   |     |        | or_ln306       | or        | auto                     | 0       |
|    sparsemux_33_4_1_1_1_U17                                              |     |        | tmp_5          | sparsemux | compactencoding_dontcare | 0       |
|    sparsemux_33_4_1_1_1_U18                                              |     |        | tmp_9          | sparsemux | compactencoding_dontcare | 0       |
|    results_sign_fu_834_p3                                                |     |        | results_sign   | select    | auto_sel                 | 0       |
|    icmp_ln271_fu_542_p2                                                  |     |        | icmp_ln271     | seteq     | auto                     | 0       |
|    icmp_ln271_1_fu_417_p2                                                |     |        | icmp_ln271_1   | seteq     | auto                     | 0       |
|    and_ln271_fu_547_p2                                                   |     |        | and_ln271      | and       | auto                     | 0       |
|    xor_ln278_fu_842_p2                                                   |     |        | xor_ln278      | xor       | auto                     | 0       |
|    results_sign_2_fu_848_p2                                              |     |        | results_sign_2 | and       | auto                     | 0       |
|    select_ln259_fu_1093_p3                                               |     |        | select_ln259   | select    | auto_sel                 | 0       |
|    icmp_ln282_fu_552_p2                                                  |     |        | icmp_ln282     | seteq     | auto                     | 0       |
|    xor_ln282_fu_853_p2                                                   |     |        | xor_ln282      | xor       | auto                     | 0       |
|    results_sign_4_fu_858_p2                                              |     |        | results_sign_4 | and       | auto                     | 0       |
|    select_ln282_fu_1100_p3                                               |     |        | select_ln282   | select    | auto_sel                 | 0       |
|    or_ln282_fu_1107_p2                                                   |     |        | or_ln282       | or        | auto                     | 0       |
|    results_exp_fu_1112_p3                                                |     |        | results_exp    | select    | auto_sel                 | 0       |
|    select_ln282_2_fu_1120_p3                                             |     |        | select_ln282_2 | select    | auto_sel                 | 0       |
|    results_sig_fu_1127_p3                                                |     |        | results_sig    | select    | auto_sel                 | 0       |
|    results_sign_3_fu_864_p3                                              |     |        | results_sign_3 | select    | auto_sel                 | 0       |
|    results_exp_1_fu_1135_p3                                              |     |        | results_exp_1  | select    | auto_sel                 | 0       |
|    results_sig_1_fu_1142_p3                                              |     |        | results_sig_1  | select    | auto_sel                 | 0       |
|   + sin_or_cos_float_Pipeline_1 (grp_sin_or_cos_float_Pipeline_1_fu_296) | 0   |        |                |           |                          |         |
|     icmp_ln282_fu_82_p2                                                  |     |        | icmp_ln282     | seteq     | auto                     | 0       |
|     add_ln282_fu_88_p2                                                   |     |        | add_ln282      | add       | fabric                   | 0       |
|     icmp_ln283_1_fu_100_p2                                               |     |        | icmp_ln283_1   | seteq     | auto                     | 0       |
|     tmp_4_fu_114_p1                                                      |     |        | x              | select    | auto_sel                 | 0       |
|     ctlz_32_32_1_1_U1                                                    |     |        | tmp_4          | ctlz      | auto                     | 0       |
|     icmp_ln283_fu_122_p2                                                 |     |        | icmp_ln283     | seteq     | auto                     | 0       |
|     c_3_fu_128_p3                                                        |     |        | c_3            | select    | auto_sel                 | 0       |
|     c_2_fu_136_p3                                                        |     |        | c_2            | select    | auto_sel                 | 0       |
|   + sin_or_cos_float_Pipeline_2 (grp_sin_or_cos_float_Pipeline_2_fu_304) | 0   |        |                |           |                          |         |
|     select_ln290_fu_106_p3                                               |     |        | select_ln290   | select    | auto_sel                 | 0       |
|     shift_3_fu_160_p2                                                    |     |        | shift_3        | add       | fabric                   | 0       |
|     sub_ln291_fu_122_p2                                                  |     |        | sub_ln291      | sub       | fabric                   | 0       |
|     select_ln291_fu_128_p3                                               |     |        | select_ln291   | select    | auto_sel                 | 0       |
|     lshr_ln291_fu_170_p2                                                 |     |        | lshr_ln291     | lshr      | auto_pipe                | 0       |
|     shl_ln291_fu_175_p2                                                  |     |        | shl_ln291      | shl       | auto_pipe                | 0       |
|     select_ln291_1_fu_180_p3                                             |     |        | select_ln291_1 | select    | auto_sel                 | 0       |
|     icmp_ln292_fu_136_p2                                                 |     |        | icmp_ln292     | seteq     | auto                     | 0       |
|     xor_ln289_fu_142_p2                                                  |     |        | xor_ln289      | xor       | auto                     | 0       |
|     and_ln292_fu_148_p2                                                  |     |        | and_ln292      | and       | auto                     | 0       |
|  + sin_or_cos_float_s (grp_sin_or_cos_float_s_fu_171)                    | 13  |        |                |           |                          |         |
|    closepath_fu_349_p2                                                   |     |        | closepath      | setlt     | auto                     | 0       |
|    Ex_fu_472_p2                                                          |     |        | Ex             | add       | fabric                   | 0       |
|    select_ln453_fu_477_p3                                                |     |        | select_ln453   | select    | auto_sel                 | 0       |
|    add_ln376_fu_355_p2                                                   |     |        | add_ln376      | add       | fabric                   | 0       |
|    addr_fu_361_p3                                                        |     |        | addr           | select    | auto_sel                 | 0       |
|    shl_ln379_fu_391_p2                                                   |     |        | shl_ln379      | shl       | auto_pipe                | 0       |
|    mul_80s_24ns_80_5_1_U14                                               | 5   |        | h              | mul       | auto                     | 4       |
|    k_fu_442_p3                                                           |     |        | k              | select    | auto_sel                 | 0       |
|    Mx_bits_1_fu_452_p2                                                   |     |        | Mx_bits_1      | sub       | fabric                   | 0       |
|    Mx_bits_3_fu_457_p3                                                   |     |        | Mx_bits_3      | select    | auto_sel                 | 0       |
|    ctlz_30_30_1_1_U15                                                    |     |        | Mx_zeros       | ctlz      | auto                     | 0       |
|    shl_ln504_fu_503_p2                                                   |     |        | shl_ln504      | shl       | auto_pipe                | 0       |
|    Ex_1_fu_522_p2                                                        |     |        | Ex_1           | sub       | fabric                   | 0       |
|    sub_ln506_fu_536_p2                                                   |     |        | sub_ln506      | sub       | fabric                   | 0       |
|    select_ln506_fu_557_p3                                                |     |        | select_ln506   | select    | auto_sel                 | 0       |
|    lshr_ln506_fu_569_p2                                                  |     |        | lshr_ln506     | lshr      | auto_pipe                | 0       |
|    shl_ln506_fu_575_p2                                                   |     |        | shl_ln506      | shl       | auto_pipe                | 0       |
|    select_ln506_1_fu_581_p3                                              |     |        | select_ln506_1 | select    | auto_sel                 | 0       |
|    sparsemux_17_3_1_1_1_U16                                              |     |        | tmp_s          | sparsemux | compactencoding_dontcare | 0       |
|    xor_ln242_fu_651_p2                                                   |     |        | xor_ln242      | xor       | auto                     | 0       |
|    mul_15ns_15ns_30_1_1_U19                                              | 1   |        | mul_ln23       | mul       | auto                     | 0       |
|    sin_basis_fu_656_p3                                                   |     |        | sin_basis      | select    | auto_sel                 | 0       |
|    mul_23s_22ns_45_1_1_U12                                               | 2   |        | mul_ln29       | mul       | auto                     | 0       |
|    mul_15ns_15s_30_1_1_U20                                               | 1   |        | mul_ln30       | mul       | auto                     | 0       |
|    cos_basis_fu_677_p3                                                   |     |        | cos_basis      | select    | auto_sel                 | 0       |
|    Mx_2_fu_961_p3                                                        |     |        | Mx_2           | select    | auto_sel                 | 0       |
|    mul_30s_29ns_58_2_1_U13                                               | 4   |        | mul_ln32       | mul       | auto                     | 1       |
|    Ex_3_fu_1034_p3                                                       |     |        | Ex_3           | select    | auto_sel                 | 0       |
|    add_ln300_fu_1050_p2                                                  |     |        | add_ln300      | add       | fabric                   | 0       |
|    newexp_fu_1060_p2                                                     |     |        | newexp         | sub       | fabric                   | 0       |
|    icmp_ln306_fu_1029_p2                                                 |     |        | icmp_ln306     | seteq     | auto                     | 0       |
|    or_ln306_fu_1074_p2                                                   |     |        | or_ln306       | or        | auto                     | 0       |
|    sparsemux_33_4_1_1_1_U17                                              |     |        | tmp_5          | sparsemux | compactencoding_dontcare | 0       |
|    sparsemux_33_4_1_1_1_U18                                              |     |        | tmp_9          | sparsemux | compactencoding_dontcare | 0       |
|    results_sign_fu_834_p3                                                |     |        | results_sign   | select    | auto_sel                 | 0       |
|    icmp_ln271_fu_542_p2                                                  |     |        | icmp_ln271     | seteq     | auto                     | 0       |
|    icmp_ln271_1_fu_417_p2                                                |     |        | icmp_ln271_1   | seteq     | auto                     | 0       |
|    and_ln271_fu_547_p2                                                   |     |        | and_ln271      | and       | auto                     | 0       |
|    xor_ln278_fu_842_p2                                                   |     |        | xor_ln278      | xor       | auto                     | 0       |
|    results_sign_2_fu_848_p2                                              |     |        | results_sign_2 | and       | auto                     | 0       |
|    select_ln259_fu_1093_p3                                               |     |        | select_ln259   | select    | auto_sel                 | 0       |
|    icmp_ln282_fu_552_p2                                                  |     |        | icmp_ln282     | seteq     | auto                     | 0       |
|    xor_ln282_fu_853_p2                                                   |     |        | xor_ln282      | xor       | auto                     | 0       |
|    results_sign_4_fu_858_p2                                              |     |        | results_sign_4 | and       | auto                     | 0       |
|    select_ln282_fu_1100_p3                                               |     |        | select_ln282   | select    | auto_sel                 | 0       |
|    or_ln282_fu_1107_p2                                                   |     |        | or_ln282       | or        | auto                     | 0       |
|    results_exp_fu_1112_p3                                                |     |        | results_exp    | select    | auto_sel                 | 0       |
|    select_ln282_2_fu_1120_p3                                             |     |        | select_ln282_2 | select    | auto_sel                 | 0       |
|    results_sig_fu_1127_p3                                                |     |        | results_sig    | select    | auto_sel                 | 0       |
|    results_sign_3_fu_864_p3                                              |     |        | results_sign_3 | select    | auto_sel                 | 0       |
|    results_exp_1_fu_1135_p3                                              |     |        | results_exp_1  | select    | auto_sel                 | 0       |
|    results_sig_1_fu_1142_p3                                              |     |        | results_sig_1  | select    | auto_sel                 | 0       |
|   + sin_or_cos_float_Pipeline_1 (grp_sin_or_cos_float_Pipeline_1_fu_296) | 0   |        |                |           |                          |         |
|     icmp_ln282_fu_82_p2                                                  |     |        | icmp_ln282     | seteq     | auto                     | 0       |
|     add_ln282_fu_88_p2                                                   |     |        | add_ln282      | add       | fabric                   | 0       |
|     icmp_ln283_1_fu_100_p2                                               |     |        | icmp_ln283_1   | seteq     | auto                     | 0       |
|     tmp_4_fu_114_p1                                                      |     |        | x              | select    | auto_sel                 | 0       |
|     ctlz_32_32_1_1_U1                                                    |     |        | tmp_4          | ctlz      | auto                     | 0       |
|     icmp_ln283_fu_122_p2                                                 |     |        | icmp_ln283     | seteq     | auto                     | 0       |
|     c_3_fu_128_p3                                                        |     |        | c_3            | select    | auto_sel                 | 0       |
|     c_2_fu_136_p3                                                        |     |        | c_2            | select    | auto_sel                 | 0       |
|   + sin_or_cos_float_Pipeline_2 (grp_sin_or_cos_float_Pipeline_2_fu_304) | 0   |        |                |           |                          |         |
|     select_ln290_fu_106_p3                                               |     |        | select_ln290   | select    | auto_sel                 | 0       |
|     shift_3_fu_160_p2                                                    |     |        | shift_3        | add       | fabric                   | 0       |
|     sub_ln291_fu_122_p2                                                  |     |        | sub_ln291      | sub       | fabric                   | 0       |
|     select_ln291_fu_128_p3                                               |     |        | select_ln291   | select    | auto_sel                 | 0       |
|     lshr_ln291_fu_170_p2                                                 |     |        | lshr_ln291     | lshr      | auto_pipe                | 0       |
|     shl_ln291_fu_175_p2                                                  |     |        | shl_ln291      | shl       | auto_pipe                | 0       |
|     select_ln291_1_fu_180_p3                                             |     |        | select_ln291_1 | select    | auto_sel                 | 0       |
|     icmp_ln292_fu_136_p2                                                 |     |        | icmp_ln292     | seteq     | auto                     | 0       |
|     xor_ln289_fu_142_p2                                                  |     |        | xor_ln289      | xor       | auto                     | 0       |
|     and_ln292_fu_148_p2                                                  |     |        | and_ln292      | and       | auto                     | 0       |
+--------------------------------------------------------------------------+-----+--------+----------------+-----------+--------------------------+---------+


================================================================
== Storage Report
================================================================
+-------------------------------------------------------+--------+------+------+------+--------+-------------------------------+--------+---------+------------------+
| Name                                                  | Usage  | Type | BRAM | URAM | Pragma | Variable                      | Impl   | Latency | Bitwidth, Depth, |
|                                                       |        |      |      |      |        |                               |        |         | Banks            |
+-------------------------------------------------------+--------+------+------+------+--------+-------------------------------+--------+---------+------------------+
| + dft                                                 |        |      | 0    | 0    |        |                               |        |         |                  |
|  + sin_or_cos_float_s (grp_sin_or_cos_float_s_fu_156) |        |      | 0    | 0    |        |                               |        |         |                  |
|    ref_4oPi_table_100_U                               | rom_1p |      |      |      | pragma | ref_4oPi_table_100            | lutram | 1       | 100, 13, 1       |
|    second_order_float_sin_cos_K0_U                    | rom_1p |      |      |      | pragma | second_order_float_sin_cos_K0 | lutram | 1       | 30, 256, 1       |
|    second_order_float_sin_cos_K1_U                    | rom_1p |      |      |      | pragma | second_order_float_sin_cos_K1 | lutram | 1       | 23, 256, 1       |
|    second_order_float_sin_cos_K2_U                    | rom_1p |      |      |      | pragma | second_order_float_sin_cos_K2 | lutram | 1       | 15, 256, 1       |
|  + sin_or_cos_float_s (grp_sin_or_cos_float_s_fu_171) |        |      | 0    | 0    |        |                               |        |         |                  |
|    ref_4oPi_table_100_U                               | rom_1p |      |      |      | pragma | ref_4oPi_table_100            | lutram | 1       | 100, 13, 1       |
|    second_order_float_sin_cos_K0_U                    | rom_1p |      |      |      | pragma | second_order_float_sin_cos_K0 | lutram | 1       | 30, 256, 1       |
|    second_order_float_sin_cos_K1_U                    | rom_1p |      |      |      | pragma | second_order_float_sin_cos_K1 | lutram | 1       | 23, 256, 1       |
|    second_order_float_sin_cos_K2_U                    | rom_1p |      |      |      | pragma | second_order_float_sin_cos_K2 | lutram | 1       | 15, 256, 1       |
+-------------------------------------------------------+--------+------+------+------+--------+-------------------------------+--------+---------+------------------+


================================================================
== Pragma Report
================================================================
  No pragmas found

