

================================================================
== Vitis HLS Report for 'dft'
================================================================
* Date:           Fri Nov  7 01:09:27 2025

* Version:        2024.2 (Build 5238294 on Nov  8 2024)
* Project:        dft
* Solution:       hls (Vivado IP Flow Target)
* Product family: zynq
* Target device:  xc7z020-clg400-1


================================================================
== Performance Estimates
================================================================
+ Timing: 
    * Summary: 
    +--------+----------+----------+------------+
    |  Clock |  Target  | Estimated| Uncertainty|
    +--------+----------+----------+------------+
    |ap_clk  |  10.00 ns|  8.844 ns|     2.70 ns|
    +--------+----------+----------+------------+

+ Latency: 
    * Summary: 
    +---------+---------+-----------+-----------+------+------+---------+
    |  Latency (cycles) |   Latency (absolute)  |   Interval  | Pipeline|
    |   min   |   max   |    min    |    max    |  min |  max |   Type  |
    +---------+---------+-----------+-----------+------+------+---------+
    |     4149|     4149|  41.490 us|  41.490 us|  4150|  4150|       no|
    +---------+---------+-----------+-----------+------+------+---------+

    + Detail: 
        * Instance: 
        +---------------------------------------+----------------------------+---------+---------+-----------+-----------+------+------+------------------------------------------------+
        |                                       |                            |  Latency (cycles) |   Latency (absolute)  |   Interval  |                    Pipeline                    |
        |                Instance               |           Module           |   min   |   max   |    min    |    max    |  min |  max |                      Type                      |
        +---------------------------------------+----------------------------+---------+---------+-----------+-----------+------+------+------------------------------------------------+
        |grp_dft_Pipeline_loop_k_loop_n_fu_920  |dft_Pipeline_loop_k_loop_n  |     4112|     4112|  41.120 us|  41.120 us|  4100|  4100|  loop auto-rewind stp (delay=0 clock cycles(s))|
        |grp_dft_Pipeline_write_back_fu_1180    |dft_Pipeline_write_back     |       34|       34|   0.340 us|   0.340 us|    33|    33|  loop auto-rewind stp (delay=0 clock cycles(s))|
        +---------------------------------------+----------------------------+---------+---------+-----------+-----------+------+------+------------------------------------------------+

        * Loop: 
        N/A



================================================================
== Utilization Estimates
================================================================
* Summary: 
+-----------------+---------+-----+--------+-------+-----+
|       Name      | BRAM_18K| DSP |   FF   |  LUT  | URAM|
+-----------------+---------+-----+--------+-------+-----+
|DSP              |        -|    -|       -|      -|    -|
|Expression       |        -|    -|       -|      -|    -|
|FIFO             |        -|    -|       -|      -|    -|
|Instance         |       64|    5|    5325|   4990|    -|
|Memory           |        -|    -|       -|      -|    -|
|Multiplexer      |        -|    -|       0|   1177|    -|
|Register         |        -|    -|    4102|      -|    -|
+-----------------+---------+-----+--------+-------+-----+
|Total            |       64|    5|    9427|   6167|    0|
+-----------------+---------+-----+--------+-------+-----+
|Available        |      280|  220|  106400|  53200|    0|
+-----------------+---------+-----+--------+-------+-----+
|Utilization (%)  |       22|    2|       8|     11|    0|
+-----------------+---------+-----+--------+-------+-----+

+ Detail: 
    * Instance: 
    +---------------------------------------+----------------------------+---------+----+------+------+-----+
    |                Instance               |           Module           | BRAM_18K| DSP|  FF  |  LUT | URAM|
    +---------------------------------------+----------------------------+---------+----+------+------+-----+
    |grp_dft_Pipeline_loop_k_loop_n_fu_920  |dft_Pipeline_loop_k_loop_n  |       64|   5|  5317|  4651|    0|
    |grp_dft_Pipeline_write_back_fu_1180    |dft_Pipeline_write_back     |        0|   0|     8|   339|    0|
    +---------------------------------------+----------------------------+---------+----+------+------+-----+
    |Total                                  |                            |       64|   5|  5325|  4990|    0|
    +---------------------------------------+----------------------------+---------+----+------+------+-----+

    * DSP: 
    N/A

    * Memory: 
    N/A

    * FIFO: 
    N/A

    * Expression: 
    N/A

    * Multiplexer: 
    +------------------+----+-----------+-----+-----------+
    |       Name       | LUT| Input Size| Bits| Total Bits|
    +------------------+----+-----------+-----+-----------+
    |XX_I_0_o          |   9|          2|   32|         64|
    |XX_I_0_o_ap_vld   |   9|          2|    1|          2|
    |XX_I_10_o         |   9|          2|   32|         64|
    |XX_I_10_o_ap_vld  |   9|          2|    1|          2|
    |XX_I_11_o         |   9|          2|   32|         64|
    |XX_I_11_o_ap_vld  |   9|          2|    1|          2|
    |XX_I_12_o         |   9|          2|   32|         64|
    |XX_I_12_o_ap_vld  |   9|          2|    1|          2|
    |XX_I_13_o         |   9|          2|   32|         64|
    |XX_I_13_o_ap_vld  |   9|          2|    1|          2|
    |XX_I_14_o         |   9|          2|   32|         64|
    |XX_I_14_o_ap_vld  |   9|          2|    1|          2|
    |XX_I_15_o         |   9|          2|   32|         64|
    |XX_I_15_o_ap_vld  |   9|          2|    1|          2|
    |XX_I_16_o         |   9|          2|   32|         64|
    |XX_I_16_o_ap_vld  |   9|          2|    1|          2|
    |XX_I_17_o         |   9|          2|   32|         64|
    |XX_I_17_o_ap_vld  |   9|          2|    1|          2|
    |XX_I_18_o         |   9|          2|   32|         64|
    |XX_I_18_o_ap_vld  |   9|          2|    1|          2|
    |XX_I_19_o         |   9|          2|   32|         64|
    |XX_I_19_o_ap_vld  |   9|          2|    1|          2|
    |XX_I_1_o          |   9|          2|   32|         64|
    |XX_I_1_o_ap_vld   |   9|          2|    1|          2|
    |XX_I_20_o         |   9|          2|   32|         64|
    |XX_I_20_o_ap_vld  |   9|          2|    1|          2|
    |XX_I_21_o         |   9|          2|   32|         64|
    |XX_I_21_o_ap_vld  |   9|          2|    1|          2|
    |XX_I_22_o         |   9|          2|   32|         64|
    |XX_I_22_o_ap_vld  |   9|          2|    1|          2|
    |XX_I_23_o         |   9|          2|   32|         64|
    |XX_I_23_o_ap_vld  |   9|          2|    1|          2|
    |XX_I_24_o         |   9|          2|   32|         64|
    |XX_I_24_o_ap_vld  |   9|          2|    1|          2|
    |XX_I_25_o         |   9|          2|   32|         64|
    |XX_I_25_o_ap_vld  |   9|          2|    1|          2|
    |XX_I_26_o         |   9|          2|   32|         64|
    |XX_I_26_o_ap_vld  |   9|          2|    1|          2|
    |XX_I_27_o         |   9|          2|   32|         64|
    |XX_I_27_o_ap_vld  |   9|          2|    1|          2|
    |XX_I_28_o         |   9|          2|   32|         64|
    |XX_I_28_o_ap_vld  |   9|          2|    1|          2|
    |XX_I_29_o         |   9|          2|   32|         64|
    |XX_I_29_o_ap_vld  |   9|          2|    1|          2|
    |XX_I_2_o          |   9|          2|   32|         64|
    |XX_I_2_o_ap_vld   |   9|          2|    1|          2|
    |XX_I_30_o         |   9|          2|   32|         64|
    |XX_I_30_o_ap_vld  |   9|          2|    1|          2|
    |XX_I_31_o         |   9|          2|   32|         64|
    |XX_I_31_o_ap_vld  |   9|          2|    1|          2|
    |XX_I_3_o          |   9|          2|   32|         64|
    |XX_I_3_o_ap_vld   |   9|          2|    1|          2|
    |XX_I_4_o          |   9|          2|   32|         64|
    |XX_I_4_o_ap_vld   |   9|          2|    1|          2|
    |XX_I_5_o          |   9|          2|   32|         64|
    |XX_I_5_o_ap_vld   |   9|          2|    1|          2|
    |XX_I_6_o          |   9|          2|   32|         64|
    |XX_I_6_o_ap_vld   |   9|          2|    1|          2|
    |XX_I_7_o          |   9|          2|   32|         64|
    |XX_I_7_o_ap_vld   |   9|          2|    1|          2|
    |XX_I_8_o          |   9|          2|   32|         64|
    |XX_I_8_o_ap_vld   |   9|          2|    1|          2|
    |XX_I_9_o          |   9|          2|   32|         64|
    |XX_I_9_o_ap_vld   |   9|          2|    1|          2|
    |XX_R_0_o          |   9|          2|   32|         64|
    |XX_R_0_o_ap_vld   |   9|          2|    1|          2|
    |XX_R_10_o         |   9|          2|   32|         64|
    |XX_R_10_o_ap_vld  |   9|          2|    1|          2|
    |XX_R_11_o         |   9|          2|   32|         64|
    |XX_R_11_o_ap_vld  |   9|          2|    1|          2|
    |XX_R_12_o         |   9|          2|   32|         64|
    |XX_R_12_o_ap_vld  |   9|          2|    1|          2|
    |XX_R_13_o         |   9|          2|   32|         64|
    |XX_R_13_o_ap_vld  |   9|          2|    1|          2|
    |XX_R_14_o         |   9|          2|   32|         64|
    |XX_R_14_o_ap_vld  |   9|          2|    1|          2|
    |XX_R_15_o         |   9|          2|   32|         64|
    |XX_R_15_o_ap_vld  |   9|          2|    1|          2|
    |XX_R_16_o         |   9|          2|   32|         64|
    |XX_R_16_o_ap_vld  |   9|          2|    1|          2|
    |XX_R_17_o         |   9|          2|   32|         64|
    |XX_R_17_o_ap_vld  |   9|          2|    1|          2|
    |XX_R_18_o         |   9|          2|   32|         64|
    |XX_R_18_o_ap_vld  |   9|          2|    1|          2|
    |XX_R_19_o         |   9|          2|   32|         64|
    |XX_R_19_o_ap_vld  |   9|          2|    1|          2|
    |XX_R_1_o          |   9|          2|   32|         64|
    |XX_R_1_o_ap_vld   |   9|          2|    1|          2|
    |XX_R_20_o         |   9|          2|   32|         64|
    |XX_R_20_o_ap_vld  |   9|          2|    1|          2|
    |XX_R_21_o         |   9|          2|   32|         64|
    |XX_R_21_o_ap_vld  |   9|          2|    1|          2|
    |XX_R_22_o         |   9|          2|   32|         64|
    |XX_R_22_o_ap_vld  |   9|          2|    1|          2|
    |XX_R_23_o         |   9|          2|   32|         64|
    |XX_R_23_o_ap_vld  |   9|          2|    1|          2|
    |XX_R_24_o         |   9|          2|   32|         64|
    |XX_R_24_o_ap_vld  |   9|          2|    1|          2|
    |XX_R_25_o         |   9|          2|   32|         64|
    |XX_R_25_o_ap_vld  |   9|          2|    1|          2|
    |XX_R_26_o         |   9|          2|   32|         64|
    |XX_R_26_o_ap_vld  |   9|          2|    1|          2|
    |XX_R_27_o         |   9|          2|   32|         64|
    |XX_R_27_o_ap_vld  |   9|          2|    1|          2|
    |XX_R_28_o         |   9|          2|   32|         64|
    |XX_R_28_o_ap_vld  |   9|          2|    1|          2|
    |XX_R_29_o         |   9|          2|   32|         64|
    |XX_R_29_o_ap_vld  |   9|          2|    1|          2|
    |XX_R_2_o          |   9|          2|   32|         64|
    |XX_R_2_o_ap_vld   |   9|          2|    1|          2|
    |XX_R_30_o         |   9|          2|   32|         64|
    |XX_R_30_o_ap_vld  |   9|          2|    1|          2|
    |XX_R_31_o         |   9|          2|   32|         64|
    |XX_R_31_o_ap_vld  |   9|          2|    1|          2|
    |XX_R_3_o          |   9|          2|   32|         64|
    |XX_R_3_o_ap_vld   |   9|          2|    1|          2|
    |XX_R_4_o          |   9|          2|   32|         64|
    |XX_R_4_o_ap_vld   |   9|          2|    1|          2|
    |XX_R_5_o          |   9|          2|   32|         64|
    |XX_R_5_o_ap_vld   |   9|          2|    1|          2|
    |XX_R_6_o          |   9|          2|   32|         64|
    |XX_R_6_o_ap_vld   |   9|          2|    1|          2|
    |XX_R_7_o          |   9|          2|   32|         64|
    |XX_R_7_o_ap_vld   |   9|          2|    1|          2|
    |XX_R_8_o          |   9|          2|   32|         64|
    |XX_R_8_o_ap_vld   |   9|          2|    1|          2|
    |XX_R_9_o          |   9|          2|   32|         64|
    |XX_R_9_o_ap_vld   |   9|          2|    1|          2|
    |ap_NS_fsm         |  25|          5|    1|          5|
    +------------------+----+-----------+-----+-----------+
    |Total             |1177|        261| 2113|       4229|
    +------------------+----+-----------+-----+-----------+

    * Register: 
    +----------------------------------------------------+----+----+-----+-----------+
    |                        Name                        | FF | LUT| Bits| Const Bits|
    +----------------------------------------------------+----+----+-----+-----------+
    |XX_I_0_o_reg                                        |  32|   0|   32|          0|
    |XX_I_10_o_reg                                       |  32|   0|   32|          0|
    |XX_I_11_o_reg                                       |  32|   0|   32|          0|
    |XX_I_12_o_reg                                       |  32|   0|   32|          0|
    |XX_I_13_o_reg                                       |  32|   0|   32|          0|
    |XX_I_14_o_reg                                       |  32|   0|   32|          0|
    |XX_I_15_o_reg                                       |  32|   0|   32|          0|
    |XX_I_16_o_reg                                       |  32|   0|   32|          0|
    |XX_I_17_o_reg                                       |  32|   0|   32|          0|
    |XX_I_18_o_reg                                       |  32|   0|   32|          0|
    |XX_I_19_o_reg                                       |  32|   0|   32|          0|
    |XX_I_1_o_reg                                        |  32|   0|   32|          0|
    |XX_I_20_o_reg                                       |  32|   0|   32|          0|
    |XX_I_21_o_reg                                       |  32|   0|   32|          0|
    |XX_I_22_o_reg                                       |  32|   0|   32|          0|
    |XX_I_23_o_reg                                       |  32|   0|   32|          0|
    |XX_I_24_o_reg                                       |  32|   0|   32|          0|
    |XX_I_25_o_reg                                       |  32|   0|   32|          0|
    |XX_I_26_o_reg                                       |  32|   0|   32|          0|
    |XX_I_27_o_reg                                       |  32|   0|   32|          0|
    |XX_I_28_o_reg                                       |  32|   0|   32|          0|
    |XX_I_29_o_reg                                       |  32|   0|   32|          0|
    |XX_I_2_o_reg                                        |  32|   0|   32|          0|
    |XX_I_30_o_reg                                       |  32|   0|   32|          0|
    |XX_I_31_o_reg                                       |  32|   0|   32|          0|
    |XX_I_3_o_reg                                        |  32|   0|   32|          0|
    |XX_I_4_o_reg                                        |  32|   0|   32|          0|
    |XX_I_5_o_reg                                        |  32|   0|   32|          0|
    |XX_I_6_o_reg                                        |  32|   0|   32|          0|
    |XX_I_7_o_reg                                        |  32|   0|   32|          0|
    |XX_I_8_o_reg                                        |  32|   0|   32|          0|
    |XX_I_9_o_reg                                        |  32|   0|   32|          0|
    |XX_R_0_o_reg                                        |  32|   0|   32|          0|
    |XX_R_10_o_reg                                       |  32|   0|   32|          0|
    |XX_R_11_o_reg                                       |  32|   0|   32|          0|
    |XX_R_12_o_reg                                       |  32|   0|   32|          0|
    |XX_R_13_o_reg                                       |  32|   0|   32|          0|
    |XX_R_14_o_reg                                       |  32|   0|   32|          0|
    |XX_R_15_o_reg                                       |  32|   0|   32|          0|
    |XX_R_16_o_reg                                       |  32|   0|   32|          0|
    |XX_R_17_o_reg                                       |  32|   0|   32|          0|
    |XX_R_18_o_reg                                       |  32|   0|   32|          0|
    |XX_R_19_o_reg                                       |  32|   0|   32|          0|
    |XX_R_1_o_reg                                        |  32|   0|   32|          0|
    |XX_R_20_o_reg                                       |  32|   0|   32|          0|
    |XX_R_21_o_reg                                       |  32|   0|   32|          0|
    |XX_R_22_o_reg                                       |  32|   0|   32|          0|
    |XX_R_23_o_reg                                       |  32|   0|   32|          0|
    |XX_R_24_o_reg                                       |  32|   0|   32|          0|
    |XX_R_25_o_reg                                       |  32|   0|   32|          0|
    |XX_R_26_o_reg                                       |  32|   0|   32|          0|
    |XX_R_27_o_reg                                       |  32|   0|   32|          0|
    |XX_R_28_o_reg                                       |  32|   0|   32|          0|
    |XX_R_29_o_reg                                       |  32|   0|   32|          0|
    |XX_R_2_o_reg                                        |  32|   0|   32|          0|
    |XX_R_30_o_reg                                       |  32|   0|   32|          0|
    |XX_R_31_o_reg                                       |  32|   0|   32|          0|
    |XX_R_3_o_reg                                        |  32|   0|   32|          0|
    |XX_R_4_o_reg                                        |  32|   0|   32|          0|
    |XX_R_5_o_reg                                        |  32|   0|   32|          0|
    |XX_R_6_o_reg                                        |  32|   0|   32|          0|
    |XX_R_7_o_reg                                        |  32|   0|   32|          0|
    |XX_R_8_o_reg                                        |  32|   0|   32|          0|
    |XX_R_9_o_reg                                        |  32|   0|   32|          0|
    |ap_CS_fsm                                           |   4|   0|    4|          0|
    |empty_100_reg_2496                                  |  32|   0|   32|          0|
    |empty_101_reg_2501                                  |  32|   0|   32|          0|
    |empty_102_reg_2506                                  |  32|   0|   32|          0|
    |empty_103_reg_2511                                  |  32|   0|   32|          0|
    |empty_104_reg_2516                                  |  32|   0|   32|          0|
    |empty_105_reg_2521                                  |  32|   0|   32|          0|
    |empty_106_reg_2526                                  |  32|   0|   32|          0|
    |empty_107_reg_2531                                  |  32|   0|   32|          0|
    |empty_108_reg_2536                                  |  32|   0|   32|          0|
    |empty_109_reg_2541                                  |  32|   0|   32|          0|
    |empty_110_reg_2546                                  |  32|   0|   32|          0|
    |empty_111_reg_2551                                  |  32|   0|   32|          0|
    |empty_112_reg_2556                                  |  32|   0|   32|          0|
    |empty_113_reg_2561                                  |  32|   0|   32|          0|
    |empty_114_reg_2566                                  |  32|   0|   32|          0|
    |empty_115_reg_2571                                  |  32|   0|   32|          0|
    |empty_116_reg_2576                                  |  32|   0|   32|          0|
    |empty_117_reg_2581                                  |  32|   0|   32|          0|
    |empty_118_reg_2586                                  |  32|   0|   32|          0|
    |empty_119_reg_2591                                  |  32|   0|   32|          0|
    |empty_120_reg_2596                                  |  32|   0|   32|          0|
    |empty_121_reg_2601                                  |  32|   0|   32|          0|
    |empty_122_reg_2606                                  |  32|   0|   32|          0|
    |empty_123_reg_2611                                  |  32|   0|   32|          0|
    |empty_124_reg_2616                                  |  32|   0|   32|          0|
    |empty_125_reg_2621                                  |  32|   0|   32|          0|
    |empty_126_reg_2626                                  |  32|   0|   32|          0|
    |empty_127_reg_2631                                  |  32|   0|   32|          0|
    |empty_128_reg_2636                                  |  32|   0|   32|          0|
    |empty_129_reg_2641                                  |  32|   0|   32|          0|
    |empty_130_reg_2646                                  |  32|   0|   32|          0|
    |empty_131_reg_2651                                  |  32|   0|   32|          0|
    |empty_69_reg_2341                                   |  32|   0|   32|          0|
    |empty_70_reg_2346                                   |  32|   0|   32|          0|
    |empty_71_reg_2351                                   |  32|   0|   32|          0|
    |empty_72_reg_2356                                   |  32|   0|   32|          0|
    |empty_73_reg_2361                                   |  32|   0|   32|          0|
    |empty_74_reg_2366                                   |  32|   0|   32|          0|
    |empty_75_reg_2371                                   |  32|   0|   32|          0|
    |empty_76_reg_2376                                   |  32|   0|   32|          0|
    |empty_77_reg_2381                                   |  32|   0|   32|          0|
    |empty_78_reg_2386                                   |  32|   0|   32|          0|
    |empty_79_reg_2391                                   |  32|   0|   32|          0|
    |empty_80_reg_2396                                   |  32|   0|   32|          0|
    |empty_81_reg_2401                                   |  32|   0|   32|          0|
    |empty_82_reg_2406                                   |  32|   0|   32|          0|
    |empty_83_reg_2411                                   |  32|   0|   32|          0|
    |empty_84_reg_2416                                   |  32|   0|   32|          0|
    |empty_85_reg_2421                                   |  32|   0|   32|          0|
    |empty_86_reg_2426                                   |  32|   0|   32|          0|
    |empty_87_reg_2431                                   |  32|   0|   32|          0|
    |empty_88_reg_2436                                   |  32|   0|   32|          0|
    |empty_89_reg_2441                                   |  32|   0|   32|          0|
    |empty_90_reg_2446                                   |  32|   0|   32|          0|
    |empty_91_reg_2451                                   |  32|   0|   32|          0|
    |empty_92_reg_2456                                   |  32|   0|   32|          0|
    |empty_93_reg_2461                                   |  32|   0|   32|          0|
    |empty_94_reg_2466                                   |  32|   0|   32|          0|
    |empty_95_reg_2471                                   |  32|   0|   32|          0|
    |empty_96_reg_2476                                   |  32|   0|   32|          0|
    |empty_97_reg_2481                                   |  32|   0|   32|          0|
    |empty_98_reg_2486                                   |  32|   0|   32|          0|
    |empty_99_reg_2491                                   |  32|   0|   32|          0|
    |empty_reg_2336                                      |  32|   0|   32|          0|
    |grp_dft_Pipeline_loop_k_loop_n_fu_920_ap_start_reg  |   1|   0|    1|          0|
    |grp_dft_Pipeline_write_back_fu_1180_ap_start_reg    |   1|   0|    1|          0|
    +----------------------------------------------------+----+----+-----+-----------+
    |Total                                               |4102|   0| 4102|          0|
    +----------------------------------------------------+----+----+-----+-----------+



================================================================
== Interface
================================================================
* Summary: 
+------------------+-----+-----+------------+--------------+--------------+
|     RTL Ports    | Dir | Bits|  Protocol  | Source Object|    C Type    |
+------------------+-----+-----+------------+--------------+--------------+
|ap_clk            |   in|    1|  ap_ctrl_hs|           dft|  return value|
|ap_rst            |   in|    1|  ap_ctrl_hs|           dft|  return value|
|ap_start          |   in|    1|  ap_ctrl_hs|           dft|  return value|
|ap_done           |  out|    1|  ap_ctrl_hs|           dft|  return value|
|ap_idle           |  out|    1|  ap_ctrl_hs|           dft|  return value|
|ap_ready          |  out|    1|  ap_ctrl_hs|           dft|  return value|
|XX_R_0_i          |   in|   32|     ap_ovld|        XX_R_0|       pointer|
|XX_R_0_o          |  out|   32|     ap_ovld|        XX_R_0|       pointer|
|XX_R_0_o_ap_vld   |  out|    1|     ap_ovld|        XX_R_0|       pointer|
|XX_R_1_i          |   in|   32|     ap_ovld|        XX_R_1|       pointer|
|XX_R_1_o          |  out|   32|     ap_ovld|        XX_R_1|       pointer|
|XX_R_1_o_ap_vld   |  out|    1|     ap_ovld|        XX_R_1|       pointer|
|XX_R_2_i          |   in|   32|     ap_ovld|        XX_R_2|       pointer|
|XX_R_2_o          |  out|   32|     ap_ovld|        XX_R_2|       pointer|
|XX_R_2_o_ap_vld   |  out|    1|     ap_ovld|        XX_R_2|       pointer|
|XX_R_3_i          |   in|   32|     ap_ovld|        XX_R_3|       pointer|
|XX_R_3_o          |  out|   32|     ap_ovld|        XX_R_3|       pointer|
|XX_R_3_o_ap_vld   |  out|    1|     ap_ovld|        XX_R_3|       pointer|
|XX_R_4_i          |   in|   32|     ap_ovld|        XX_R_4|       pointer|
|XX_R_4_o          |  out|   32|     ap_ovld|        XX_R_4|       pointer|
|XX_R_4_o_ap_vld   |  out|    1|     ap_ovld|        XX_R_4|       pointer|
|XX_R_5_i          |   in|   32|     ap_ovld|        XX_R_5|       pointer|
|XX_R_5_o          |  out|   32|     ap_ovld|        XX_R_5|       pointer|
|XX_R_5_o_ap_vld   |  out|    1|     ap_ovld|        XX_R_5|       pointer|
|XX_R_6_i          |   in|   32|     ap_ovld|        XX_R_6|       pointer|
|XX_R_6_o          |  out|   32|     ap_ovld|        XX_R_6|       pointer|
|XX_R_6_o_ap_vld   |  out|    1|     ap_ovld|        XX_R_6|       pointer|
|XX_R_7_i          |   in|   32|     ap_ovld|        XX_R_7|       pointer|
|XX_R_7_o          |  out|   32|     ap_ovld|        XX_R_7|       pointer|
|XX_R_7_o_ap_vld   |  out|    1|     ap_ovld|        XX_R_7|       pointer|
|XX_R_8_i          |   in|   32|     ap_ovld|        XX_R_8|       pointer|
|XX_R_8_o          |  out|   32|     ap_ovld|        XX_R_8|       pointer|
|XX_R_8_o_ap_vld   |  out|    1|     ap_ovld|        XX_R_8|       pointer|
|XX_R_9_i          |   in|   32|     ap_ovld|        XX_R_9|       pointer|
|XX_R_9_o          |  out|   32|     ap_ovld|        XX_R_9|       pointer|
|XX_R_9_o_ap_vld   |  out|    1|     ap_ovld|        XX_R_9|       pointer|
|XX_R_10_i         |   in|   32|     ap_ovld|       XX_R_10|       pointer|
|XX_R_10_o         |  out|   32|     ap_ovld|       XX_R_10|       pointer|
|XX_R_10_o_ap_vld  |  out|    1|     ap_ovld|       XX_R_10|       pointer|
|XX_R_11_i         |   in|   32|     ap_ovld|       XX_R_11|       pointer|
|XX_R_11_o         |  out|   32|     ap_ovld|       XX_R_11|       pointer|
|XX_R_11_o_ap_vld  |  out|    1|     ap_ovld|       XX_R_11|       pointer|
|XX_R_12_i         |   in|   32|     ap_ovld|       XX_R_12|       pointer|
|XX_R_12_o         |  out|   32|     ap_ovld|       XX_R_12|       pointer|
|XX_R_12_o_ap_vld  |  out|    1|     ap_ovld|       XX_R_12|       pointer|
|XX_R_13_i         |   in|   32|     ap_ovld|       XX_R_13|       pointer|
|XX_R_13_o         |  out|   32|     ap_ovld|       XX_R_13|       pointer|
|XX_R_13_o_ap_vld  |  out|    1|     ap_ovld|       XX_R_13|       pointer|
|XX_R_14_i         |   in|   32|     ap_ovld|       XX_R_14|       pointer|
|XX_R_14_o         |  out|   32|     ap_ovld|       XX_R_14|       pointer|
|XX_R_14_o_ap_vld  |  out|    1|     ap_ovld|       XX_R_14|       pointer|
|XX_R_15_i         |   in|   32|     ap_ovld|       XX_R_15|       pointer|
|XX_R_15_o         |  out|   32|     ap_ovld|       XX_R_15|       pointer|
|XX_R_15_o_ap_vld  |  out|    1|     ap_ovld|       XX_R_15|       pointer|
|XX_R_16_i         |   in|   32|     ap_ovld|       XX_R_16|       pointer|
|XX_R_16_o         |  out|   32|     ap_ovld|       XX_R_16|       pointer|
|XX_R_16_o_ap_vld  |  out|    1|     ap_ovld|       XX_R_16|       pointer|
|XX_R_17_i         |   in|   32|     ap_ovld|       XX_R_17|       pointer|
|XX_R_17_o         |  out|   32|     ap_ovld|       XX_R_17|       pointer|
|XX_R_17_o_ap_vld  |  out|    1|     ap_ovld|       XX_R_17|       pointer|
|XX_R_18_i         |   in|   32|     ap_ovld|       XX_R_18|       pointer|
|XX_R_18_o         |  out|   32|     ap_ovld|       XX_R_18|       pointer|
|XX_R_18_o_ap_vld  |  out|    1|     ap_ovld|       XX_R_18|       pointer|
|XX_R_19_i         |   in|   32|     ap_ovld|       XX_R_19|       pointer|
|XX_R_19_o         |  out|   32|     ap_ovld|       XX_R_19|       pointer|
|XX_R_19_o_ap_vld  |  out|    1|     ap_ovld|       XX_R_19|       pointer|
|XX_R_20_i         |   in|   32|     ap_ovld|       XX_R_20|       pointer|
|XX_R_20_o         |  out|   32|     ap_ovld|       XX_R_20|       pointer|
|XX_R_20_o_ap_vld  |  out|    1|     ap_ovld|       XX_R_20|       pointer|
|XX_R_21_i         |   in|   32|     ap_ovld|       XX_R_21|       pointer|
|XX_R_21_o         |  out|   32|     ap_ovld|       XX_R_21|       pointer|
|XX_R_21_o_ap_vld  |  out|    1|     ap_ovld|       XX_R_21|       pointer|
|XX_R_22_i         |   in|   32|     ap_ovld|       XX_R_22|       pointer|
|XX_R_22_o         |  out|   32|     ap_ovld|       XX_R_22|       pointer|
|XX_R_22_o_ap_vld  |  out|    1|     ap_ovld|       XX_R_22|       pointer|
|XX_R_23_i         |   in|   32|     ap_ovld|       XX_R_23|       pointer|
|XX_R_23_o         |  out|   32|     ap_ovld|       XX_R_23|       pointer|
|XX_R_23_o_ap_vld  |  out|    1|     ap_ovld|       XX_R_23|       pointer|
|XX_R_24_i         |   in|   32|     ap_ovld|       XX_R_24|       pointer|
|XX_R_24_o         |  out|   32|     ap_ovld|       XX_R_24|       pointer|
|XX_R_24_o_ap_vld  |  out|    1|     ap_ovld|       XX_R_24|       pointer|
|XX_R_25_i         |   in|   32|     ap_ovld|       XX_R_25|       pointer|
|XX_R_25_o         |  out|   32|     ap_ovld|       XX_R_25|       pointer|
|XX_R_25_o_ap_vld  |  out|    1|     ap_ovld|       XX_R_25|       pointer|
|XX_R_26_i         |   in|   32|     ap_ovld|       XX_R_26|       pointer|
|XX_R_26_o         |  out|   32|     ap_ovld|       XX_R_26|       pointer|
|XX_R_26_o_ap_vld  |  out|    1|     ap_ovld|       XX_R_26|       pointer|
|XX_R_27_i         |   in|   32|     ap_ovld|       XX_R_27|       pointer|
|XX_R_27_o         |  out|   32|     ap_ovld|       XX_R_27|       pointer|
|XX_R_27_o_ap_vld  |  out|    1|     ap_ovld|       XX_R_27|       pointer|
|XX_R_28_i         |   in|   32|     ap_ovld|       XX_R_28|       pointer|
|XX_R_28_o         |  out|   32|     ap_ovld|       XX_R_28|       pointer|
|XX_R_28_o_ap_vld  |  out|    1|     ap_ovld|       XX_R_28|       pointer|
|XX_R_29_i         |   in|   32|     ap_ovld|       XX_R_29|       pointer|
|XX_R_29_o         |  out|   32|     ap_ovld|       XX_R_29|       pointer|
|XX_R_29_o_ap_vld  |  out|    1|     ap_ovld|       XX_R_29|       pointer|
|XX_R_30_i         |   in|   32|     ap_ovld|       XX_R_30|       pointer|
|XX_R_30_o         |  out|   32|     ap_ovld|       XX_R_30|       pointer|
|XX_R_30_o_ap_vld  |  out|    1|     ap_ovld|       XX_R_30|       pointer|
|XX_R_31_i         |   in|   32|     ap_ovld|       XX_R_31|       pointer|
|XX_R_31_o         |  out|   32|     ap_ovld|       XX_R_31|       pointer|
|XX_R_31_o_ap_vld  |  out|    1|     ap_ovld|       XX_R_31|       pointer|
|XX_I_0_i          |   in|   32|     ap_ovld|        XX_I_0|       pointer|
|XX_I_0_o          |  out|   32|     ap_ovld|        XX_I_0|       pointer|
|XX_I_0_o_ap_vld   |  out|    1|     ap_ovld|        XX_I_0|       pointer|
|XX_I_1_i          |   in|   32|     ap_ovld|        XX_I_1|       pointer|
|XX_I_1_o          |  out|   32|     ap_ovld|        XX_I_1|       pointer|
|XX_I_1_o_ap_vld   |  out|    1|     ap_ovld|        XX_I_1|       pointer|
|XX_I_2_i          |   in|   32|     ap_ovld|        XX_I_2|       pointer|
|XX_I_2_o          |  out|   32|     ap_ovld|        XX_I_2|       pointer|
|XX_I_2_o_ap_vld   |  out|    1|     ap_ovld|        XX_I_2|       pointer|
|XX_I_3_i          |   in|   32|     ap_ovld|        XX_I_3|       pointer|
|XX_I_3_o          |  out|   32|     ap_ovld|        XX_I_3|       pointer|
|XX_I_3_o_ap_vld   |  out|    1|     ap_ovld|        XX_I_3|       pointer|
|XX_I_4_i          |   in|   32|     ap_ovld|        XX_I_4|       pointer|
|XX_I_4_o          |  out|   32|     ap_ovld|        XX_I_4|       pointer|
|XX_I_4_o_ap_vld   |  out|    1|     ap_ovld|        XX_I_4|       pointer|
|XX_I_5_i          |   in|   32|     ap_ovld|        XX_I_5|       pointer|
|XX_I_5_o          |  out|   32|     ap_ovld|        XX_I_5|       pointer|
|XX_I_5_o_ap_vld   |  out|    1|     ap_ovld|        XX_I_5|       pointer|
|XX_I_6_i          |   in|   32|     ap_ovld|        XX_I_6|       pointer|
|XX_I_6_o          |  out|   32|     ap_ovld|        XX_I_6|       pointer|
|XX_I_6_o_ap_vld   |  out|    1|     ap_ovld|        XX_I_6|       pointer|
|XX_I_7_i          |   in|   32|     ap_ovld|        XX_I_7|       pointer|
|XX_I_7_o          |  out|   32|     ap_ovld|        XX_I_7|       pointer|
|XX_I_7_o_ap_vld   |  out|    1|     ap_ovld|        XX_I_7|       pointer|
|XX_I_8_i          |   in|   32|     ap_ovld|        XX_I_8|       pointer|
|XX_I_8_o          |  out|   32|     ap_ovld|        XX_I_8|       pointer|
|XX_I_8_o_ap_vld   |  out|    1|     ap_ovld|        XX_I_8|       pointer|
|XX_I_9_i          |   in|   32|     ap_ovld|        XX_I_9|       pointer|
|XX_I_9_o          |  out|   32|     ap_ovld|        XX_I_9|       pointer|
|XX_I_9_o_ap_vld   |  out|    1|     ap_ovld|        XX_I_9|       pointer|
|XX_I_10_i         |   in|   32|     ap_ovld|       XX_I_10|       pointer|
|XX_I_10_o         |  out|   32|     ap_ovld|       XX_I_10|       pointer|
|XX_I_10_o_ap_vld  |  out|    1|     ap_ovld|       XX_I_10|       pointer|
|XX_I_11_i         |   in|   32|     ap_ovld|       XX_I_11|       pointer|
|XX_I_11_o         |  out|   32|     ap_ovld|       XX_I_11|       pointer|
|XX_I_11_o_ap_vld  |  out|    1|     ap_ovld|       XX_I_11|       pointer|
|XX_I_12_i         |   in|   32|     ap_ovld|       XX_I_12|       pointer|
|XX_I_12_o         |  out|   32|     ap_ovld|       XX_I_12|       pointer|
|XX_I_12_o_ap_vld  |  out|    1|     ap_ovld|       XX_I_12|       pointer|
|XX_I_13_i         |   in|   32|     ap_ovld|       XX_I_13|       pointer|
|XX_I_13_o         |  out|   32|     ap_ovld|       XX_I_13|       pointer|
|XX_I_13_o_ap_vld  |  out|    1|     ap_ovld|       XX_I_13|       pointer|
|XX_I_14_i         |   in|   32|     ap_ovld|       XX_I_14|       pointer|
|XX_I_14_o         |  out|   32|     ap_ovld|       XX_I_14|       pointer|
|XX_I_14_o_ap_vld  |  out|    1|     ap_ovld|       XX_I_14|       pointer|
|XX_I_15_i         |   in|   32|     ap_ovld|       XX_I_15|       pointer|
|XX_I_15_o         |  out|   32|     ap_ovld|       XX_I_15|       pointer|
|XX_I_15_o_ap_vld  |  out|    1|     ap_ovld|       XX_I_15|       pointer|
|XX_I_16_i         |   in|   32|     ap_ovld|       XX_I_16|       pointer|
|XX_I_16_o         |  out|   32|     ap_ovld|       XX_I_16|       pointer|
|XX_I_16_o_ap_vld  |  out|    1|     ap_ovld|       XX_I_16|       pointer|
|XX_I_17_i         |   in|   32|     ap_ovld|       XX_I_17|       pointer|
|XX_I_17_o         |  out|   32|     ap_ovld|       XX_I_17|       pointer|
|XX_I_17_o_ap_vld  |  out|    1|     ap_ovld|       XX_I_17|       pointer|
|XX_I_18_i         |   in|   32|     ap_ovld|       XX_I_18|       pointer|
|XX_I_18_o         |  out|   32|     ap_ovld|       XX_I_18|       pointer|
|XX_I_18_o_ap_vld  |  out|    1|     ap_ovld|       XX_I_18|       pointer|
|XX_I_19_i         |   in|   32|     ap_ovld|       XX_I_19|       pointer|
|XX_I_19_o         |  out|   32|     ap_ovld|       XX_I_19|       pointer|
|XX_I_19_o_ap_vld  |  out|    1|     ap_ovld|       XX_I_19|       pointer|
|XX_I_20_i         |   in|   32|     ap_ovld|       XX_I_20|       pointer|
|XX_I_20_o         |  out|   32|     ap_ovld|       XX_I_20|       pointer|
|XX_I_20_o_ap_vld  |  out|    1|     ap_ovld|       XX_I_20|       pointer|
|XX_I_21_i         |   in|   32|     ap_ovld|       XX_I_21|       pointer|
|XX_I_21_o         |  out|   32|     ap_ovld|       XX_I_21|       pointer|
|XX_I_21_o_ap_vld  |  out|    1|     ap_ovld|       XX_I_21|       pointer|
|XX_I_22_i         |   in|   32|     ap_ovld|       XX_I_22|       pointer|
|XX_I_22_o         |  out|   32|     ap_ovld|       XX_I_22|       pointer|
|XX_I_22_o_ap_vld  |  out|    1|     ap_ovld|       XX_I_22|       pointer|
|XX_I_23_i         |   in|   32|     ap_ovld|       XX_I_23|       pointer|
|XX_I_23_o         |  out|   32|     ap_ovld|       XX_I_23|       pointer|
|XX_I_23_o_ap_vld  |  out|    1|     ap_ovld|       XX_I_23|       pointer|
|XX_I_24_i         |   in|   32|     ap_ovld|       XX_I_24|       pointer|
|XX_I_24_o         |  out|   32|     ap_ovld|       XX_I_24|       pointer|
|XX_I_24_o_ap_vld  |  out|    1|     ap_ovld|       XX_I_24|       pointer|
|XX_I_25_i         |   in|   32|     ap_ovld|       XX_I_25|       pointer|
|XX_I_25_o         |  out|   32|     ap_ovld|       XX_I_25|       pointer|
|XX_I_25_o_ap_vld  |  out|    1|     ap_ovld|       XX_I_25|       pointer|
|XX_I_26_i         |   in|   32|     ap_ovld|       XX_I_26|       pointer|
|XX_I_26_o         |  out|   32|     ap_ovld|       XX_I_26|       pointer|
|XX_I_26_o_ap_vld  |  out|    1|     ap_ovld|       XX_I_26|       pointer|
|XX_I_27_i         |   in|   32|     ap_ovld|       XX_I_27|       pointer|
|XX_I_27_o         |  out|   32|     ap_ovld|       XX_I_27|       pointer|
|XX_I_27_o_ap_vld  |  out|    1|     ap_ovld|       XX_I_27|       pointer|
|XX_I_28_i         |   in|   32|     ap_ovld|       XX_I_28|       pointer|
|XX_I_28_o         |  out|   32|     ap_ovld|       XX_I_28|       pointer|
|XX_I_28_o_ap_vld  |  out|    1|     ap_ovld|       XX_I_28|       pointer|
|XX_I_29_i         |   in|   32|     ap_ovld|       XX_I_29|       pointer|
|XX_I_29_o         |  out|   32|     ap_ovld|       XX_I_29|       pointer|
|XX_I_29_o_ap_vld  |  out|    1|     ap_ovld|       XX_I_29|       pointer|
|XX_I_30_i         |   in|   32|     ap_ovld|       XX_I_30|       pointer|
|XX_I_30_o         |  out|   32|     ap_ovld|       XX_I_30|       pointer|
|XX_I_30_o_ap_vld  |  out|    1|     ap_ovld|       XX_I_30|       pointer|
|XX_I_31_i         |   in|   32|     ap_ovld|       XX_I_31|       pointer|
|XX_I_31_o         |  out|   32|     ap_ovld|       XX_I_31|       pointer|
|XX_I_31_o_ap_vld  |  out|    1|     ap_ovld|       XX_I_31|       pointer|
+------------------+-----+-----+------------+--------------+--------------+

