

================================================================
== Vitis HLS Report for 'dft'
================================================================
* Date:           Fri Nov  7 00:49:23 2025

* Version:        2024.2 (Build 5238294 on Nov  8 2024)
* Project:        dft
* Solution:       hls (Vivado IP Flow Target)
* Product family: zynq
* Target device:  xc7z020-clg400-1


================================================================
== Performance Estimates
================================================================
+ Timing: 
    * Summary: 
    +--------+----------+----------+------------+
    |  Clock |  Target  | Estimated| Uncertainty|
    +--------+----------+----------+------------+
    |ap_clk  |  10.00 ns|  8.844 ns|     2.70 ns|
    +--------+----------+----------+------------+

+ Latency: 
    * Summary: 
    +---------+---------+-----------+-----------+------+------+---------+
    |  Latency (cycles) |   Latency (absolute)  |   Interval  | Pipeline|
    |   min   |   max   |    min    |    max    |  min |  max |   Type  |
    +---------+---------+-----------+-----------+------+------+---------+
    |     4740|     4740|  47.400 us|  47.400 us|  4741|  4741|       no|
    +---------+---------+-----------+-----------+------+------+---------+

    + Detail: 
        * Instance: 
        +------------------------------------+-------------------------+---------+---------+----------+----------+-----+-----+------------------------------------------------+
        |                                    |                         |  Latency (cycles) |  Latency (absolute) |  Interval |                    Pipeline                    |
        |              Instance              |          Module         |   min   |   max   |    min   |    max   | min | max |                      Type                      |
        +------------------------------------+-------------------------+---------+---------+----------+----------+-----+-----+------------------------------------------------+
        |grp_dft_Pipeline_loop_n_fu_140      |dft_Pipeline_loop_n      |      144|      144|  1.440 us|  1.440 us|  132|  132|  loop auto-rewind stp (delay=0 clock cycles(s))|
        |grp_dft_Pipeline_write_back_fu_163  |dft_Pipeline_write_back  |       34|       34|  0.340 us|  0.340 us|   33|   33|  loop auto-rewind stp (delay=0 clock cycles(s))|
        +------------------------------------+-------------------------+---------+---------+----------+----------+-----+-----+------------------------------------------------+

        * Loop: 
        +----------+---------+---------+----------+-----------+-----------+------+----------+
        |          |  Latency (cycles) | Iteration|  Initiation Interval  | Trip |          |
        | Loop Name|   min   |   max   |  Latency |  achieved |   target  | Count| Pipelined|
        +----------+---------+---------+----------+-----------+-----------+------+----------+
        |- loop_k  |     4704|     4704|       147|          -|          -|    32|        no|
        +----------+---------+---------+----------+-----------+-----------+------+----------+



================================================================
== Utilization Estimates
================================================================
* Summary: 
+-----------------+---------+-----+--------+-------+-----+
|       Name      | BRAM_18K| DSP |   FF   |  LUT  | URAM|
+-----------------+---------+-----+--------+-------+-----+
|DSP              |        -|    -|       -|      -|    -|
|Expression       |        -|    -|       0|     38|    -|
|FIFO             |        -|    -|       -|      -|    -|
|Instance         |        4|    5|     895|   1276|    -|
|Memory           |        0|    -|     128|     32|    0|
|Multiplexer      |        -|    -|       0|    260|    -|
|Register         |        -|    -|      29|      -|    -|
+-----------------+---------+-----+--------+-------+-----+
|Total            |        4|    5|    1052|   1606|    0|
+-----------------+---------+-----+--------+-------+-----+
|Available        |      280|  220|  106400|  53200|    0|
+-----------------+---------+-----+--------+-------+-----+
|Utilization (%)  |        1|    2|      ~0|      3|    0|
+-----------------+---------+-----+--------+-------+-----+

+ Detail: 
    * Instance: 
    +------------------------------------+-------------------------+---------+----+-----+------+-----+
    |              Instance              |          Module         | BRAM_18K| DSP|  FF |  LUT | URAM|
    +------------------------------------+-------------------------+---------+----+-----+------+-----+
    |grp_dft_Pipeline_loop_n_fu_140      |dft_Pipeline_loop_n      |        4|   5|  881|  1146|    0|
    |grp_dft_Pipeline_write_back_fu_163  |dft_Pipeline_write_back  |        0|   0|   14|   130|    0|
    +------------------------------------+-------------------------+---------+----+-----+------+-----+
    |Total                               |                         |        4|   5|  895|  1276|    0|
    +------------------------------------+-------------------------+---------+----+-----+------+-----+

    * DSP: 
    N/A

    * Memory: 
    +--------------+------------------------+---------+----+----+-----+------+-----+------+-------------+
    |    Memory    |         Module         | BRAM_18K| FF | LUT| URAM| Words| Bits| Banks| W*Bits*Banks|
    +--------------+------------------------+---------+----+----+-----+------+-----+------+-------------+
    |out_real_U    |out_real_RAM_AUTO_1R1W  |        0|  32|   8|    0|    16|   32|     1|          512|
    |out_real_1_U  |out_real_RAM_AUTO_1R1W  |        0|  32|   8|    0|    16|   32|     1|          512|
    |out_imag_U    |out_real_RAM_AUTO_1R1W  |        0|  32|   8|    0|    16|   32|     1|          512|
    |out_imag_1_U  |out_real_RAM_AUTO_1R1W  |        0|  32|   8|    0|    16|   32|     1|          512|
    +--------------+------------------------+---------+----+----+-----+------+-----+------+-------------+
    |Total         |                        |        0| 128|  32|    0|    64|  128|     4|         2048|
    +--------------+------------------------+---------+----+----+-----+------+-----+------+-------------+

    * FIFO: 
    N/A

    * Expression: 
    +---------------------+----------+----+---+----+------------+------------+
    |    Variable Name    | Operation| DSP| FF| LUT| Bitwidth P0| Bitwidth P1|
    +---------------------+----------+----+---+----+------------+------------+
    |add_ln23_fu_193_p2   |         +|   0|  0|  14|           6|           1|
    |icmp_ln23_fu_187_p2  |      icmp|   0|  0|  14|           6|           7|
    |icmp_ln41_fu_218_p2  |      icmp|   0|  0|  10|           2|           1|
    +---------------------+----------+----+---+----+------------+------------+
    |Total                |          |   0|  0|  38|          14|           9|
    +---------------------+----------+----+---+----+------------+------------+

    * Multiplexer: 
    +---------------------+----+-----------+-----+-----------+
    |         Name        | LUT| Input Size| Bits| Total Bits|
    +---------------------+----+-----------+-----+-----------+
    |XX_I_0_address0      |  14|          3|    4|         12|
    |XX_I_0_ce0           |  14|          3|    1|          3|
    |XX_I_0_we0           |   9|          2|    1|          2|
    |XX_I_1_address0      |  14|          3|    4|         12|
    |XX_I_1_ce0           |  14|          3|    1|          3|
    |XX_I_1_we0           |   9|          2|    1|          2|
    |XX_R_0_address0      |  14|          3|    4|         12|
    |XX_R_0_ce0           |  14|          3|    1|          3|
    |XX_R_0_we0           |   9|          2|    1|          2|
    |XX_R_1_address0      |  14|          3|    4|         12|
    |XX_R_1_ce0           |  14|          3|    1|          3|
    |XX_R_1_we0           |   9|          2|    1|          2|
    |ap_NS_fsm            |  31|          6|    1|          6|
    |k_fu_64              |   9|          2|    6|         12|
    |out_imag_1_address0  |   9|          2|    4|          8|
    |out_imag_1_ce0       |   9|          2|    1|          2|
    |out_imag_address0    |   9|          2|    4|          8|
    |out_imag_ce0         |   9|          2|    1|          2|
    |out_real_1_address0  |   9|          2|    4|          8|
    |out_real_1_ce0       |   9|          2|    1|          2|
    |out_real_address0    |   9|          2|    4|          8|
    |out_real_ce0         |   9|          2|    1|          2|
    +---------------------+----+-----------+-----+-----------+
    |Total                | 260|         56|   51|        126|
    +---------------------+----+-----------+-----+-----------+

    * Register: 
    +-------------------------------------------------+---+----+-----+-----------+
    |                       Name                      | FF| LUT| Bits| Const Bits|
    +-------------------------------------------------+---+----+-----+-----------+
    |add_ln23_reg_267                                 |  6|   0|    6|          0|
    |ap_CS_fsm                                        |  5|   0|    5|          0|
    |grp_dft_Pipeline_loop_n_fu_140_ap_start_reg      |  1|   0|    1|          0|
    |grp_dft_Pipeline_write_back_fu_163_ap_start_reg  |  1|   0|    1|          0|
    |icmp_ln41_reg_282                                |  1|   0|    1|          0|
    |k_fu_64                                          |  6|   0|    6|          0|
    |trunc_ln23_1_reg_277                             |  4|   0|    4|          0|
    |trunc_ln23_reg_272                               |  5|   0|    5|          0|
    +-------------------------------------------------+---+----+-----+-----------+
    |Total                                            | 29|   0|   29|          0|
    +-------------------------------------------------+---+----+-----+-----------+



================================================================
== Interface
================================================================
* Summary: 
+-----------------+-----+-----+------------+--------------+--------------+
|    RTL Ports    | Dir | Bits|  Protocol  | Source Object|    C Type    |
+-----------------+-----+-----+------------+--------------+--------------+
|ap_clk           |   in|    1|  ap_ctrl_hs|           dft|  return value|
|ap_rst           |   in|    1|  ap_ctrl_hs|           dft|  return value|
|ap_start         |   in|    1|  ap_ctrl_hs|           dft|  return value|
|ap_done          |  out|    1|  ap_ctrl_hs|           dft|  return value|
|ap_idle          |  out|    1|  ap_ctrl_hs|           dft|  return value|
|ap_ready         |  out|    1|  ap_ctrl_hs|           dft|  return value|
|XX_R_0_address0  |  out|    4|   ap_memory|        XX_R_0|         array|
|XX_R_0_ce0       |  out|    1|   ap_memory|        XX_R_0|         array|
|XX_R_0_we0       |  out|    1|   ap_memory|        XX_R_0|         array|
|XX_R_0_d0        |  out|   32|   ap_memory|        XX_R_0|         array|
|XX_R_0_q0        |   in|   32|   ap_memory|        XX_R_0|         array|
|XX_R_1_address0  |  out|    4|   ap_memory|        XX_R_1|         array|
|XX_R_1_ce0       |  out|    1|   ap_memory|        XX_R_1|         array|
|XX_R_1_we0       |  out|    1|   ap_memory|        XX_R_1|         array|
|XX_R_1_d0        |  out|   32|   ap_memory|        XX_R_1|         array|
|XX_R_1_q0        |   in|   32|   ap_memory|        XX_R_1|         array|
|XX_I_0_address0  |  out|    4|   ap_memory|        XX_I_0|         array|
|XX_I_0_ce0       |  out|    1|   ap_memory|        XX_I_0|         array|
|XX_I_0_we0       |  out|    1|   ap_memory|        XX_I_0|         array|
|XX_I_0_d0        |  out|   32|   ap_memory|        XX_I_0|         array|
|XX_I_0_q0        |   in|   32|   ap_memory|        XX_I_0|         array|
|XX_I_1_address0  |  out|    4|   ap_memory|        XX_I_1|         array|
|XX_I_1_ce0       |  out|    1|   ap_memory|        XX_I_1|         array|
|XX_I_1_we0       |  out|    1|   ap_memory|        XX_I_1|         array|
|XX_I_1_d0        |  out|   32|   ap_memory|        XX_I_1|         array|
|XX_I_1_q0        |   in|   32|   ap_memory|        XX_I_1|         array|
+-----------------+-----+-----+------------+--------------+--------------+

